ARM Linker, 5.03 [Build 24] [MDK-ARM Standard]

==============================================================================

Section Cross References

    system_stm32f4xx.o(i.SystemCoreClockUpdate) refers to system_stm32f4xx.o(.data) for .data
    system_stm32f4xx.o(i.SystemInit) refers to system_stm32f4xx.o(i.SetSysClock) for SetSysClock
    main.o(i.main) refers to stm32f4_prioritycontrol.o(i.setSystemPriorityGroup) for setSystemPriorityGroup
    main.o(i.main) refers to stm32f4_systick.o(i.SysTick_DelayMs) for SysTick_DelayMs
    main.o(i.main) refers to stm32f4_gpioinit.o(i.STM32_GpioInit) for STM32_GpioInit
    main.o(i.main) refers to stm32f4xx_gpio.o(i.GPIO_ResetBits) for GPIO_ResetBits
    main.o(i.main) refers to stm32f4xx_gpio.o(i.GPIO_SetBits) for GPIO_SetBits
    main.o(i.main) refers to new.o(i._Znwj) for operator new(unsigned)
    main.o(i.main) refers to xbotapp.o(i._ZN7XbotAppC1Ev) for XbotApp::XbotApp()
    main.o(i.main) refers to xbotapp.o(i._ZN7XbotApp17openUserInterruptEv) for XbotApp::openUserInterrupt()
    main.o(i.main) refers to main.o(.data) for .data
    main.o(.ARM.exidx) refers to main.o(i.main) for i.main
    stm32_irq_fun.o(i.TIM2_IRQHandler) refers to timer.o(i._ZN5Timer11getITStatusEP11TIM_TypeDef) for Timer::getITStatus(TIM_TypeDef*)
    stm32_irq_fun.o(i.TIM2_IRQHandler) refers to timer.o(i._ZN5Timer17clearITPendingBitEP11TIM_TypeDef) for Timer::clearITPendingBit(TIM_TypeDef*)
    stm32_irq_fun.o(i.TIM2_IRQHandler) refers to timer.o(i._ZN5Timer4stopEP11TIM_TypeDef) for Timer::stop(TIM_TypeDef*)
    stm32_irq_fun.o(i.TIM2_IRQHandler) refers to xbotapp.o(i._ZN7XbotApp10runOnTime2Ev) for XbotApp::runOnTime2()
    stm32_irq_fun.o(i.TIM2_IRQHandler) refers to timer.o(i._ZN5Timer5startEP11TIM_TypeDef) for Timer::start(TIM_TypeDef*)
    stm32_irq_fun.o(i.TIM2_IRQHandler) refers to main.o(.data) for myApp
    stm32_irq_fun.o(i.TIM3_IRQHandler) refers to timer.o(i._ZN5Timer11getITStatusEP11TIM_TypeDef) for Timer::getITStatus(TIM_TypeDef*)
    stm32_irq_fun.o(i.TIM3_IRQHandler) refers to timer.o(i._ZN5Timer17clearITPendingBitEP11TIM_TypeDef) for Timer::clearITPendingBit(TIM_TypeDef*)
    stm32_irq_fun.o(i.TIM3_IRQHandler) refers to timer.o(i._ZN5Timer4stopEP11TIM_TypeDef) for Timer::stop(TIM_TypeDef*)
    stm32_irq_fun.o(i.TIM3_IRQHandler) refers to xbotapp.o(i._ZN7XbotApp10runOnTime3Ev) for XbotApp::runOnTime3()
    stm32_irq_fun.o(i.TIM3_IRQHandler) refers to timer.o(i._ZN5Timer5startEP11TIM_TypeDef) for Timer::start(TIM_TypeDef*)
    stm32_irq_fun.o(i.TIM3_IRQHandler) refers to main.o(.data) for myApp
    stm32_irq_fun.o(i.TIM4_IRQHandler) refers to timer.o(i._ZN5Timer11getITStatusEP11TIM_TypeDef) for Timer::getITStatus(TIM_TypeDef*)
    stm32_irq_fun.o(i.TIM4_IRQHandler) refers to timer.o(i._ZN5Timer17clearITPendingBitEP11TIM_TypeDef) for Timer::clearITPendingBit(TIM_TypeDef*)
    stm32_irq_fun.o(i.TIM4_IRQHandler) refers to timer.o(i._ZN5Timer4stopEP11TIM_TypeDef) for Timer::stop(TIM_TypeDef*)
    stm32_irq_fun.o(i.TIM4_IRQHandler) refers to xbotapp.o(i._ZN7XbotApp10runOnTime4Ev) for XbotApp::runOnTime4()
    stm32_irq_fun.o(i.TIM4_IRQHandler) refers to timer.o(i._ZN5Timer5startEP11TIM_TypeDef) for Timer::start(TIM_TypeDef*)
    stm32_irq_fun.o(i.TIM4_IRQHandler) refers to main.o(.data) for myApp
    stm32_irq_fun.o(.ARM.exidx) refers to stm32_irq_fun.o(i.TIM2_IRQHandler) for i.TIM2_IRQHandler
    stm32_irq_fun.o(.ARM.exidx) refers to stm32_irq_fun.o(i.TIM3_IRQHandler) for i.TIM3_IRQHandler
    stm32_irq_fun.o(.ARM.exidx) refers to stm32_irq_fun.o(i.TIM4_IRQHandler) for i.TIM4_IRQHandler
    xbotapp.o(i._ZN7XbotApp10runOnTime2Ev) refers to powercontrol.o(i._ZN12PowerControl13checkPowerKeyEv) for PowerControl::checkPowerKey()
    xbotapp.o(i._ZN7XbotApp10runOnTime2Ev) refers to xbotapp.o(i._ZN7XbotApp9resetSaveEv) for XbotApp::resetSave()
    xbotapp.o(i._ZN7XbotApp10runOnTime2Ev) refers to xbotapp.o(i._ZN7XbotApp13controlArmISOEv) for XbotApp::controlArmISO()
    xbotapp.o(i._ZN7XbotApp10runOnTime2Ev) refers to xbotapp.o(i._ZN7XbotApp12stopAllMoterEv) for XbotApp::stopAllMoter()
    xbotapp.o(i._ZN7XbotApp10runOnTime2Ev) refers to terminalcontrol.o(i._ZN15TerminalControl10reciveDataEv) for TerminalControl::reciveData()
    xbotapp.o(i._ZN7XbotApp10runOnTime2Ev) refers to xbotapp.o(i._ZN7XbotApp19disposeTerminalDataEv) for XbotApp::disposeTerminalData()
    xbotapp.o(i._ZN7XbotApp10runOnTime2Ev) refers to xbotapp.o(i._ZN7XbotApp22updateSendTerminalDataEv) for XbotApp::updateSendTerminalData()
    xbotapp.o(i._ZN7XbotApp10runOnTime2Ev) refers to xbotapp.o(i._ZN7XbotApp20updateSendDriverDataEv) for XbotApp::updateSendDriverData()
    xbotapp.o(i._ZN7XbotApp10runOnTime2Ev) refers to terminalcontrol.o(i._ZN15TerminalControl11sendcommandEv) for TerminalControl::sendcommand()
    xbotapp.o(i._ZN7XbotApp10runOnTime2Ev) refers to xbotapp.o(i._ZN7XbotApp15disposeArmsDataEv) for XbotApp::disposeArmsData()
[...]
    __rt_lib_shutdown_signal_1               0x08000213   Thumb Code     0  libshutdown2.o(.ARM.Collect$$libshutdown$$00000009)
    __rt_lib_shutdown_stdio_1                0x08000213   Thumb Code     0  libshutdown2.o(.ARM.Collect$$libshutdown$$00000003)
    __rt_lib_shutdown_user_alloc_1           0x08000213   Thumb Code     0  libshutdown2.o(.ARM.Collect$$libshutdown$$0000000B)
    __rt_entry                               0x08000215   Thumb Code     0  rtentry.o(.ARM.Collect$$rtentry$$00000000)
    __rt_entry_presh_1                       0x08000215   Thumb Code     0  rtentry2.o(.ARM.Collect$$rtentry$$00000002)
    __rt_entry_sh                            0x08000215   Thumb Code     0  rtentry4.o(.ARM.Collect$$rtentry$$00000004)
    __rt_entry_li                            0x0800021b   Thumb Code     0  rtentry2.o(.ARM.Collect$$rtentry$$0000000A)
    __rt_entry_postsh_1                      0x0800021b   Thumb Code     0  rtentry2.o(.ARM.Collect$$rtentry$$00000009)
    __rt_entry_main                          0x0800021f   Thumb Code     0  rtentry2.o(.ARM.Collect$$rtentry$$0000000D)
    __rt_entry_postli_1                      0x0800021f   Thumb Code     0  rtentry2.o(.ARM.Collect$$rtentry$$0000000C)
    __rt_exit                                0x08000227   Thumb Code     0  rtexit.o(.ARM.Collect$$rtexit$$00000000)
    __rt_exit_ls                             0x08000229   Thumb Code     0  rtexit2.o(.ARM.Collect$$rtexit$$00000003)
    __rt_exit_prels_1                        0x08000229   Thumb Code     0  rtexit2.o(.ARM.Collect$$rtexit$$00000002)
    __rt_exit_exit                           0x0800022d   Thumb Code     0  rtexit2.o(.ARM.Collect$$rtexit$$00000004)
    Reset_Handler                            0x08000235   Thumb Code     8  startup_stm32f4xx.o(.text)
    _maybe_terminate_alloc                   0x08000235   Thumb Code     0  maybetermalloc1.o(.emb_text)
    NMI_Handler                              0x0800023d   Thumb Code     2  startup_stm32f4xx.o(.text)
    HardFault_Handler                        0x0800023f   Thumb Code     2  startup_stm32f4xx.o(.text)
    MemManage_Handler                        0x08000241   Thumb Code     2  startup_stm32f4xx.o(.text)
    BusFault_Handler                         0x08000243   Thumb Code     2  startup_stm32f4xx.o(.text)
    UsageFault_Handler                       0x08000245   Thumb Code     2  startup_stm32f4xx.o(.text)
    SVC_Handler                              0x08000247   Thumb Code     2  startup_stm32f4xx.o(.text)
    DebugMon_Handler                         0x08000249   Thumb Code     2  startup_stm32f4xx.o(.text)
    PendSV_Handler                           0x0800024b   Thumb Code     2  startup_stm32f4xx.o(.text)
    SysTick_Handler                          0x0800024d   Thumb Code     2  startup_stm32f4xx.o(.text)
    ADC_IRQHandler                           0x0800024f   Thumb Code     0  startup_stm32f4xx.o(.text)
    CAN1_RX0_IRQHandler                      0x0800024f   Thumb Code     0  startup_stm32f4xx.o(.text)
    CAN1_RX1_IRQHandler                      0x0800024f   Thumb Code     0  startup_stm32f4xx.o(.text)
    CAN1_SCE_IRQHandler                      0x0800024f   Thumb Code     0  startup_stm32f4xx.o(.text)
    CAN1_TX_IRQHandler                       0x0800024f   Thumb Code     0  startup_stm32f4xx.o(.text)
    CAN2_RX0_IRQHandler                      0x0800024f   Thumb Code     0  startup_stm32f4xx.o(.text)
    CAN2_RX1_IRQHandler                      0x0800024f   Thumb Code     0  startup_stm32f4xx.o(.text)
    CAN2_SCE_IRQHandler                      0x0800024f   Thumb Code     0  startup_stm32f4xx.o(.text)
    CAN2_TX_IRQHandler                       0x0800024f   Thumb Code     0  startup_stm32f4xx.o(.text)
    CRYP_IRQHandler                          0x0800024f   Thumb Code     0  startup_stm32f4xx.o(.text)
    DCMI_IRQHandler                          0x0800024f   Thumb Code     0  startup_stm32f4xx.o(.text)
    DMA1_Stream0_IRQHandler                  0x0800024f   Thumb Code     0  startup_stm32f4xx.o(.text)
    DMA1_Stream1_IRQHandler                  0x0800024f   Thumb Code     0  startup_stm32f4xx.o(.text)
    DMA1_Stream2_IRQHandler                  0x0800024f   Thumb Code     0  startup_stm32f4xx.o(.text)
    DMA1_Stream3_IRQHandler                  0x0800024f   Thumb Code     0  startup_stm32f4xx.o(.text)
    DMA1_Stream4_IRQHandler                  0x0800024f   Thumb Code     0  startup_stm32f4xx.o(.text)
    DMA1_Stream5_IRQHandler                  0x0800024f   Thumb Code     0  startup_stm32f4xx.o(.text)
    DMA1_Stream6_IRQHandler                  0x0800024f   Thumb Code     0  startup_stm32f4xx.o(.text)
    DMA1_Stream7_IRQHandler                  0x0800024f   Thumb Code     0  startup_stm32f4xx.o(.text)
    DMA2_Stream0_IRQHandler                  0x0800024f   Thumb Code     0  startup_stm32f4xx.o(.text)
    DMA2_Stream1_IRQHandler                  0x0800024f   Thumb Code     0  startup_stm32f4xx.o(.text)
    DMA2_Stream2_IRQHandler                  0x0800024f   Thumb Code     0  startup_stm32f4xx.o(.text)
    DMA2_Stream3_IRQHandler                  0x0800024f   Thumb Code     0  startup_stm32f4xx.o(.text)
    DMA2_Stream4_IRQHandler                  0x0800024f   Thumb Code     0  startup_stm32f4xx.o(.text)
    DMA2_Stream5_IRQHandler                  0x0800024f   Thumb Code     0  startup_stm32f4xx.o(.text)
    DMA2_Stream6_IRQHandler                  0x0800024f   Thumb Code     0  startup_stm32f4xx.o(.text)
    DMA2_Stream7_IRQHandler                  0x0800024f   Thumb Code     0  startup_stm32f4xx.o(.text)
    ETH_IRQHandler                           0x0800024f   Thumb Code     0  startup_stm32f4xx.o(.text)
    ETH_WKUP_IRQHandler                      0x0800024f   Thumb Code     0  startup_stm32f4xx.o(.text)
    EXTI0_IRQHandler                         0x0800024f   Thumb Code     0  startup_stm32f4xx.o(.text)
    EXTI15_10_IRQHandler                     0x0800024f   Thumb Code     0  startup_stm32f4xx.o(.text)
    EXTI1_IRQHandler                         0x0800024f   Thumb Code     0  startup_stm32f4xx.o(.text)
    EXTI2_IRQHandler                         0x0800024f   Thumb Code     0  startup_stm32f4xx.o(.text)
    EXTI3_IRQHandler                         0x0800024f   Thumb Code     0  startup_stm32f4xx.o(.text)
    EXTI4_IRQHandler                         0x0800024f   Thumb Code     0  startup_stm32f4xx.o(.text)
    EXTI9_5_IRQHandler                       0x0800024f   Thumb Code     0  startup_stm32f4xx.o(.text)
    FLASH_IRQHandler                         0x0800024f   Thumb Code     0  startup_stm32f4xx.o(.text)
    FPU_IRQHandler                           0x0800024f   Thumb Code     0  startup_stm32f4xx.o(.text)
    FSMC_IRQHandler                          0x0800024f   Thumb Code     0  startup_stm32f4xx.o(.text)
    HASH_RNG_IRQHandler                      0x0800024f   Thumb Code     0  startup_stm32f4xx.o(.text)
    I2C1_ER_IRQHandler                       0x0800024f   Thumb Code     0  startup_stm32f4xx.o(.text)
    I2C1_EV_IRQHandler                       0x0800024f   Thumb Code     0  startup_stm32f4xx.o(.text)
    I2C2_ER_IRQHandler                       0x0800024f   Thumb Code     0  startup_stm32f4xx.o(.text)
    I2C2_EV_IRQHandler                       0x0800024f   Thumb Code     0  startup_stm32f4xx.o(.text)
    I2C3_ER_IRQHandler                       0x0800024f   Thumb Code     0  startup_stm32f4xx.o(.text)
    I2C3_EV_IRQHandler                       0x0800024f   Thumb Code     0  startup_stm32f4xx.o(.text)
    OTG_FS_IRQHandler                        0x0800024f   Thumb Code     0  startup_stm32f4xx.o(.text)
    OTG_FS_WKUP_IRQHandler                   0x0800024f   Thumb Code     0  startup_stm32f4xx.o(.text)
    OTG_HS_EP1_IN_IRQHandler                 0x0800024f   Thumb Code     0  startup_stm32f4xx.o(.text)
    OTG_HS_EP1_OUT_IRQHandler                0x0800024f   Thumb Code     0  startup_stm32f4xx.o(.text)
    OTG_HS_IRQHandler                        0x0800024f   Thumb Code     0  startup_stm32f4xx.o(.text)
    OTG_HS_WKUP_IRQHandler                   0x0800024f   Thumb Code     0  startup_stm32f4xx.o(.text)
    PVD_IRQHandler                           0x0800024f   Thumb Code     0  startup_stm32f4xx.o(.text)
    RCC_IRQHandler                           0x0800024f   Thumb Code     0  startup_stm32f4xx.o(.text)
    RTC_Alarm_IRQHandler                     0x0800024f   Thumb Code     0  startup_stm32f4xx.o(.text)
    RTC_WKUP_IRQHandler                      0x0800024f   Thumb Code     0  startup_stm32f4xx.o(.text)
    SDIO_IRQHandler                          0x0800024f   Thumb Code     0  startup_stm32f4xx.o(.text)
    SPI1_IRQHandler                          0x0800024f   Thumb Code     0  startup_stm32f4xx.o(.text)
    SPI2_IRQHandler                          0x0800024f   Thumb Code     0  startup_stm32f4xx.o(.text)
    SPI3_IRQHandler                          0x0800024f   Thumb Code     0  startup_stm32f4xx.o(.text)
    TAMP_STAMP_IRQHandler                    0x0800024f   Thumb Code     0  startup_stm32f4xx.o(.text)
    TIM1_BRK_TIM9_IRQHandler                 0x0800024f   Thumb Code     0  startup_stm32f4xx.o(.text)
    TIM1_CC_IRQHandler                       0x0800024f   Thumb Code     0  startup_stm32f4xx.o(.text)
    TIM1_TRG_COM_TIM11_IRQHandler            0x0800024f   Thumb Code     0  startup_stm32f4xx.o(.text)
    TIM1_UP_TIM10_IRQHandler                 0x0800024f   Thumb Code     0  startup_stm32f4xx.o(.text)
    TIM5_IRQHandler                          0x0800024f   Thumb Code     0  startup_stm32f4xx.o(.text)
    TIM6_DAC_IRQHandler                      0x0800024f   Thumb Code     0  startup_stm32f4xx.o(.text)
    TIM7_IRQHandler                          0x0800024f   Thumb Code     0  startup_stm32f4xx.o(.text)
    TIM8_BRK_TIM12_IRQHandler                0x0800024f   Thumb Code     0  startup_stm32f4xx.o(.text)
    TIM8_CC_IRQHandler                       0x0800024f   Thumb Code     0  startup_stm32f4xx.o(.text)
    TIM8_TRG_COM_TIM14_IRQHandler            0x0800024f   Thumb Code     0  startup_stm32f4xx.o(.text)
    TIM8_UP_TIM13_IRQHandler                 0x0800024f   Thumb Code     0  startup_stm32f4xx.o(.text)
    WWDG_IRQHandler                          0x0800024f   Thumb Code     0  startup_stm32f4xx.o(.text)
    __user_initial_stackheap                 0x08000251   Thumb Code     0  startup_stm32f4xx.o(.text)
    __aeabi_ldivmod                          0x08000275   Thumb Code     0  llsdiv.o(.text)
    _ll_sdiv                                 0x08000275   Thumb Code    72  llsdiv.o(.text)
    __aeabi_memclr4                          0x080002bd   Thumb Code     0  rt_memclr_w.o(.text)
    __aeabi_memclr8                          0x080002bd   Thumb Code     0  rt_memclr_w.o(.text)
    __rt_memclr_w                            0x080002bd   Thumb Code    78  rt_memclr_w.o(.text)
    _memset_w                                0x080002c1   Thumb Code     0  rt_memclr_w.o(.text)
    __use_two_region_memory                  0x0800030b   Thumb Code     2  heapauxi.o(.text)
    __rt_heap_escrow                         0x0800030d   Thumb Code     2  heapauxi.o(.text)
    __rt_heap_expand                         0x0800030f   Thumb Code     2  heapauxi.o(.text)
    __cpp_initialize__aeabi_                 0x08000311   Thumb Code    26  init_aeabi.o(.text)
    __rt_new_handler_addr                    0x08000335   Thumb Code     8  rt_new_handler_addr_intlibspace.o(.text)
    malloc                                   0x0800033d   Thumb Code    94  h1_alloc.o(.text)
    free                                     0x0800039b   Thumb Code    78  h1_free.o(.text)
    __aeabi_uldivmod                         0x080003e9   Thumb Code     0  lludivv7m.o(.text)
    _ll_udiv                                 0x080003e9   Thumb Code   238  lludivv7m.o(.text)
    __read_errno                             0x080004d7   Thumb Code    10  _rserrno.o(.text)
    __set_errno                              0x080004e1   Thumb Code    12  _rserrno.o(.text)
    __default_new_handler()                  0x080004ed   Thumb Code     4  arm_newhandler_noexceptions.o(.text)
    __user_libspace                          0x080004f1   Thumb Code     8  libspace.o(.text)
    __user_perproc_libspace                  0x080004f1   Thumb Code     0  libspace.o(.text)
    __user_perthread_libspace                0x080004f1   Thumb Code     0  libspace.o(.text)
    __rt_heap_descriptor                     0x080004f9   Thumb Code     8  rt_heap_descriptor_intlibspace.o(.text)
    __aeabi_errno_addr                       0x08000501   Thumb Code     8  rt_errno_addr_intlibspace.o(.text)
    __errno$intlibspace                      0x08000501   Thumb Code     0  rt_errno_addr_intlibspace.o(.text)
    __rt_errno_addr$intlibspace              0x08000501   Thumb Code     0  rt_errno_addr_intlibspace.o(.text)
    __use_no_heap                            0x08000509   Thumb Code     2  hguard.o(.text)
    __heap$guard                             0x0800050b   Thumb Code     2  hguard.o(.text)
    _terminate_user_alloc                    0x0800050d   Thumb Code     2  init_alloc.o(.text)
    _init_user_alloc                         0x0800050f   Thumb Code     2  init_alloc.o(.text)
    __Heap_Full                              0x08000511   Thumb Code    34  init_alloc.o(.text)
    __Heap_Broken                            0x08000533   Thumb Code     6  init_alloc.o(.text)
    _init_alloc                              0x08000539   Thumb Code    94  init_alloc.o(.text)
    __Heap_Initialize                        0x08000597   Thumb Code    10  h1_init.o(.text)
    __Heap_DescSize                          0x080005a1   Thumb Code     4  h1_init.o(.text)
    std::terminate()                         0x080005a5   Thumb Code    26  arm_exceptions_terminate.o(.text)
    __user_setup_stackheap                   0x080005bf   Thumb Code    74  sys_stackheap_outer.o(.text)
    __Heap_ProvideMemory                     0x08000609   Thumb Code    52  h1_extend.o(.text)
    exit                                     0x0800063d   Thumb Code    12  exit.o(.text)
    abort                                    0x08000649   Thumb Code    16  abort.o(.text)
    __rt_SIGRTMEM                            0x08000659   Thumb Code    14  defsig_rtmem_outer.o(.text)
    __cxa_get_globals                        0x0800066f   Thumb Code    62  arm_exceptions_globs.o(.text)
    _sys_exit                                0x080006b9   Thumb Code     8  sys_exit.o(.text)
    __I$use$semihosting                      0x080006c5   Thumb Code     0  use_no_semi.o(.text)
    __use_no_semihosting_swi                 0x080006c5   Thumb Code     2  use_no_semi.o(.text)
    __semihosting_library_function           0x080006c7   Thumb Code     0  indicate_semi.o(.text)
    __rt_eh_globals_addr                     0x080006c9   Thumb Code     8  rt_eh_globals_addr_intlibspace.o(.text)
    __sig_exit                               0x080006d1   Thumb Code    10  defsig_exit.o(.text)
    __rt_SIGABRT                             0x080006db   Thumb Code    14  defsig_abrt_outer.o(.text)
    __rt_SIGRTMEM_inner                      0x080006e9   Thumb Code    22  defsig_rtmem_inner.o(.text)
    __ARM_exceptions_buffer_init             0x08000739   Thumb Code    18  arm_exceptions_mem.o(.text)
    __ARM_exceptions_buffer_allocate         0x0800074b   Thumb Code    22  arm_exceptions_mem.o(.text)
    __ARM_exceptions_buffer_free             0x08000761   Thumb Code    20  arm_exceptions_mem.o(.text)
    __default_signal_display                 0x08000775   Thumb Code    50  defsig_general.o(.text)
    __rt_SIGABRT_inner                       0x080007a9   Thumb Code    14  defsig_abrt_inner.o(.text)
    _ttywrch                                 0x080007d9   Thumb Code    14  sys_wrch.o(.text)
    ADC_Cmd                                  0x080007e7   Thumb Code    20  stm32f4xx_adc.o(i.ADC_Cmd)
    ADC_CommonInit                           0x080007fd   Thumb Code    30  stm32f4xx_adc.o(i.ADC_CommonInit)
    ADC_DMACmd                               0x08000825   Thumb Code    20  stm32f4xx_adc.o(i.ADC_DMACmd)
    ADC_DMARequestAfterLastTransferCmd       0x08000839   Thumb Code    20  stm32f4xx_adc.o(i.ADC_DMARequestAfterLastTransferCmd)
    ADC_Init                                 0x0800084d   Thumb Code    66  stm32f4xx_adc.o(i.ADC_Init)
    ADC_RegularChannelConfig                 0x08000899   Thumb Code   116  stm32f4xx_adc.o(i.ADC_RegularChannelConfig)
    ADC_SoftwareStartConv                    0x0800090d   Thumb Code    10  stm32f4xx_adc.o(i.ADC_SoftwareStartConv)
    Adc1DmaChannelConfig                     0x08000919   Thumb Code    44  stm32_adc.o(i.Adc1DmaChannelConfig)
    Adc1DmaCominit                           0x08000949   Thumb Code    24  stm32_adc.o(i.Adc1DmaCominit)
    Adc1DmaConfig                            0x08000961   Thumb Code    78  stm32_adc.o(i.Adc1DmaConfig)
    Adc1DmaGpioConfig                        0x080009bd   Thumb Code    28  stm32_adc.o(i.Adc1DmaGpioConfig)
    Adc1DmaInit                              0x080009dd   Thumb Code    42  stm32_adc.o(i.Adc1DmaInit)
    Adc1DmaStrinit                           0x08000a0d   Thumb Code    38  stm32_adc.o(i.Adc1DmaStrinit)
    DMA_Cmd                                  0x08000a39   Thumb Code    20  stm32f4xx_dma.o(i.DMA_Cmd)
    DMA_Init                                 0x08000a4d   Thumb Code    80  stm32f4xx_dma.o(i.DMA_Init)
    FilteAdcVaule                            0x08000aa1   Thumb Code    34  stm32_adc.o(i.FilteAdcVaule)
    GPIO_Init                                0x08000acd   Thumb Code   162  stm32f4xx_gpio.o(i.GPIO_Init)
    GPIO_PinAFConfig                         0x08000b6f   Thumb Code    32  stm32f4xx_gpio.o(i.GPIO_PinAFConfig)
    GPIO_ReadInputDataBit                    0x08000b8f   Thumb Code    14  stm32f4xx_gpio.o(i.GPIO_ReadInputDataBit)
    GPIO_ReadOutputDataBit                   0x08000b9d   Thumb Code    14  stm32f4xx_gpio.o(i.GPIO_ReadOutputDataBit)
    GPIO_ResetBits                           0x08000bab   Thumb Code     4  stm32f4xx_gpio.o(i.GPIO_ResetBits)
    GPIO_SetBits                             0x08000baf   Thumb Code     4  stm32f4xx_gpio.o(i.GPIO_SetBits)
    GPIO_WriteBit                            0x08000bb3   Thumb Code    10  stm32f4xx_gpio.o(i.GPIO_WriteBit)
    NVIC_Init                                0x08000bbd   Thumb Code    92  misc.o(i.NVIC_Init)
    NVIC_PriorityGroupConfig                 0x08000c21   Thumb Code    10  misc.o(i.NVIC_PriorityGroupConfig)
    RCC_AHB1PeriphClockCmd                   0x08000c35   Thumb Code    18  stm32f4xx_rcc.o(i.RCC_AHB1PeriphClockCmd)
    RCC_APB1PeriphClockCmd                   0x08000c4d   Thumb Code    18  stm32f4xx_rcc.o(i.RCC_APB1PeriphClockCmd)
    RCC_APB2PeriphClockCmd                   0x08000c65   Thumb Code    18  stm32f4xx_rcc.o(i.RCC_APB2PeriphClockCmd)
    RCC_GetClocksFreq                        0x08000c7d   Thumb Code   132  stm32f4xx_rcc.o(i.RCC_GetClocksFreq)
    STM32_GpioInit                           0x08000d0d   Thumb Code   212  stm32f4_gpioinit.o(i.STM32_GpioInit)
    STM32_GpioOneInit                        0x08000ded   Thumb Code    24  stm32f4_gpioinit.o(i.STM32_GpioOneInit)
    STM32_InitUsart1                         0x08000e05   Thumb Code   182  stm32f4_usartinit.o(i.STM32_InitUsart1)
    STM32_InitUsart2                         0x08000ec9   Thumb Code   154  stm32f4_usartinit.o(i.STM32_InitUsart2)
    STM32_InitUsart3                         0x08000f71   Thumb Code   154  stm32f4_usartinit.o(i.STM32_InitUsart3)
    STM32_InitUsart4                         0x08001019   Thumb Code   154  stm32f4_usartinit.o(i.STM32_InitUsart4)
    STM32_InitUsart5                         0x080010c1   Thumb Code   166  stm32f4_usartinit.o(i.STM32_InitUsart5)
    STM32_InitUsart6                         0x08001179   Thumb Code   154  stm32f4_usartinit.o(i.STM32_InitUsart6)
    STM32_Usart_InitConfig                   0x08001221   Thumb Code    48  stm32f4_usartinit.o(i.STM32_Usart_InitConfig)
    STM32_Usart_InitNVIC                     0x08001251   Thumb Code    28  stm32f4_usartinit.o(i.STM32_Usart_InitNVIC)
    SysTick_DelayMs                          0x08001321   Thumb Code    18  stm32f4_systick.o(i.SysTick_DelayMs)
    SystemInit                               0x08001335   Thumb Code    74  system_stm32f4xx.o(i.SystemInit)
    TIM2_IRQHandler                          0x08001391   Thumb Code    48  stm32_irq_fun.o(i.TIM2_IRQHandler)
    TIM3_IRQHandler                          0x080013c5   Thumb Code    46  stm32_irq_fun.o(i.TIM3_IRQHandler)
    TIM4_IRQHandler                          0x080013fd   Thumb Code    46  stm32_irq_fun.o(i.TIM4_IRQHandler)
    TIM_ClearFlag                            0x08001435   Thumb Code     6  stm32f4xx_tim.o(i.TIM_ClearFlag)
    TIM_ClearITPendingBit                    0x0800143b   Thumb Code     6  stm32f4xx_tim.o(i.TIM_ClearITPendingBit)
    TIM_Cmd                                  0x08001441   Thumb Code    20  stm32f4xx_tim.o(i.TIM_Cmd)
    TIM_GetITStatus                          0x08001455   Thumb Code    24  stm32f4xx_tim.o(i.TIM_GetITStatus)
    TIM_ITConfig                             0x0800146d   Thumb Code    16  stm32f4xx_tim.o(i.TIM_ITConfig)
    TIM_TimeBaseInit                         0x0800147d   Thumb Code    96  stm32f4xx_tim.o(i.TIM_TimeBaseInit)
    UART4_IRQHandler                         0x080014f9   Thumb Code    98  stm32f4_usartirq.o(i.UART4_IRQHandler)
    UART5_IRQHandler                         0x08001569   Thumb Code    98  stm32f4_usartirq.o(i.UART5_IRQHandler)
    USART1_DataRegEmpty                      0x080015d9   Thumb Code    66  stm32f4_usartdriver.o(i.USART1_DataRegEmpty)
    USART1_IRQHandler                        0x08001621   Thumb Code    98  stm32f4_usartirq.o(i.USART1_IRQHandler)
    USART2_DataRegEmpty                      0x08001691   Thumb Code    66  stm32f4_usartdriver.o(i.USART2_DataRegEmpty)
    USART2_IRQHandler                        0x080016d9   Thumb Code    98  stm32f4_usartirq.o(i.USART2_IRQHandler)
    USART3_DataRegEmpty                      0x08001749   Thumb Code    68  stm32f4_usartdriver.o(i.USART3_DataRegEmpty)
    USART3_IRQHandler                        0x08001791   Thumb Code   100  stm32f4_usartirq.o(i.USART3_IRQHandler)
    USART4_DataRegEmpty                      0x08001801   Thumb Code    66  stm32f4_usartdriver.o(i.USART4_DataRegEmpty)
    USART5_DataRegEmpty                      0x08001849   Thumb Code    66  stm32f4_usartdriver.o(i.USART5_DataRegEmpty)
    USART6_DataRegEmpty                      0x08001891   Thumb Code    68  stm32f4_usartdriver.o(i.USART6_DataRegEmpty)
    USART6_IRQHandler                        0x080018d9   Thumb Code   100  stm32f4_usartirq.o(i.USART6_IRQHandler)
    USART_ClearITPendingBit                  0x08001949   Thumb Code    12  stm32f4xx_usart.o(i.USART_ClearITPendingBit)
    USART_Cmd                                0x08001955   Thumb Code    20  stm32f4xx_usart.o(i.USART_Cmd)
    USART_GetITStatus                        0x08001969   Thumb Code    62  stm32f4xx_usart.o(i.USART_GetITStatus)
    USART_ITConfig                           0x080019a7   Thumb Code    48  stm32f4xx_usart.o(i.USART_ITConfig)
    USART_Init                               0x080019d9   Thumb Code   174  stm32f4xx_usart.o(i.USART_Init)
    USART_InterruptDriver_Initialize         0x08001a91   Thumb Code    16  stm32f4_usartdriver.o(i.USART_InterruptDriver_Initialize)
    USART_RXBufferData_Available             0x08001aa1   Thumb Code    18  stm32f4_usartdriver.o(i.USART_RXBufferData_Available)
    USART_RXBuffer_GetByte                   0x08001ab3   Thumb Code    22  stm32f4_usartdriver.o(i.USART_RXBuffer_GetByte)
    USART_RXComplete                         0x08001ac9   Thumb Code    48  stm32f4_usartdriver.o(i.USART_RXComplete)
    USART_StructInit                         0x08001af9   Thumb Code    22  stm32f4xx_usart.o(i.USART_StructInit)
    USART_TXBuffer_FreeSpace                 0x08001b0f   Thumb Code    24  stm32f4_usartdriver.o(i.USART_TXBuffer_FreeSpace)
    USART_TXBuffer_PutByte                   0x08001b27   Thumb Code    50  stm32f4_usartdriver.o(i.USART_TXBuffer_PutByte)
    LEDLighter::initLighter()                0x08001b59   Thumb Code    40  ledlighter.o(i._ZN10LEDLighter11initLighterEv)
    LEDLighter::setLightOff()                0x08001b81   Thumb Code     6  xbotapp.o(i._ZN10LEDLighter11setLightOffEv)
    LEDLighter::reverseLight()               0x08001b87   Thumb Code    34  ledlighter.o(i._ZN10LEDLighter12reverseLightEv)
    LEDLighter::setLightStatus(bool)         0x08001ba9   Thumb Code    16  ledlighter.o(i._ZN10LEDLighter14setLightStatusEb)
    LEDLighter::LEDLighter(GPIO_TypeDef*, unsigned) 0x08001bb9   Thumb Code   108  ledlighter.o(i._ZN10LEDLighterC1EP12GPIO_TypeDefj)
    LEDLighter::LEDLighter__sub_object(GPIO_TypeDef*, unsigned) 0x08001bb9   Thumb Code     0  ledlighter.o(i._ZN10LEDLighterC1EP12GPIO_TypeDefj)
    SerialPort::open()                       0x08001c49   Thumb Code    68  serialport.o(i._ZN10SerialPort4openEv)
    SerialPort::write(unsigned char*, unsigned char) 0x08001ca5   Thumb Code    36  serialport.o(i._ZN10SerialPort5writeEPhh)
    SerialPort::getChar()                    0x08001cc9   Thumb Code     6  serialport.o(i._ZN10SerialPort7getCharEv)
    SerialPort::getPort()                    0x08001ccf   Thumb Code     4  serialport.o(i._ZN10SerialPort7getPortEv)
    SerialPort::putChar(unsigned char)       0x08001cd3   Thumb Code    16  serialport.o(i._ZN10SerialPort7putCharEh)
    SerialPort::readAllow()                  0x08001ce3   Thumb Code    16  serialport.o(i._ZN10SerialPort9readAllowEv)
    SerialPort::SerialPort(int, int)         0x08001cf5   Thumb Code    98  serialport.o(i._ZN10SerialPortC1Eii)
    SerialPort::SerialPort__sub_object(int, int) 0x08001cf5   Thumb Code     0  serialport.o(i._ZN10SerialPortC1Eii)
    BaseControl::reciveData(SerialPort*)     0x08001d71   Thumb Code   232  basecontrol.o(i._ZN11BaseControl10reciveDataEP10SerialPort)
    BaseControl::sendCommand()               0x08001e5d   Thumb Code   102  basecontrol.o(i._ZN11BaseControl11sendCommandEv)
    BaseControl::setErrorFlag(unsigned char) 0x08001ec3   Thumb Code    14  basecontrol.o(i._ZN11BaseControl12setErrorFlagEh)
    BaseControl::getReciveData(unsigned char) 0x08001ed1   Thumb Code    12  xbotapp.o(i._ZN11BaseControl13getReciveDataEh)
    BaseControl::setErrorFlag_1(unsigned char) 0x08001ee1   Thumb Code    10  basecontrol.o(i._ZN11BaseControl14setErrorFlag_1Eh)
    BaseControl::resetNumCounter()           0x08001eeb   Thumb Code     6  basecontrol.o(i._ZN11BaseControl15resetNumCounterEv)
    BaseControl::BaseControl(SerialPort*)    0x08001ef1   Thumb Code    46  basecontrol.o(i._ZN11BaseControlC1EP10SerialPort)
    BaseControl::BaseControl__sub_object(SerialPort*) 0x08001ef1   Thumb Code     0  basecontrol.o(i._ZN11BaseControlC1EP10SerialPort)
    MotorControl::setSpeed_1(short)          0x08001f25   Thumb Code     4  motorcontrol.o(i._ZN12MotorControl10setSpeed_1Es)
    MotorControl::sendAngleCommand(signed char) 0x08001f29   Thumb Code    54  motorcontrol.o(i._ZN12MotorControl16sendAngleCommandEa)
    MotorControl::sendSpeedCommand(signed char) 0x08001f5f   Thumb Code    98  motorcontrol.o(i._ZN12MotorControl16sendSpeedCommandEa)
    MotorControl::updateUspeedTime()         0x08001fc1   Thumb Code    38  motorcontrol.o(i._ZN12MotorControl16updateUspeedTimeEv)
    MotorControl::setSpeedFromSubAngle(unsigned char(*)(short), long long, long long, long long) 0x08001fe7   Thumb Code   288  motorcontrol.o(i._ZN12MotorControl20setSpeedFromSubAngleEPFhsExxx)
    MotorControl::setSpeedFromSubAngle(long long, long long, long long) 0x08002107   Thumb Code   294  motorcontrol.o(i._ZN12MotorControl20setSpeedFromSubAngleExxx)
    MotorControl::setSpeedFromSubAngle_1(long long, long long, long long) 0x0800222d   Thumb Code    80  motorcontrol.o(i._ZN12MotorControl22setSpeedFromSubAngle_1Exxx)
    MotorControl::setSpeed(short)            0x0800227d   Thumb Code    24  motorcontrol.o(i._ZN12MotorControl8setSpeedEs)
    MotorControl::MotorControl(SerialPort*)  0x08002295   Thumb Code    50  motorcontrol.o(i._ZN12MotorControlC1EP10SerialPort)
    MotorControl::MotorControl__sub_object(SerialPort*) 0x08002295   Thumb Code     0  motorcontrol.o(i._ZN12MotorControlC1EP10SerialPort)
    PowerControl::checkPowerKey()            0x080022cd   Thumb Code    54  powercontrol.o(i._ZN12PowerControl13checkPowerKeyEv)
    PowerControl::sendPowerOnOffCommand()    0x0800230d   Thumb Code    20  powercontrol.o(i._ZN12PowerControl21sendPowerOnOffCommandEv)
    PowerControl::sendGetEctQuantityCommand(signed char) 0x08002325   Thumb Code    50  powercontrol.o(i._ZN12PowerControl25sendGetEctQuantityCommandEa)
    PowerControl::sendGetTemperatureCommand(unsigned char) 0x08002357   Thumb Code    54  powercontrol.o(i._ZN12PowerControl25sendGetTemperatureCommandEh)
    PowerControl::PowerControl(SerialPort*)  0x0800238d   Thumb Code    30  powercontrol.o(i._ZN12PowerControlC1EP10SerialPort)
    PowerControl::PowerControl__sub_object(SerialPort*) 0x0800238d   Thumb Code     0  powercontrol.o(i._ZN12PowerControlC1EP10SerialPort)
    GpsImuControl::sendsetLEDColorCommand()  0x080023b1   Thumb Code    36  gpsimucontrol.o(i._ZN13GpsImuControl22sendsetLEDColorCommandEv)
    GpsImuControl::setPowerLEDColorFromVoltage(unsigned char) 0x080023dd   Thumb Code    46  gpsimucontrol.o(i._ZN13GpsImuControl27setPowerLEDColorFromVoltageEh)
    GpsImuControl::GpsImuControl(SerialPort*) 0x0800240d   Thumb Code    16  gpsimucontrol.o(i._ZN13GpsImuControlC1EP10SerialPort)
    GpsImuControl::GpsImuControl__sub_object(SerialPort*) 0x0800240d   Thumb Code     0  gpsimucontrol.o(i._ZN13GpsImuControlC1EP10SerialPort)
    OpticalBobbin::OpticalBobbin(SerialPort*) 0x08002421   Thumb Code    32  opticalbobbin.o(i._ZN13OpticalBobbinC1EP10SerialPort)
    OpticalBobbin::OpticalBobbin__sub_object(SerialPort*) 0x08002421   Thumb Code     0  opticalbobbin.o(i._ZN13OpticalBobbinC1EP10SerialPort)
    TerminalControl::reciveData(SerialPort*) 0x08002445   Thumb Code   156  terminalcontrol.o(i._ZN15TerminalControl10reciveDataEP10SerialPort)
    TerminalControl::reciveData()            0x080024e1   Thumb Code    76  terminalcontrol.o(i._ZN15TerminalControl10reciveDataEv)
    TerminalControl::sendcommand()           0x08002531   Thumb Code    20  terminalcontrol.o(i._ZN15TerminalControl11sendcommandEv)
    TerminalControl::updateSendBuf(unsigned char*) 0x08002545   Thumb Code    18  terminalcontrol.o(i._ZN15TerminalControl13updateSendBufEPh)
    TerminalControl::TerminalControl(SerialPort*, SerialPort*) 0x08002559   Thumb Code    74  terminalcontrol.o(i._ZN15TerminalControlC1EP10SerialPortS1_)
    TerminalControl::TerminalControl__sub_object(SerialPort*, SerialPort*) 0x08002559   Thumb Code     0  terminalcontrol.o(i._ZN15TerminalControlC1EP10SerialPortS1_)
    CodedDiscControl::getADCAngle()          0x080025a9   Thumb Code    16  codeddisccontrol.o(i._ZN16CodedDiscControl11getADCAngleEv)
    CodedDiscControl::initADC()              0x080025b9   Thumb Code    16  codeddisccontrol.o(i._ZN16CodedDiscControl7initADCEv)
    CodedDiscControl::CodedDiscControl(SerialPort*) 0x080025cd   Thumb Code    38  codeddisccontrol.o(i._ZN16CodedDiscControlC1EP10SerialPort)
    CodedDiscControl::CodedDiscControl__sub_object(SerialPort*) 0x080025cd   Thumb Code     0  codeddisccontrol.o(i._ZN16CodedDiscControlC1EP10SerialPort)
    OtherDeviceControl::setVideoZoom(unsigned char) 0x080025f9   Thumb Code     8  otherdevicecontrol.o(i._ZN18OtherDeviceControl12setVideoZoomEh)
    OtherDeviceControl::setheadLight(bool)   0x08002601   Thumb Code     4  otherdevicecontrol.o(i._ZN18OtherDeviceControl12setheadLightEb)
    OtherDeviceControl::setFloodLight(bool)  0x08002605   Thumb Code     4  otherdevicecontrol.o(i._ZN18OtherDeviceControl13setFloodLightEb)
    OtherDeviceControl::setLaserSight(bool)  0x08002609   Thumb Code     4  otherdevicecontrol.o(i._ZN18OtherDeviceControl13setLaserSightEb)
    OtherDeviceControl::setVideoSelect(unsigned char) 0x0800260d   Thumb Code     8  otherdevicecontrol.o(i._ZN18OtherDeviceControl14setVideoSelectEh)
    OtherDeviceControl::OtherDeviceControl(SerialPort*) 0x08002615   Thumb Code    34  otherdevicecontrol.o(i._ZN18OtherDeviceControlC1EP10SerialPort)
    OtherDeviceControl::OtherDeviceControl__sub_object(SerialPort*) 0x08002615   Thumb Code     0  otherdevicecontrol.o(i._ZN18OtherDeviceControlC1EP10SerialPort)
    Timer::setTimeOut(int)                   0x0800263d   Thumb Code   184  timer.o(i._ZN5Timer10setTimeOutEi)
    Timer::getITStatus(TIM_TypeDef*)         0x080026f9   Thumb Code     6  timer.o(i._ZN5Timer11getITStatusEP11TIM_TypeDef)
    Timer::setPriority(unsigned char, unsigned char) 0x080026ff   Thumb Code    36  timer.o(i._ZN5Timer11setPriorityEhh)
    Timer::clearITPendingBit(TIM_TypeDef*)   0x08002723   Thumb Code     6  timer.o(i._ZN5Timer17clearITPendingBitEP11TIM_TypeDef)
    Timer::stop(TIM_TypeDef*)                0x08002729   Thumb Code     6  timer.o(i._ZN5Timer4stopEP11TIM_TypeDef)
    Timer::stop()                            0x0800272f   Thumb Code     8  timer.o(i._ZN5Timer4stopEv)
    Timer::start(TIM_TypeDef*)               0x08002737   Thumb Code     6  timer.o(i._ZN5Timer5startEP11TIM_TypeDef)
    Timer::start()                           0x0800273d   Thumb Code     8  timer.o(i._ZN5Timer5startEv)
    Timer::Timer(TIM_TypeDef*)               0x08002745   Thumb Code   120  timer.o(i._ZN5TimerC1EP11TIM_TypeDef)
    Timer::Timer__sub_object(TIM_TypeDef*)   0x08002745   Thumb Code     0  timer.o(i._ZN5TimerC1EP11TIM_TypeDef)
    XbotApp::runOnTime2()                    0x080027cd   Thumb Code   174  xbotapp.o(i._ZN7XbotApp10runOnTime2Ev)
    XbotApp::runOnTime3()                    0x08002881   Thumb Code   230  xbotapp.o(i._ZN7XbotApp10runOnTime3Ev)
    XbotApp::runOnTime4()                    0x0800296d   Thumb Code    58  xbotapp.o(i._ZN7XbotApp10runOnTime4Ev)
    XbotApp::unlockArms(short)               0x080029a9   Thumb Code   140  xbotapp.o(i._ZN7XbotApp10unlockArmsEs)
    XbotApp::resetReInit()                   0x08002a3d   Thumb Code    20  xbotapp.o(i._ZN7XbotApp11resetReInitEv)
    XbotApp::runOnXXXLine(short)             0x08002a51   Thumb Code   246  xbotapp.o(i._ZN7XbotApp12runOnXXXLineEs)
    XbotApp::runOnXYZLine(signed char, double*, short) 0x08002b81   Thumb Code  2566  xbotapp.o(i._ZN7XbotApp12runOnXYZLineEaPds)
    XbotApp::runOnYYYLine(short)             0x080035c1   Thumb Code  1136  xbotapp.o(i._ZN7XbotApp12runOnYYYLineEs)
    XbotApp::runOnZZZLine(short)             0x08003a31   Thumb Code  1372  xbotapp.o(i._ZN7XbotApp12runOnZZZLineEs)
    XbotApp::stopAllMoter()                  0x08003f8d   Thumb Code    54  xbotapp.o(i._ZN7XbotApp12stopAllMoterEv)
    XbotApp::unlockForZup()                  0x08003fc9   Thumb Code    52  xbotapp.o(i._ZN7XbotApp12unlockForZupEv)
    XbotApp::controlArmISO()                 0x08004001   Thumb Code   138  xbotapp.o(i._ZN7XbotApp13controlArmISOEv)
    XbotApp::resetOffLimit()                 0x08004091   Thumb Code    20  xbotapp.o(i._ZN7XbotApp13resetOffLimitEv)
    XbotApp::allArmRunToPos(int, int, int, int, int, int, int, int) 0x080040a5   Thumb Code   440  xbotapp.o(i._ZN7XbotApp14allArmRunToPosEiiiiiiii)
    XbotApp::subEctQuantity()                0x08004275   Thumb Code   108  xbotapp.o(i._ZN7XbotApp14subEctQuantityEv)
    XbotApp::checkBlockError()               0x080042e1   Thumb Code   238  xbotapp.o(i._ZN7XbotApp15checkBlockErrorEv)
    XbotApp::disposeArmsData()               0x080043d5   Thumb Code   566  xbotapp.o(i._ZN7XbotApp15disposeArmsDataEv)
    XbotApp::sendSaveCommand()               0x08004611   Thumb Code   148  xbotapp.o(i._ZN7XbotApp15sendSaveCommandEv)
    XbotApp::suppArmRunToPos(int, bool)      0x080046a9   Thumb Code   182  xbotapp.o(i._ZN7XbotApp15suppArmRunToPosEib)
    XbotApp::threeArmRunToPos(int, int, int, int) 0x08004765   Thumb Code   248  xbotapp.o(i._ZN7XbotApp16threeArmRunToPosEiiii)
    XbotApp::openUserInterrupt()             0x08004861   Thumb Code    70  xbotapp.o(i._ZN7XbotApp17openUserInterruptEv)
    XbotApp::disposUnderpanData()            0x080048ad   Thumb Code   462  xbotapp.o(i._ZN7XbotApp18disposUnderpanDataEv)
    XbotApp::setSupportArmSpeed(short)       0x08004a81   Thumb Code   312  xbotapp.o(i._ZN7XbotApp18setSupportArmSpeedEs)
    XbotApp::setWristPitchSpeed(short)       0x08004bc5   Thumb Code   304  xbotapp.o(i._ZN7XbotApp18setWristPitchSpeedEs)
    XbotApp::disposCodedDiscData()           0x08004cf9   Thumb Code    38  xbotapp.o(i._ZN7XbotApp19disposCodedDiscDataEv)
    XbotApp::disposeTerminalData()           0x08004d25   Thumb Code   502  xbotapp.o(i._ZN7XbotApp19disposeTerminalDataEv)
    XbotApp::fingerRunToNNNModel()           0x08004f21   Thumb Code   184  xbotapp.o(i._ZN7XbotApp19fingerRunToNNNModelEv)
    XbotApp::setBigArmPitchSpeed(short)      0x08004ff1   Thumb Code   312  xbotapp.o(i._ZN7XbotApp19setBigArmPitchSpeedEs)
    XbotApp::panTiltRunToMMMModel()          0x08005151   Thumb Code    66  xbotapp.o(i._ZN7XbotApp20panTiltRunToMMMModelEv)
    XbotApp::setBigArmRotateSpeed(short)     0x08005199   Thumb Code   306  xbotapp.o(i._ZN7XbotApp20setBigArmRotateSpeedEs)
    XbotApp::setForearmPitchSpeed(short)     0x080052e1   Thumb Code   210  xbotapp.o(i._ZN7XbotApp20setForearmPitchSpeedEs)
    XbotApp::setPanTiltPitchSpeed(short)     0x080053b9   Thumb Code   196  xbotapp.o(i._ZN7XbotApp20setPanTiltPitchSpeedEs)
    XbotApp::updateSendDriverData()          0x08005489   Thumb Code  1802  xbotapp.o(i._ZN7XbotApp20updateSendDriverDataEv)
    XbotApp::XbotArmSetXyzCtrlMode()         0x08005bb1   Thumb Code   564  xbotapp.o(i._ZN7XbotApp21XbotArmSetXyzCtrlModeEv)
    XbotApp::setFingerMediateSpeed(short)    0x08005e0d   Thumb Code   178  xbotapp.o(i._ZN7XbotApp21setFingerMediateSpeedEs)
    XbotApp::updateSendTerminalData()        0x08005ec5   Thumb Code   506  xbotapp.o(i._ZN7XbotApp22updateSendTerminalDataEv)
    XbotApp::maxTime(int*)                   0x080060d5   Thumb Code   496  xbotapp.o(i._ZN7XbotApp7maxTimeEPi)
    XbotApp::resetSave()                     0x080062c5   Thumb Code    48  xbotapp.o(i._ZN7XbotApp9resetSaveEv)
    XbotApp::XbotApp()                       0x080062fd   Thumb Code   724  xbotapp.o(i._ZN7XbotAppC1Ev)
    XbotApp::XbotApp__sub_object()           0x080062fd   Thumb Code     0  xbotapp.o(i._ZN7XbotAppC1Ev)
    RingChain::next()                        0x080065e1   Thumb Code     8  datachain.o(i._ZN9RingChain4nextEv)
    RingChain::getData()                     0x080065e9   Thumb Code     6  datachain.o(i._ZN9RingChain7getDataEv)
    RingChain::setData(unsigned char)        0x080065ef   Thumb Code     6  datachain.o(i._ZN9RingChain7setDataEh)
    RingChain::previous()                    0x080065f5   Thumb Code     8  datachain.o(i._ZN9RingChain8previousEv)
    RingChain::RingChain(int)                0x080065fd   Thumb Code    82  datachain.o(i._ZN9RingChainC1Ei)
    RingChain::RingChain__sub_object(int)    0x080065fd   Thumb Code     0  datachain.o(i._ZN9RingChainC1Ei)
    operator new[] (unsigned)                0x0800664f   Thumb Code     8  array_new.o(i._Znaj)
    operator new(unsigned)                   0x08006659   Thumb Code    34  new.o(i._Znwj)
    __ARM_fpclassify                         0x08006681   Thumb Code    48  fpclassify.o(i.__ARM_fpclassify)
    __hardfp_acos                            0x080066b1   Thumb Code   738  acos.o(i.__hardfp_acos)
    __hardfp_atan                            0x08006a01   Thumb Code   636  atan.o(i.__hardfp_atan)
    __hardfp_cos                             0x08006ce9   Thumb Code   200  cos.o(i.__hardfp_cos)
    __hardfp_sin                             0x08006dc1   Thumb Code   200  sin.o(i.__hardfp_sin)
    __hardfp_sqrt                            0x08006e99   Thumb Code   122  sqrt.o(i.__hardfp_sqrt)
    __ieee754_rem_pio2                       0x08006f19   Thumb Code   972  rred.o(i.__ieee754_rem_pio2)
    __kernel_cos                             0x08007371   Thumb Code   322  cos_i.o(i.__kernel_cos)
    __kernel_poly                            0x080074e1   Thumb Code   248  poly.o(i.__kernel_poly)
    __kernel_sin                             0x080075d9   Thumb Code   280  sin_i.o(i.__kernel_sin)
    __mathlib_dbl_underflow                  0x08007709   Thumb Code    24  dunder.o(i.__mathlib_dbl_underflow)
    fabs                                     0x080078dd   Thumb Code    32  fabs.o(i.fabs)
    getADCValue                              0x080078fd   Thumb Code    14  stm32_adc.o(i.getADCValue)
    main                                     0x08007911   Thumb Code   104  main.o(i.main)
    setSystemPriorityGroup                   0x08007981   Thumb Code     8  stm32f4_prioritycontrol.o(i.setSystemPriorityGroup)
    sqrt                                     0x08007989   Thumb Code   110  sqrt.o(i.sqrt)
    __aeabi_dneg                             0x080079f7   Thumb Code     0  basic.o(x$fpl$basic)
    _dneg                                    0x080079f7   Thumb Code     6  basic.o(x$fpl$basic)
    __aeabi_fneg                             0x080079fd   Thumb Code     0  basic.o(x$fpl$basic)
    _fneg                                    0x080079fd   Thumb Code     6  basic.o(x$fpl$basic)
    _dabs                                    0x08007a03   Thumb Code     6  basic.o(x$fpl$basic)
    _fabs                                    0x08007a09   Thumb Code     6  basic.o(x$fpl$basic)
    __aeabi_dadd                             0x08007a11   Thumb Code     0  daddsub_clz.o(x$fpl$dadd)
    _dadd                                    0x08007a11   Thumb Code   332  daddsub_clz.o(x$fpl$dadd)
    __fpl_dcmp_Inf                           0x08007b61   Thumb Code    24  dcmpi.o(x$fpl$dcmpinf)
    __aeabi_ddiv                             0x08007b79   Thumb Code     0  ddiv.o(x$fpl$ddiv)
    _ddiv                                    0x08007b79   Thumb Code   552  ddiv.o(x$fpl$ddiv)
    __aeabi_d2iz                             0x08007e29   Thumb Code     0  dfix.o(x$fpl$dfix)
    _dfix                                    0x08007e29   Thumb Code    94  dfix.o(x$fpl$dfix)
    __aeabi_i2d                              0x08007e87   Thumb Code     0  dflt_clz.o(x$fpl$dflt)
    _dflt                                    0x08007e87   Thumb Code    46  dflt_clz.o(x$fpl$dflt)
    __aeabi_ui2d                             0x08007eb5   Thumb Code     0  dflt_clz.o(x$fpl$dfltu)
    _dfltu                                   0x08007eb5   Thumb Code    38  dflt_clz.o(x$fpl$dfltu)
    __aeabi_cdcmple                          0x08007edd   Thumb Code     0  dleqf.o(x$fpl$dleqf)
    _dcmple                                  0x08007edd   Thumb Code   120  dleqf.o(x$fpl$dleqf)
    __fpl_dcmple_InfNaN                      0x08007f3f   Thumb Code     0  dleqf.o(x$fpl$dleqf)
    __aeabi_dmul                             0x08007f55   Thumb Code     0  dmul.o(x$fpl$dmul)
    _dmul                                    0x08007f55   Thumb Code   332  dmul.o(x$fpl$dmul)
    __fpl_dnaninf                            0x080080a9   Thumb Code   156  dnaninf.o(x$fpl$dnaninf)
    __fpl_dretinf                            0x08008145   Thumb Code    12  dretinf.o(x$fpl$dretinf)
    __aeabi_cdrcmple                         0x08008151   Thumb Code     0  drleqf.o(x$fpl$drleqf)
    _drcmple                                 0x08008151   Thumb Code   108  drleqf.o(x$fpl$drleqf)
    __aeabi_drsub                            0x080081bd   Thumb Code     0  daddsub_clz.o(x$fpl$drsb)
    _drsb                                    0x080081bd   Thumb Code    22  daddsub_clz.o(x$fpl$drsb)
    _dsqrt                                   0x080081d5   Thumb Code   404  dsqrt_umaal.o(x$fpl$dsqrt)
    __aeabi_dsub                             0x0800836d   Thumb Code     0  daddsub_clz.o(x$fpl$dsub)
    _dsub                                    0x0800836d   Thumb Code   464  daddsub_clz.o(x$fpl$dsub)
    _fp_init                                 0x08008541   Thumb Code    10  fpinit.o(x$fpl$fpinit)
    __fplib_config_fpu_vfp                   0x08008549   Thumb Code     0  fpinit.o(x$fpl$fpinit)
    __fplib_config_pureend_doubles           0x08008549   Thumb Code     0  fpinit.o(x$fpl$fpinit)
    __I$use$fp                               0x0800854a   Number         0  usenofp.o(x$fpl$usenofp)
    vtable for BaseControl                   0x08008758   Data          16  basecontrol.o(.constdata__ZTV11BaseControl)
    vtable for MotorControl                  0x08008768   Data          16  motorcontrol.o(.constdata__ZTV12MotorControl)
    vtable for PowerControl                  0x08008778   Data          16  powercontrol.o(.constdata__ZTV12PowerControl)
    vtable for GpsImuControl                 0x08008788   Data          16  gpsimucontrol.o(.constdata__ZTV13GpsImuControl)
    vtable for OpticalBobbin                 0x08008798   Data          16  opticalbobbin.o(.constdata__ZTV13OpticalBobbin)
    vtable for TerminalControl               0x080087a8   Data          16  terminalcontrol.o(.constdata__ZTV15TerminalControl)
    vtable for CodedDiscControl              0x080087b8   Data          16  codeddisccontrol.o(.constdata__ZTV16CodedDiscControl)
    vtable for OtherDeviceControl            0x080087c8   Data          16  otherdevicecontrol.o(.constdata__ZTV18OtherDeviceControl)
    Region$$Table$$Base                      0x080087d8   Number         0  anon$$obj.o(Region$$Table)
    Region$$Table$$Limit                     0x080087f8   Number         0  anon$$obj.o(Region$$Table)
    SHT$$INIT_ARRAY$$Base                    0x080087f8   Number         0  xbotapp.o(.init_array)
    SHT$$INIT_ARRAY$$Limit                   0x08008800   Number         0  basecontrol.o(.init_array)
    myApp                                    0x20000000   Data           4  main.o(.data)
    XbotApp::workId                          0x20000008   Data           1  xbotapp.o(.data)
    XbotApp::limitFlag                       0x20000009   Data           1  xbotapp.o(.data)
    XbotApp::fBbigArmRotateA                 0x20000024   Data           4  xbotapp.o(.data)
    XbotApp::fBbigArmPitchA                  0x20000028   Data           4  xbotapp.o(.data)
    XbotApp::fBforearmPitchA                 0x2000002c   Data           4  xbotapp.o(.data)
    XbotApp::fBwristPitchA                   0x20000030   Data           4  xbotapp.o(.data)
    XbotApp::fBwristRotateA                  0x20000034   Data           4  xbotapp.o(.data)
    XbotApp::fBpanTiltPitchA                 0x20000038   Data           4  xbotapp.o(.data)
    XbotApp::fBpanTiltRotateA                0x2000003c   Data           4  xbotapp.o(.data)
    XbotApp::fBfingerMediateA                0x20000040   Data           4  xbotapp.o(.data)
    XbotApp::fBcameraPitchA                  0x20000044   Data           4  xbotapp.o(.data)
    XbotApp::fBDiscA                         0x20000048   Data           4  xbotapp.o(.data)
    XbotApp::wireLessPort                    0x2000004c   Data           4  xbotapp.o(.data)
    XbotApp::wirePort                        0x20000050   Data           4  xbotapp.o(.data)
    XbotApp::codedDiscPort                   0x20000054   Data           4  xbotapp.o(.data)
    XbotApp::armPort                         0x20000058   Data           4  xbotapp.o(.data)
    XbotApp::underpanPort                    0x2000005c   Data           4  xbotapp.o(.data)
    XbotApp::supportArmM                     0x20000060   Data           4  xbotapp.o(.data)
    XbotApp::bigArmRotateM                   0x20000064   Data           4  xbotapp.o(.data)
    XbotApp::bigArmPitchM                    0x20000068   Data           4  xbotapp.o(.data)
    XbotApp::forearmPitchM                   0x2000006c   Data           4  xbotapp.o(.data)
    XbotApp::wristPitchM                     0x20000070   Data           4  xbotapp.o(.data)
    XbotApp::wristRotateM                    0x20000074   Data           4  xbotapp.o(.data)
    XbotApp::panTiltPitchM                   0x20000078   Data           4  xbotapp.o(.data)
    XbotApp::panTiltRotateM                  0x2000007c   Data           4  xbotapp.o(.data)
    XbotApp::fingerMediateM                  0x20000080   Data           4  xbotapp.o(.data)
    XbotApp::cameraPitchM                    0x20000084   Data           4  xbotapp.o(.data)
    After_filter                             0x200000a6   Data           2  stm32_adc.o(.data)
    BaseControl::reciveBuf                   0x200000b8   Data          36  basecontrol.o(.bss)
    BaseControl::reciveChin                  0x200000dc   Data          24  basecontrol.o(.bss)
    USART_data_1                             0x200000f4   Data          72  stm32f4_usartinit.o(.bss)
    USART_data_2                             0x2000013c   Data          72  stm32f4_usartinit.o(.bss)
    USART_data_3                             0x20000184   Data          72  stm32f4_usartinit.o(.bss)
    USART_data_4                             0x200001cc   Data          72  stm32f4_usartinit.o(.bss)
    USART_data_5                             0x20000214   Data          72  stm32f4_usartinit.o(.bss)
    USART_data_6                             0x2000025c   Data          72  stm32f4_usartinit.o(.bss)
    AD_Value                                 0x200002a4   Data          20  stm32_adc.o(.bss)
    __libspace_start                         0x200002b8   Data          96  libspace.o(.bss)
    __temporary_stack_top$libspace           0x20000318   Data           0  libspace.o(.bss)



==============================================================================

Memory Map of the image

  Image Entry point : 0x08000189

  Load Region LR_IROM1 (Base: 0x08000000, Size: 0x000088b8, Max: 0x00100000, ABSOLUTE)

    Execution Region ER_IROM1 (Base: 0x08000000, Size: 0x00008800, Max: 0x00100000, ABSOLUTE)

    Base Addr    Size         Type   Attr      Idx    E Section Name        Object

    0x08000000   0x00000188   Data   RO         6323    RESET               startup_stm32f4xx.o
    0x08000188   0x00000008   Code   RO         6336  * !!!main             c_w.l(__main.o)
    0x08000190   0x00000034   Code   RO         6943    !!!scatter          c_w.l(__scatter.o)
    0x080001c4   0x0000001a   Code   RO         6945    !!handler_copy      c_w.l(__scatter_copy.o)
    0x080001de   0x00000002   PAD
    0x080001e0   0x0000001c   Code   RO         6947    !!handler_zi        c_w.l(__scatter_zi.o)
    0x080001fc   0x00000002   Code   RO         6842    .ARM.Collect$$libinit$$00000000  c_w.l(libinit.o)
    0x080001fe   0x00000004   Code   RO         6622    .ARM.Collect$$libinit$$00000001  c_w.l(libinit2.o)
    0x08000202   0x00000008   Code   RO         6624    .ARM.Collect$$libinit$$00000003  c_w.l(libinit2.o)
    0x0800020a   0x00000000   Code   RO         6626    .ARM.Collect$$libinit$$00000008  c_w.l(libinit2.o)
    0x0800020a   0x00000000   Code   RO         6628    .ARM.Collect$$libinit$$0000000A  c_w.l(libinit2.o)
    0x0800020a   0x00000000   Code   RO         6630    .ARM.Collect$$libinit$$0000000C  c_w.l(libinit2.o)
    0x0800020a   0x00000000   Code   RO         6633    .ARM.Collect$$libinit$$0000000F  c_w.l(libinit2.o)
    0x0800020a   0x00000000   Code   RO         6635    .ARM.Collect$$libinit$$00000011  c_w.l(libinit2.o)
    0x0800020a   0x00000000   Code   RO         6637    .ARM.Collect$$libinit$$00000013  c_w.l(libinit2.o)
    0x0800020a   0x00000000   Code   RO         6639    .ARM.Collect$$libinit$$00000015  c_w.l(libinit2.o)
    0x0800020a   0x00000000   Code   RO         6641    .ARM.Collect$$libinit$$00000017  c_w.l(libinit2.o)
    0x0800020a   0x00000000   Code   RO         6643    .ARM.Collect$$libinit$$00000019  c_w.l(libinit2.o)
    0x0800020a   0x00000000   Code   RO         6645    .ARM.Collect$$libinit$$0000001B  c_w.l(libinit2.o)
    0x0800020a   0x00000000   Code   RO         6647    .ARM.Collect$$libinit$$0000001D  c_w.l(libinit2.o)
    0x0800020a   0x00000000   Code   RO         6649    .ARM.Collect$$libinit$$0000001F  c_w.l(libinit2.o)
    0x0800020a   0x00000000   Code   RO         6651    .ARM.Collect$$libinit$$00000021  c_w.l(libinit2.o)
    0x0800020a   0x00000000   Code   RO         6653    .ARM.Collect$$libinit$$00000023  c_w.l(libinit2.o)
    0x0800020a   0x00000000   Code   RO         6657    .ARM.Collect$$libinit$$0000002A  c_w.l(libinit2.o)
    0x0800020a   0x00000000   Code   RO         6659    .ARM.Collect$$libinit$$0000002C  c_w.l(libinit2.o)
    0x0800020a   0x00000000   Code   RO         6661    .ARM.Collect$$libinit$$0000002E  c_w.l(libinit2.o)
    0x0800020a   0x00000004   Code   RO         6662    .ARM.Collect$$libinit$$0000002F  c_w.l(libinit2.o)
    0x0800020e   0x00000000   Code   RO         6663    .ARM.Collect$$libinit$$00000030  c_w.l(libinit2.o)
    0x0800020e   0x00000002   Code   RO         6664    .ARM.Collect$$libinit$$00000031  c_w.l(libinit2.o)
    0x08000210   0x00000002   Code   RO         6928    .ARM.Collect$$libshutdown$$00000000  c_w.l(libshutdown.o)
    0x08000212   0x00000000   Code   RO         6909    .ARM.Collect$$libshutdown$$00000003  c_w.l(libshutdown2.o)
    0x08000212   0x00000000   Code   RO         6912    .ARM.Collect$$libshutdown$$00000006  c_w.l(libshutdown2.o)
    0x08000212   0x00000000   Code   RO         6915    .ARM.Collect$$libshutdown$$00000009  c_w.l(libshutdown2.o)
    0x08000212   0x00000000   Code   RO         6917    .ARM.Collect$$libshutdown$$0000000B  c_w.l(libshutdown2.o)
    0x08000212   0x00000000   Code   RO         6920    .ARM.Collect$$libshutdown$$0000000E  c_w.l(libshutdown2.o)
    0x08000212   0x00000002   Code   RO         6921    .ARM.Collect$$libshutdown$$0000000F  c_w.l(libshutdown2.o)
    0x08000214   0x00000000   Code   RO         6550    .ARM.Collect$$rtentry$$00000000  c_w.l(rtentry.o)
    0x08000214   0x00000000   Code   RO         6734    .ARM.Collect$$rtentry$$00000002  c_w.l(rtentry2.o)
    0x08000214   0x00000006   Code   RO         6746    .ARM.Collect$$rtentry$$00000004  c_w.l(rtentry4.o)
    0x0800021a   0x00000000   Code   RO         6736    .ARM.Collect$$rtentry$$00000009  c_w.l(rtentry2.o)
    0x0800021a   0x00000004   Code   RO         6737    .ARM.Collect$$rtentry$$0000000A  c_w.l(rtentry2.o)
    0x0800021e   0x00000000   Code   RO         6739    .ARM.Collect$$rtentry$$0000000C  c_w.l(rtentry2.o)
    0x0800021e   0x00000008   Code   RO         6740    .ARM.Collect$$rtentry$$0000000D  c_w.l(rtentry2.o)
    0x08000226   0x00000002   Code   RO         6860    .ARM.Collect$$rtexit$$00000000  c_w.l(rtexit.o)
    0x08000228   0x00000000   Code   RO         6889    .ARM.Collect$$rtexit$$00000002  c_w.l(rtexit2.o)
    0x08000228   0x00000004   Code   RO         6890    .ARM.Collect$$rtexit$$00000003  c_w.l(rtexit2.o)
    0x0800022c   0x00000006   Code   RO         6891    .ARM.Collect$$rtexit$$00000004  c_w.l(rtexit2.o)
    0x08000232   0x00000002   PAD
    0x08000234   0x00000000   Code   RO         6816    .emb_text           c_w.l(maybetermalloc1.o)
    0x08000234   0x00000040   Code   RO         6324    .text               startup_stm32f4xx.o
    0x08000274   0x00000048   Code   RO         6330    .text               c_w.l(llsdiv.o)
    0x080002bc   0x0000004e   Code   RO         6332    .text               c_w.l(rt_memclr_w.o)
    0x0800030a   0x00000006   Code   RO         6334    .text               c_w.l(heapauxi.o)
    0x08000310   0x00000024   Code   RO         6341    .text               c_w.l(init_aeabi.o)
    0x08000334   0x00000008   Code   RO         6554    .text               c_w.l(rt_new_handler_addr_intlibspace.o)
    0x0800033c   0x0000005e   Code   RO         6560    .text               c_w.l(h1_alloc.o)
    0x0800039a   0x0000004e   Code   RO         6562    .text               c_w.l(h1_free.o)
    0x080003e8   0x000000ee   Code   RO         6618    .text               c_w.l(lludivv7m.o)
    0x080004d6   0x00000016   Code   RO         6620    .text               c_w.l(_rserrno.o)
    0x080004ec   0x00000004   Code   RO         6670    .text               cpprt_w.l(arm_newhandler_noexceptions.o)
    0x080004f0   0x00000008   Code   RO         6728    .text               c_w.l(libspace.o)
    0x080004f8   0x00000008   Code   RO         6755    .text               c_w.l(rt_heap_descriptor_intlibspace.o)
    0x08000500   0x00000008   Code   RO         6760    .text               c_w.l(rt_errno_addr_intlibspace.o)
    0x08000508   0x00000004   Code   RO         6762    .text               c_w.l(hguard.o)
    0x0800050c   0x0000008a   Code   RO         6764    .text               c_w.l(init_alloc.o)
    0x08000596   0x0000000e   Code   RO         6768    .text               c_w.l(h1_init.o)
    0x080005a4   0x0000001a   Code   RO         6790    .text               cpprt_w.l(arm_exceptions_terminate.o)
    0x080005be   0x0000004a   Code   RO         6810    .text               c_w.l(sys_stackheap_outer.o)
    0x08000608   0x00000034   Code   RO         6818    .text               c_w.l(h1_extend.o)
    0x0800063c   0x0000000c   Code   RO         6822    .text               c_w.l(exit.o)
    0x08000648   0x00000010   Code   RO         6824    .text               c_w.l(abort.o)
    0x08000658   0x0000000e   Code   RO         6826    .text               c_w.l(defsig_rtmem_outer.o)
    0x08000666   0x00000002   PAD
    0x08000668   0x00000050   Code   RO         6849    .text               cpprt_w.l(arm_exceptions_globs.o)
    0x080006b8   0x0000000c   Code   RO         6855    .text               c_w.l(sys_exit.o)
    0x080006c4   0x00000002   Code   RO         6857    .text               c_w.l(use_no_semi.o)
    0x080006c6   0x00000000   Code   RO         6859    .text               c_w.l(indicate_semi.o)
    0x080006c6   0x00000002   PAD
    0x080006c8   0x00000008   Code   RO         6867    .text               c_w.l(rt_eh_globals_addr_intlibspace.o)
    0x080006d0   0x0000000a   Code   RO         6873    .text               c_w.l(defsig_exit.o)
    0x080006da   0x0000000e   Code   RO         6875    .text               c_w.l(defsig_abrt_outer.o)
    0x080006e8   0x00000050   Code   RO         6883    .text               c_w.l(defsig_rtmem_inner.o)
    0x08000738   0x0000003c   Code   RO         6885    .text               cpprt_w.l(arm_exceptions_mem.o)
    0x08000774   0x00000032   Code   RO         6901    .text               c_w.l(defsig_general.o)
    0x080007a6   0x00000002   PAD
    0x080007a8   0x00000030   Code   RO         6903    .text               c_w.l(defsig_abrt_inner.o)
    0x080007d8   0x0000000e   Code   RO         6922    .text               c_w.l(sys_wrch.o)
    0x080007e6   0x00000014   Code   RO         2357    i.ADC_Cmd           stm32f4xx_adc.o
    0x080007fa   0x00000002   PAD
    0x080007fc   0x00000028   Code   RO         2358    i.ADC_CommonInit    stm32f4xx_adc.o
    0x08000824   0x00000014   Code   RO         2361    i.ADC_DMACmd        stm32f4xx_adc.o
    0x08000838   0x00000014   Code   RO         2362    i.ADC_DMARequestAfterLastTransferCmd  stm32f4xx_adc.o
    0x0800084c   0x0000004c   Code   RO         2377    i.ADC_Init          stm32f4xx_adc.o
    0x08000898   0x00000074   Code   RO         2382    i.ADC_RegularChannelConfig  stm32f4xx_adc.o
    0x0800090c   0x0000000a   Code   RO         2384    i.ADC_SoftwareStartConv  stm32f4xx_adc.o
    0x08000916   0x00000002   PAD
    0x08000918   0x00000030   Code   RO         2232    i.Adc1DmaChannelConfig  stm32_adc.o
    0x08000948   0x00000018   Code   RO         2233    i.Adc1DmaCominit    stm32_adc.o
    0x08000960   0x0000005c   Code   RO         2234    i.Adc1DmaConfig     stm32_adc.o
    0x080009bc   0x00000020   Code   RO         2235    i.Adc1DmaGpioConfig  stm32_adc.o
    0x080009dc   0x00000030   Code   RO         2236    i.Adc1DmaInit       stm32_adc.o
    0x08000a0c   0x0000002c   Code   RO         2237    i.Adc1DmaStrinit    stm32_adc.o
    0x08000a38   0x00000014   Code   RO         3272    i.DMA_Cmd           stm32f4xx_dma.o
    0x08000a4c   0x00000054   Code   RO         3284    i.DMA_Init          stm32f4xx_dma.o
    0x08000aa0   0x0000002c   Code   RO         2238    i.FilteAdcVaule     stm32_adc.o
    0x08000acc   0x000000a2   Code   RO         3783    i.GPIO_Init         stm32f4xx_gpio.o
    0x08000b6e   0x00000020   Code   RO         3784    i.GPIO_PinAFConfig  stm32f4xx_gpio.o
    0x08000b8e   0x0000000e   Code   RO         3787    i.GPIO_ReadInputDataBit  stm32f4xx_gpio.o
    0x08000b9c   0x0000000e   Code   RO         3789    i.GPIO_ReadOutputDataBit  stm32f4xx_gpio.o
    0x08000baa   0x00000004   Code   RO         3790    i.GPIO_ResetBits    stm32f4xx_gpio.o
    0x08000bae   0x00000004   Code   RO         3791    i.GPIO_SetBits      stm32f4xx_gpio.o
    0x08000bb2   0x0000000a   Code   RO         3795    i.GPIO_WriteBit     stm32f4xx_gpio.o
    0x08000bbc   0x00000064   Code   RO         2307    i.NVIC_Init         misc.o
    0x08000c20   0x00000014   Code   RO         2308    i.NVIC_PriorityGroupConfig  misc.o
    0x08000c34   0x00000018   Code   RO         4396    i.RCC_AHB1PeriphClockCmd  stm32f4xx_rcc.o
    0x08000c4c   0x00000018   Code   RO         4405    i.RCC_APB1PeriphClockCmd  stm32f4xx_rcc.o
    0x08000c64   0x00000018   Code   RO         4408    i.RCC_APB2PeriphClockCmd  stm32f4xx_rcc.o
    0x08000c7c   0x00000090   Code   RO         4417    i.RCC_GetClocksFreq  stm32f4xx_rcc.o
    0x08000d0c   0x000000e0   Code   RO         6297    i.STM32_GpioInit    stm32f4_gpioinit.o
    0x08000dec   0x00000018   Code   RO         6298    i.STM32_GpioOneInit  stm32f4_gpioinit.o
    0x08000e04   0x000000c4   Code   RO         1993    i.STM32_InitUsart1  stm32f4_usartinit.o
    0x08000ec8   0x000000a8   Code   RO         1994    i.STM32_InitUsart2  stm32f4_usartinit.o
    0x08000f70   0x000000a8   Code   RO         1995    i.STM32_InitUsart3  stm32f4_usartinit.o
    0x08001018   0x000000a8   Code   RO         1996    i.STM32_InitUsart4  stm32f4_usartinit.o
    0x080010c0   0x000000b8   Code   RO         1997    i.STM32_InitUsart5  stm32f4_usartinit.o
    0x08001178   0x000000a8   Code   RO         1998    i.STM32_InitUsart6  stm32f4_usartinit.o
    0x08001220   0x00000030   Code   RO         1999    i.STM32_Usart_InitConfig  stm32f4_usartinit.o
    0x08001250   0x0000001c   Code   RO         2000    i.STM32_Usart_InitNVIC  stm32f4_usartinit.o
    0x0800126c   0x000000b4   Code   RO            3    i.SetSysClock       system_stm32f4xx.o
    0x08001320   0x00000012   Code   RO         2180    i.SysTick_DelayMs   stm32f4_systick.o
    0x08001332   0x00000002   PAD
    0x08001334   0x0000005c   Code   RO            5    i.SystemInit        system_stm32f4xx.o
    0x08001390   0x00000034   Code   RO          343    i.TIM2_IRQHandler   stm32_irq_fun.o
    0x080013c4   0x00000038   Code   RO          344    i.TIM3_IRQHandler   stm32_irq_fun.o
    0x080013fc   0x00000038   Code   RO          345    i.TIM4_IRQHandler   stm32_irq_fun.o
    0x08001434   0x00000006   Code   RO         5508    i.TIM_ClearFlag     stm32f4xx_tim.o
    0x0800143a   0x00000006   Code   RO         5509    i.TIM_ClearITPendingBit  stm32f4xx_tim.o
    0x08001440   0x00000014   Code   RO         5514    i.TIM_Cmd           stm32f4xx_tim.o
    0x08001454   0x00000018   Code   RO         5535    i.TIM_GetITStatus   stm32f4xx_tim.o
    0x0800146c   0x00000010   Code   RO         5539    i.TIM_ITConfig      stm32f4xx_tim.o
    0x0800147c   0x0000007c   Code   RO         5586    i.TIM_TimeBaseInit  stm32f4xx_tim.o
    0x080014f8   0x00000070   Code   RO         1926    i.UART4_IRQHandler  stm32f4_usartirq.o
    0x08001568   0x00000070   Code   RO         1927    i.UART5_IRQHandler  stm32f4_usartirq.o
    0x080015d8   0x00000048   Code   RO         2060    i.USART1_DataRegEmpty  stm32f4_usartdriver.o
    0x08001620   0x00000070   Code   RO         1928    i.USART1_IRQHandler  stm32f4_usartirq.o
    0x08001690   0x00000048   Code   RO         2061    i.USART2_DataRegEmpty  stm32f4_usartdriver.o
    0x080016d8   0x00000070   Code   RO         1929    i.USART2_IRQHandler  stm32f4_usartirq.o
    0x08001748   0x00000048   Code   RO         2062    i.USART3_DataRegEmpty  stm32f4_usartdriver.o
    0x08001790   0x00000070   Code   RO         1930    i.USART3_IRQHandler  stm32f4_usartirq.o
    0x08001800   0x00000048   Code   RO         2063    i.USART4_DataRegEmpty  stm32f4_usartdriver.o
    0x08001848   0x00000048   Code   RO         2064    i.USART5_DataRegEmpty  stm32f4_usartdriver.o
    0x08001890   0x00000048   Code   RO         2065    i.USART6_DataRegEmpty  stm32f4_usartdriver.o
    0x080018d8   0x00000070   Code   RO         1931    i.USART6_IRQHandler  stm32f4_usartirq.o
    0x08001948   0x0000000c   Code   RO         6048    i.USART_ClearITPendingBit  stm32f4xx_usart.o
    0x08001954   0x00000014   Code   RO         6051    i.USART_Cmd         stm32f4xx_usart.o
    0x08001968   0x0000003e   Code   RO         6055    i.USART_GetITStatus  stm32f4xx_usart.o
    0x080019a6   0x00000030   Code   RO         6057    i.USART_ITConfig    stm32f4xx_usart.o
    0x080019d6   0x00000002   PAD
    0x080019d8   0x000000b8   Code   RO         6058    i.USART_Init        stm32f4xx_usart.o
    0x08001a90   0x00000010   Code   RO         2067    i.USART_InterruptDriver_Initialize  stm32f4_usartdriver.o
    0x08001aa0   0x00000012   Code   RO         2068    i.USART_RXBufferData_Available  stm32f4_usartdriver.o
    0x08001ab2   0x00000016   Code   RO         2069    i.USART_RXBuffer_GetByte  stm32f4_usartdriver.o
    0x08001ac8   0x00000030   Code   RO         2070    i.USART_RXComplete  stm32f4_usartdriver.o
    0x08001af8   0x00000016   Code   RO         6074    i.USART_StructInit  stm32f4xx_usart.o
    0x08001b0e   0x00000018   Code   RO         2071    i.USART_TXBuffer_FreeSpace  stm32f4_usartdriver.o
    0x08001b26   0x00000032   Code   RO         2072    i.USART_TXBuffer_PutByte  stm32f4_usartdriver.o
    0x08001b58   0x00000028   Code   RO         1755    i._ZN10LEDLighter11initLighterEv  ledlighter.o
    0x08001b80   0x00000006   Code   RO          722    i._ZN10LEDLighter11setLightOffEv  xbotapp.o
    0x08001b86   0x00000022   Code   RO         1756    i._ZN10LEDLighter12reverseLightEv  ledlighter.o
    0x08001ba8   0x00000010   Code   RO         1757    i._ZN10LEDLighter14setLightStatusEb  ledlighter.o
    0x08001bb8   0x00000090   Code   RO         1758    i._ZN10LEDLighterC1EP12GPIO_TypeDefj  ledlighter.o
    0x08001c48   0x0000005c   Code   RO         1681    i._ZN10SerialPort4openEv  serialport.o
    0x08001ca4   0x00000024   Code   RO         1683    i._ZN10SerialPort5writeEPhh  serialport.o
    0x08001cc8   0x00000006   Code   RO         1684    i._ZN10SerialPort7getCharEv  serialport.o
    0x08001cce   0x00000004   Code   RO         1685    i._ZN10SerialPort7getPortEv  serialport.o
    0x08001cd2   0x00000010   Code   RO         1686    i._ZN10SerialPort7putCharEh  serialport.o
    0x08001ce2   0x00000010   Code   RO         1687    i._ZN10SerialPort9readAllowEv  serialport.o
    0x08001cf2   0x00000002   PAD
    0x08001cf4   0x0000007c   Code   RO         1689    i._ZN10SerialPortC1Eii  serialport.o
    0x08001d70   0x000000ec   Code   RO          818    i._ZN11BaseControl10reciveDataEP10SerialPort  basecontrol.o
    0x08001e5c   0x00000066   Code   RO          819    i._ZN11BaseControl11sendCommandEv  basecontrol.o
    0x08001ec2   0x0000000e   Code   RO          820    i._ZN11BaseControl12setErrorFlagEh  basecontrol.o
    0x08001ed0   0x00000010   Code   RO          716    i._ZN11BaseControl13getReciveDataEh  xbotapp.o
    0x08001ee0   0x0000000a   Code   RO          821    i._ZN11BaseControl14setErrorFlag_1Eh  basecontrol.o
    0x08001eea   0x00000006   Code   RO          822    i._ZN11BaseControl15resetNumCounterEv  basecontrol.o
    0x08001ef0   0x00000034   Code   RO          823    i._ZN11BaseControlC1EP10SerialPort  basecontrol.o
    0x08001f24   0x00000004   Code   RO         1086    i._ZN12MotorControl10setSpeed_1Es  motorcontrol.o
    0x08001f28   0x00000036   Code   RO         1087    i._ZN12MotorControl16sendAngleCommandEa  motorcontrol.o
    0x08001f5e   0x00000062   Code   RO         1088    i._ZN12MotorControl16sendSpeedCommandEa  motorcontrol.o
    0x08001fc0   0x00000026   Code   RO         1090    i._ZN12MotorControl16updateUspeedTimeEv  motorcontrol.o
    0x08001fe6   0x00000120   Code   RO         1092    i._ZN12MotorControl20setSpeedFromSubAngleEPFhsExxx  motorcontrol.o
    0x08002106   0x00000126   Code   RO         1093    i._ZN12MotorControl20setSpeedFromSubAngleExxx  motorcontrol.o
    0x0800222c   0x00000050   Code   RO         1094    i._ZN12MotorControl22setSpeedFromSubAngle_1Exxx  motorcontrol.o
    0x0800227c   0x00000018   Code   RO         1095    i._ZN12MotorControl8setSpeedEs  motorcontrol.o
    0x08002294   0x00000038   Code   RO         1096    i._ZN12MotorControlC1EP10SerialPort  motorcontrol.o
    0x080022cc   0x00000040   Code   RO         1186    i._ZN12PowerControl13checkPowerKeyEv  powercontrol.o
    0x0800230c   0x00000018   Code   RO         1190    i._ZN12PowerControl21sendPowerOnOffCommandEv  powercontrol.o
    0x08002324   0x00000032   Code   RO         1191    i._ZN12PowerControl25sendGetEctQuantityCommandEa  powercontrol.o
    0x08002356   0x00000036   Code   RO         1192    i._ZN12PowerControl25sendGetTemperatureCommandEh  powercontrol.o
    0x0800238c   0x00000024   Code   RO         1193    i._ZN12PowerControlC1EP10SerialPort  powercontrol.o
    0x080023b0   0x0000002c   Code   RO         1525    i._ZN13GpsImuControl22sendsetLEDColorCommandEv  gpsimucontrol.o
    0x080023dc   0x0000002e   Code   RO         1526    i._ZN13GpsImuControl27setPowerLEDColorFromVoltageEh  gpsimucontrol.o
    0x0800240a   0x00000002   PAD
    0x0800240c   0x00000014   Code   RO         1527    i._ZN13GpsImuControlC1EP10SerialPort  gpsimucontrol.o
    0x08002420   0x00000024   Code   RO         1579    i._ZN13OpticalBobbinC1EP10SerialPort  opticalbobbin.o
    0x08002444   0x0000009c   Code   RO         1379    i._ZN15TerminalControl10reciveDataEP10SerialPort  terminalcontrol.o
    0x080024e0   0x00000050   Code   RO         1380    i._ZN15TerminalControl10reciveDataEv  terminalcontrol.o
    0x08002530   0x00000014   Code   RO         1381    i._ZN15TerminalControl11sendcommandEv  terminalcontrol.o
    0x08002544   0x00000012   Code   RO         1382    i._ZN15TerminalControl13updateSendBufEPh  terminalcontrol.o
    0x08002556   0x00000002   PAD
    0x08002558   0x00000050   Code   RO         1383    i._ZN15TerminalControlC1EP10SerialPortS1_  terminalcontrol.o
    0x080025a8   0x00000010   Code   RO         1004    i._ZN16CodedDiscControl11getADCAngleEv  codeddisccontrol.o
    0x080025b8   0x00000014   Code   RO         1009    i._ZN16CodedDiscControl7initADCEv  codeddisccontrol.o
    0x080025cc   0x0000002c   Code   RO         1010    i._ZN16CodedDiscControlC1EP10SerialPort  codeddisccontrol.o
    0x080025f8   0x00000008   Code   RO         1440    i._ZN18OtherDeviceControl12setVideoZoomEh  otherdevicecontrol.o
    0x08002600   0x00000004   Code   RO         1441    i._ZN18OtherDeviceControl12setheadLightEb  otherdevicecontrol.o
    0x08002604   0x00000004   Code   RO         1442    i._ZN18OtherDeviceControl13setFloodLightEb  otherdevicecontrol.o
    0x08002608   0x00000004   Code   RO         1443    i._ZN18OtherDeviceControl13setLaserSightEb  otherdevicecontrol.o
    0x0800260c   0x00000008   Code   RO         1444    i._ZN18OtherDeviceControl14setVideoSelectEh  otherdevicecontrol.o
    0x08002614   0x00000028   Code   RO         1448    i._ZN18OtherDeviceControlC1EP10SerialPort  otherdevicecontrol.o
    0x0800263c   0x000000bc   Code   RO         1802    i._ZN5Timer10setTimeOutEi  timer.o
    0x080026f8   0x00000006   Code   RO         1803    i._ZN5Timer11getITStatusEP11TIM_TypeDef  timer.o
    0x080026fe   0x00000024   Code   RO         1804    i._ZN5Timer11setPriorityEhh  timer.o
    0x08002722   0x00000006   Code   RO         1805    i._ZN5Timer17clearITPendingBitEP11TIM_TypeDef  timer.o
    0x08002728   0x00000006   Code   RO         1806    i._ZN5Timer4stopEP11TIM_TypeDef  timer.o
    0x0800272e   0x00000008   Code   RO         1807    i._ZN5Timer4stopEv  timer.o
    0x08002736   0x00000006   Code   RO         1808    i._ZN5Timer5startEP11TIM_TypeDef  timer.o
    0x0800273c   0x00000008   Code   RO         1809    i._ZN5Timer5startEv  timer.o
    0x08002744   0x00000088   Code   RO         1810    i._ZN5TimerC1EP11TIM_TypeDef  timer.o
    0x080027cc   0x000000b4   Code   RO          388    i._ZN7XbotApp10runOnTime2Ev  xbotapp.o
    0x08002880   0x000000ec   Code   RO          389    i._ZN7XbotApp10runOnTime3Ev  xbotapp.o
    0x0800296c   0x0000003a   Code   RO          390    i._ZN7XbotApp10runOnTime4Ev  xbotapp.o
    0x080029a6   0x00000002   PAD
    0x080029a8   0x00000094   Code   RO          391    i._ZN7XbotApp10unlockArmsEs  xbotapp.o
    0x08002a3c   0x00000014   Code   RO          393    i._ZN7XbotApp11resetReInitEv  xbotapp.o
    0x08002a50   0x00000130   Code   RO          395    i._ZN7XbotApp12runOnXXXLineEs  xbotapp.o
    0x08002b80   0x00000a40   Code   RO          396    i._ZN7XbotApp12runOnXYZLineEaPds  xbotapp.o
    0x080035c0   0x00000470   Code   RO          397    i._ZN7XbotApp12runOnYYYLineEs  xbotapp.o
    0x08003a30   0x0000055c   Code   RO          398    i._ZN7XbotApp12runOnZZZLineEs  xbotapp.o
    0x08003f8c   0x0000003c   Code   RO          399    i._ZN7XbotApp12stopAllMoterEv  xbotapp.o
    0x08003fc8   0x00000038   Code   RO          400    i._ZN7XbotApp12unlockForZupEv  xbotapp.o
    0x08004000   0x00000090   Code   RO          403    i._ZN7XbotApp13controlArmISOEv  xbotapp.o
    0x08004090   0x00000014   Code   RO          405    i._ZN7XbotApp13resetOffLimitEv  xbotapp.o
    0x080040a4   0x000001d0   Code   RO          406    i._ZN7XbotApp14allArmRunToPosEiiiiiiii  xbotapp.o
    0x08004274   0x0000006c   Code   RO          407    i._ZN7XbotApp14subEctQuantityEv  xbotapp.o
    0x080042e0   0x000000f4   Code   RO          408    i._ZN7XbotApp15checkBlockErrorEv  xbotapp.o
    0x080043d4   0x0000023c   Code   RO          409    i._ZN7XbotApp15disposeArmsDataEv  xbotapp.o
    0x08004610   0x00000098   Code   RO          410    i._ZN7XbotApp15sendSaveCommandEv  xbotapp.o
    0x080046a8   0x000000bc   Code   RO          412    i._ZN7XbotApp15suppArmRunToPosEib  xbotapp.o
    0x08004764   0x000000fc   Code   RO          413    i._ZN7XbotApp16threeArmRunToPosEiiii  xbotapp.o
    0x08004860   0x0000004c   Code   RO          414    i._ZN7XbotApp17openUserInterruptEv  xbotapp.o
    0x080048ac   0x000001d4   Code   RO          417    i._ZN7XbotApp18disposUnderpanDataEv  xbotapp.o
    0x08004a80   0x00000144   Code   RO          419    i._ZN7XbotApp18setSupportArmSpeedEs  xbotapp.o
    0x08004bc4   0x00000134   Code   RO          420    i._ZN7XbotApp18setWristPitchSpeedEs  xbotapp.o
    0x08004cf8   0x0000002c   Code   RO          421    i._ZN7XbotApp19disposCodedDiscDataEv  xbotapp.o
    0x08004d24   0x000001fc   Code   RO          422    i._ZN7XbotApp19disposeTerminalDataEv  xbotapp.o
    0x08004f20   0x000000d0   Code   RO          423    i._ZN7XbotApp19fingerRunToNNNModelEv  xbotapp.o
    0x08004ff0   0x00000160   Code   RO          426    i._ZN7XbotApp19setBigArmPitchSpeedEs  xbotapp.o
    0x08005150   0x00000048   Code   RO          427    i._ZN7XbotApp20panTiltRunToMMMModelEv  xbotapp.o
    0x08005198   0x00000148   Code   RO          428    i._ZN7XbotApp20setBigArmRotateSpeedEs  xbotapp.o
    0x080052e0   0x000000d8   Code   RO          429    i._ZN7XbotApp20setForearmPitchSpeedEs  xbotapp.o
    0x080053b8   0x000000d0   Code   RO          430    i._ZN7XbotApp20setPanTiltPitchSpeedEs  xbotapp.o
    0x08005488   0x00000728   Code   RO          431    i._ZN7XbotApp20updateSendDriverDataEv  xbotapp.o
    0x08005bb0   0x0000025c   Code   RO          432    i._ZN7XbotApp21XbotArmSetXyzCtrlModeEv  xbotapp.o
    0x08005e0c   0x000000b8   Code   RO          433    i._ZN7XbotApp21setFingerMediateSpeedEs  xbotapp.o
    0x08005ec4   0x00000210   Code   RO          434    i._ZN7XbotApp22updateSendTerminalDataEv  xbotapp.o
    0x080060d4   0x000001f0   Code   RO          710    i._ZN7XbotApp7maxTimeEPi  xbotapp.o
    0x080062c4   0x00000038   Code   RO          436    i._ZN7XbotApp9resetSaveEv  xbotapp.o
    0x080062fc   0x000002e4   Code   RO          437    i._ZN7XbotAppC1Ev   xbotapp.o
    0x080065e0   0x00000008   Code   RO         1620    i._ZN9RingChain4nextEv  datachain.o
    0x080065e8   0x00000006   Code   RO         1622    i._ZN9RingChain7getDataEv  datachain.o
    0x080065ee   0x00000006   Code   RO         1623    i._ZN9RingChain7setDataEh  datachain.o
    0x080065f4   0x00000008   Code   RO         1624    i._ZN9RingChain8previousEv  datachain.o
    0x080065fc   0x00000052   Code   RO         1625    i._ZN9RingChainC1Ei  datachain.o
    0x0800664e   0x00000008   Code   RO         6347    i._Znaj             cpprt_w.l(array_new.o)
    0x08006656   0x00000002   PAD
    0x08006658   0x00000028   Code   RO         6354    i._Znwj             cpprt_w.l(new.o)
    0x08006680   0x00000030   Code   RO         6713    i.__ARM_fpclassify  m_wm.l(fpclassify.o)
    0x080066b0   0x00000350   Code   RO         6486    i.__hardfp_acos     m_wm.l(acos.o)
    0x08006a00   0x000002e8   Code   RO         6500    i.__hardfp_atan     m_wm.l(atan.o)
    0x08006ce8   0x000000d8   Code   RO         6514    i.__hardfp_cos      m_wm.l(cos.o)
    0x08006dc0   0x000000d8   Code   RO         6526    i.__hardfp_sin      m_wm.l(sin.o)
    0x08006e98   0x0000007a   Code   RO         6538    i.__hardfp_sqrt     m_wm.l(sqrt.o)
    0x08006f12   0x00000006   PAD
    0x08006f18   0x00000458   Code   RO         6717    i.__ieee754_rem_pio2  m_wm.l(rred.o)
    0x08007370   0x00000170   Code   RO         6702    i.__kernel_cos      m_wm.l(cos_i.o)
    0x080074e0   0x000000f8   Code   RO         6715    i.__kernel_poly     m_wm.l(poly.o)
    0x080075d8   0x00000130   Code   RO         6722    i.__kernel_sin      m_wm.l(sin_i.o)
    0x08007708   0x00000020   Code   RO         6705    i.__mathlib_dbl_underflow  m_wm.l(dunder.o)
    0x08007728   0x00000154   Code   RO          439    i.__sti___11_XbotApp_cpp  xbotapp.o
    0x0800787c   0x00000060   Code   RO          826    i.__sti___15_BaseControl_cpp  basecontrol.o
    0x080078dc   0x00000020   Code   RO         6709    i.fabs              m_wm.l(fabs.o)
    0x080078fc   0x00000014   Code   RO         2240    i.getADCValue       stm32_adc.o
    0x08007910   0x00000070   Code   RO          143    i.main              main.o
    0x08007980   0x00000008   Code   RO         2158    i.setSystemPriorityGroup  stm32f4_prioritycontrol.o
    0x08007988   0x0000006e   Code   RO         6540    i.sqrt              m_wm.l(sqrt.o)
    0x080079f6   0x00000018   Code   RO         6458    x$fpl$basic         fz_wm.l(basic.o)
    0x08007a0e   0x00000002   PAD
    0x08007a10   0x00000150   Code   RO         6460    x$fpl$dadd          fz_wm.l(daddsub_clz.o)
    0x08007b60   0x00000018   Code   RO         6693    x$fpl$dcmpinf       fz_wm.l(dcmpi.o)
    0x08007b78   0x000002b0   Code   RO         6467    x$fpl$ddiv          fz_wm.l(ddiv.o)
    0x08007e28   0x0000005e   Code   RO         6470    x$fpl$dfix          fz_wm.l(dfix.o)
    0x08007e86   0x0000002e   Code   RO         6475    x$fpl$dflt          fz_wm.l(dflt_clz.o)
    0x08007eb4   0x00000026   Code   RO         6474    x$fpl$dfltu         fz_wm.l(dflt_clz.o)
    0x08007eda   0x00000002   PAD
    0x08007edc   0x00000078   Code   RO         6480    x$fpl$dleqf         fz_wm.l(dleqf.o)
    0x08007f54   0x00000154   Code   RO         6482    x$fpl$dmul          fz_wm.l(dmul.o)
    0x080080a8   0x0000009c   Code   RO         6695    x$fpl$dnaninf       fz_wm.l(dnaninf.o)
    0x08008144   0x0000000c   Code   RO         6697    x$fpl$dretinf       fz_wm.l(dretinf.o)
    0x08008150   0x0000006c   Code   RO         6484    x$fpl$drleqf        fz_wm.l(drleqf.o)
    0x080081bc   0x00000016   Code   RO         6461    x$fpl$drsb          fz_wm.l(daddsub_clz.o)
    0x080081d2   0x00000002   PAD
    0x080081d4   0x00000198   Code   RO         6699    x$fpl$dsqrt         fz_wm.l(dsqrt_umaal.o)
    0x0800836c   0x000001d4   Code   RO         6462    x$fpl$dsub          fz_wm.l(daddsub_clz.o)
    0x08008540   0x0000000a   Code   RO         6806    x$fpl$fpinit        fz_wm.l(fpinit.o)
    0x0800854a   0x00000000   Code   RO         6701    x$fpl$usenofp       fz_wm.l(usenofp.o)
    0x0800854a   0x00000006   PAD
    0x08008550   0x00000050   Data   RO         6489    .constdata          m_wm.l(acos.o)
    0x080085a0   0x00000098   Data   RO         6503    .constdata          m_wm.l(atan.o)
    0x08008638   0x00000030   Data   RO         6703    .constdata          m_wm.l(cos_i.o)
    0x08008668   0x000000c8   Data   RO         6719    .constdata          m_wm.l(rred.o)
    0x08008730   0x00000028   Data   RO         6723    .constdata          m_wm.l(sin_i.o)
    0x08008758   0x00000010   Data   RO          879    .constdata__ZTV11BaseControl  basecontrol.o
    0x08008768   0x00000010   Data   RO         1171    .constdata__ZTV12MotorControl  motorcontrol.o
    0x08008778   0x00000010   Data   RO         1254    .constdata__ZTV12PowerControl  powercontrol.o
    0x08008788   0x00000010   Data   RO         1567    .constdata__ZTV13GpsImuControl  gpsimucontrol.o
    0x08008798   0x00000010   Data   RO         1609    .constdata__ZTV13OpticalBobbin  opticalbobbin.o
    0x080087a8   0x00000010   Data   RO         1429    .constdata__ZTV15TerminalControl  terminalcontrol.o
    0x080087b8   0x00000010   Data   RO         1072    .constdata__ZTV16CodedDiscControl  codeddisccontrol.o
    0x080087c8   0x00000010   Data   RO         1513    .constdata__ZTV18OtherDeviceControl  otherdevicecontrol.o
    0x080087d8   0x00000020   Data   RO         6941    Region$$Table       anon$$obj.o
    0x080087f8   0x00000004   Data   RO          493    .init_array         xbotapp.o
    0x080087fc   0x00000004   Data   RO          837    .init_array         basecontrol.o


    Execution Region RW_IRAM1 (Base: 0x20000000, Size: 0x00001718, Max: 0x00020000, ABSOLUTE)

    Base Addr    Size         Type   Attr      Idx    E Section Name        Object

    0x20000000   0x00000004   Data   RW          145    .data               main.o
    0x20000004   0x00000004   PAD
    0x20000008   0x00000098   Data   RW          492    .data               xbotapp.o
    0x200000a0   0x00000002   Data   RW         1206    .data               powercontrol.o
    0x200000a2   0x00000004   Data   RW         1393    .data               terminalcontrol.o
    0x200000a6   0x00000002   Data   RW         2242    .data               stm32_adc.o
    0x200000a8   0x00000010   Data   RW         4440    .data               stm32f4xx_rcc.o
    0x200000b8   0x0000003c   Zero   RW          836    .bss                basecontrol.o
    0x200000f4   0x000001b0   Zero   RW         2001    .bss                stm32f4_usartinit.o
    0x200002a4   0x00000014   Zero   RW         2241    .bss                stm32_adc.o
    0x200002b8   0x00000060   Zero   RW         6729    .bss                c_w.l(libspace.o)
    0x20000318   0x00001000   Zero   RW         6322    HEAP                startup_stm32f4xx.o
    0x20001318   0x00000400   Zero   RW         6321    STACK               startup_stm32f4xx.o


==============================================================================

Image component sizes


      Code (inc. data)   RO Data    RW Data    ZI Data      Debug   Object Name

       516         16         20          0         60     238384   basecontrol.o
        80         10         16          0          0       2656   codeddisccontrol.o
       110          0          0          0          0       3568   datachain.o
       110         12         16          0          0       3228   gpsimucontrol.o
       234         36          0          0          0       3104   ledlighter.o
       112          8          0          4          0     235807   main.o
       120         18          0          0          0       1387   misc.o
       936         20         16          0          0       9740   motorcontrol.o
        36          4         16          0          0       1448   opticalbobbin.o
        68          6         16          0          0       4056   otherdevicecontrol.o
       228         20         16          2          0     216908   powercontrol.o
       294         50          0          0          0       3772   serialport.o
        64         26        392          0       5120        800   startup_stm32f4xx.o
       352         50          0          2         20       4605   stm32_adc.o
       164         24          0          0          0       1570   stm32_irq_fun.o
       248         12          0          0          0       1529   stm32f4_gpioinit.o
         8          0          0          0          0        477   stm32f4_prioritycontrol.o
        18          0          0          0          0        510   stm32f4_systick.o
       610         32          0          0          0       7762   stm32f4_usartdriver.o
      1128         88          0          0        432       5668   stm32f4_usartinit.o
       672         80          0          0          0       6634   stm32f4_usartirq.o
       302         20          0          0          0       4995   stm32f4xx_adc.o
       104          4          0          0          0       2233   stm32f4xx_dma.o
       240          0          0          0          0       4192   stm32f4xx_gpio.o
       216         30          0         16          0       4127   stm32f4xx_rcc.o
       196         28          0          0          0       4773   stm32f4xx_tim.o
       348         10          0          0          0       4319   stm32f4xx_usart.o
       272         36          0          0          0     285853   system_stm32f4xx.o
       354         10         16          4          0       4940   terminalcontrol.o
       400         20          0          0          0       5484   timer.o
     16252        822          4        152          0      69700   xbotapp.o

    ----------------------------------------------------------------------
     24808       1492        560        184       5632    1144229   Object Totals
         0          0         32          0          0          0   (incl. Generated)
        16          0          0          4          0          0   (incl. Padding)

    ----------------------------------------------------------------------

      Code (inc. data)   RO Data    RW Data    ZI Data      Debug   Library Member Name

         8          0          0          0          0         68   __main.o
        52          8          0          0          0          0   __scatter.o
        26          0          0          0          0          0   __scatter_copy.o
        28          0          0          0          0          0   __scatter_zi.o
        22          0          0          0          0        100   _rserrno.o
        16          0          0          0          0         72   abort.o
        48         34          0          0          0         76   defsig_abrt_inner.o
        14          0          0          0          0         80   defsig_abrt_outer.o
        10          0          0          0          0         68   defsig_exit.o
        50          0          0          0          0         88   defsig_general.o
        80         58          0          0          0         76   defsig_rtmem_inner.o
        14          0          0          0          0         80   defsig_rtmem_outer.o
        12          0          0          0          0         72   exit.o
        94          0          0          0          0         80   h1_alloc.o
        52          0          0          0          0         68   h1_extend.o
        78          0          0          0          0         80   h1_free.o
        14          0          0          0          0         84   h1_init.o
         6          0          0          0          0        152   heapauxi.o
         4          0          0          0          0        136   hguard.o
         0          0          0          0          0          0   indicate_semi.o
        36         10          0          0          0         80   init_aeabi.o
       138          0          0          0          0        168   init_alloc.o
         2          0          0          0          0          0   libinit.o
        18          0          0          0          0          0   libinit2.o
         2          0          0          0          0          0   libshutdown.o
         2          0          0          0          0          0   libshutdown2.o
         8          4          0          0         96         68   libspace.o
        72          0          0          0          0         76   llsdiv.o
       238          0          0          0          0        100   lludivv7m.o
         0          0          0          0          0          0   maybetermalloc1.o
         8          4          0          0          0         68   rt_eh_globals_addr_intlibspace.o
         8          4          0          0          0         68   rt_errno_addr_intlibspace.o
         8          4          0          0          0         68   rt_heap_descriptor_intlibspace.o
        78          0          0          0          0         80   rt_memclr_w.o
         8          4          0          0          0         68   rt_new_handler_addr_intlibspace.o
         0          0          0          0          0          0   rtentry.o
        12          0          0          0          0          0   rtentry2.o
         6          0          0          0          0          0   rtentry4.o
         2          0          0          0          0          0   rtexit.o
        10          0          0          0          0          0   rtexit2.o
        12          4          0          0          0         68   sys_exit.o
        74          0          0          0          0         80   sys_stackheap_outer.o
        14          0          0          0          0         76   sys_wrch.o
         2          0          0          0          0         68   use_no_semi.o
        80         12          0          0          0        104   arm_exceptions_globs.o
        60          0          0          0          0        108   arm_exceptions_mem.o
        26          0          0          0          0         76   arm_exceptions_terminate.o
         4          0          0          0          0         68   arm_newhandler_noexceptions.o
         8          0          0          0          0         76   array_new.o
        40          6          0          0          0         76   new.o
        24          0          0          0          0        164   basic.o
       826         16          0          0          0        500   daddsub_clz.o
        24          0          0          0          0        116   dcmpi.o
       688        140          0          0          0        260   ddiv.o
        94          4          0          0          0        140   dfix.o
        84          0          0          0          0        232   dflt_clz.o
       120          4          0          0          0        140   dleqf.o
       340         12          0          0          0        152   dmul.o
       156          4          0          0          0        140   dnaninf.o
        12          0          0          0          0        116   dretinf.o
       108          0          0          0          0        128   drleqf.o
       408         56          0          0          0        168   dsqrt_umaal.o
        10          0          0          0          0        116   fpinit.o
         0          0          0          0          0          0   usenofp.o
       848        110         80          0          0        188   acos.o
       744        108        152          0          0        220   atan.o
       216         16          0          0          0        152   cos.o
       368         46         48          0          0        200   cos_i.o
        32          8          0          0          0        124   dunder.o
        32          0          0          0          0        124   fabs.o
        48          0          0          0          0        124   fpclassify.o
       248          0          0          0          0        152   poly.o
      1112        140        200          0          0        188   rred.o
       216         16          0          0          0        152   sin.o
       304         24         40          0          0        208   sin_i.o
       232          0          0          0          0        296   sqrt.o

    ----------------------------------------------------------------------
      8928        856        520          0         96       7524   Library Totals
        30          0          0          0          0          0   (incl. Padding)

    ----------------------------------------------------------------------

      Code (inc. data)   RO Data    RW Data    ZI Data      Debug   Library Name

      1386        134          0          0         96       2516   c_w.l
       218         18          0          0          0        508   cpprt_w.l
      2894        236          0          0          0       2372   fz_wm.l
      4400        468        520          0          0       2128   m_wm.l

    ----------------------------------------------------------------------
      8928        856        520          0         96       7524   Library Totals

    ----------------------------------------------------------------------

==============================================================================


      Code (inc. data)   RO Data    RW Data    ZI Data      Debug   

     33736       2348       1080        184       5728    1129233   Grand Totals
     33736       2348       1080        184       5728    1129233   ELF Image Totals
     33736       2348       1080        184          0          0   ROM Totals

==============================================================================

    Total RO  Size (Code + RO Data)                34816 (  34.00kB)
    Total RW  Size (RW Data + ZI Data)              5912 (   5.77kB)
    Total ROM Size (Code + RO Data + RW Data)      35000 (  34.18kB)

==============================================================================

