<html>
<body>
<pre>
<h1>礦ision Build Log</h1>
<h2>Project:</h2>
F:\程序实例\公司程序例子\xbot_main_ctrl\xbot_main_ctrl.uvproj
Project File Date:  04/25/2013

<h2>Output:</h2>
Load "F:\\程序实例\\公司程序例子\\xbot_main_ctrl\\OBJ\\xbot_main_ctrl.AXF" 
_____^
*** error 56: cannot open file
Rebuild target 'Xbot510_MainCtrl'
compiling main.c...
compiling stm32f4xx_it.c...
compiling system_stm32f4xx.c...
compiling STM32_IRQ_FUN.c...
compiling XbotAbsEncCtrl.c...
compiling XbotArmCtrl.c...
compiling XbotMotionCtrl.c...
compiling XbotSysCtrl.c...
source\App\XbotSysCtrl.c(25): warning:  #174-D: expression has no effect
source\App\XbotSysCtrl.c(26): warning:  #174-D: expression has no effect
source\App\XbotSysCtrl.c(28): warning:  #174-D: expression has no effect
source\App\XbotSysCtrl.c(30): warning:  #174-D: expression has no effect
source\App\XbotSysCtrl.c(32): warning:  #175-D: subscript out of range
source\App\XbotSysCtrl.c(32): warning:  #174-D: expression has no effect
compiling AngtronAbsEncDriver.c...
compiling DataChainDriver.c...
compiling XborPowerManageDriver.c...
compiling XbotCtrlDriver.c...
compiling XbotMotorDriver.c...
compiling STM32F4_TimInit.C...
compiling STM32F4_UsartDriver.c...
compiling STM32F4_UsartInit.C...
compiling STM32F4_UsartIrq.c...
compiling STM32F4_Config.c...
compiling STM32F4_GpioInit.c...
compiling STM32F4_LedDisp.c...
compiling STM32F4_SysTick.C...
compiling misc.c...
compiling stm32f4xx_adc.c...
compiling stm32f4xx_can.c...
compiling stm32f4xx_crc.c...
compiling stm32f4xx_cryp.c...
compiling stm32f4xx_cryp_aes.c...
compiling stm32f4xx_cryp_des.c...
compiling stm32f4xx_cryp_tdes.c...
compiling stm32f4xx_dac.c...
compiling stm32f4xx_dbgmcu.c...
compiling stm32f4xx_dcmi.c...
compiling stm32f4xx_dma.c...
compiling stm32f4xx_exti.c...
compiling stm32f4xx_flash.c...
compiling stm32f4xx_fsmc.c...
compiling stm32f4xx_gpio.c...
compiling stm32f4xx_hash.c...
compiling stm32f4xx_hash_md5.c...
compiling stm32f4xx_hash_sha1.c...
compiling stm32f4xx_i2c.c...
compiling stm32f4xx_iwdg.c...
compiling stm32f4xx_pwr.c...
compiling stm32f4xx_rcc.c...
compiling stm32f4xx_rng.c...
compiling stm32f4xx_rtc.c...
compiling stm32f4xx_sdio.c...
compiling stm32f4xx_spi.c...
compiling stm32f4xx_syscfg.c...
compiling stm32f4xx_tim.c...
compiling stm32f4xx_usart.c...
compiling stm32f4xx_wwdg.c...
assembling startup_stm32f4xx.s...
linking...
Program Size: Code=13400 RO-data=1064 RW-data=36 ZI-data=2084  
FromELF: creating hex file...
".\OBJ\xbot_main_ctrl.axf" - 0 Error(s), 6 Warning(s).
Rebuild target 'Xbot510_MainCtrl'
compiling main.c...
compiling stm32f4xx_it.c...
compiling system_stm32f4xx.c...
compiling STM32_IRQ_FUN.c...
compiling XbotAbsEncCtrl.c...
compiling XbotArmCtrl.c...
compiling XbotMotionCtrl.c...
compiling XbotSysCtrl.c...
source\App\XbotSysCtrl.c(25): warning:  #174-D: expression has no effect
source\App\XbotSysCtrl.c(26): warning:  #174-D: expression has no effect
source\App\XbotSysCtrl.c(28): warning:  #174-D: expression has no effect
source\App\XbotSysCtrl.c(30): warning:  #174-D: expression has no effect
source\App\XbotSysCtrl.c(32): warning:  #175-D: subscript out of range
source\App\XbotSysCtrl.c(32): warning:  #174-D: expression has no effect
compiling AngtronAbsEncDriver.c...
compiling DataChainDriver.c...
compiling XborPowerManageDriver.c...
compiling XbotCtrlDriver.c...
compiling XbotMotorDriver.c...
compiling STM32F4_TimInit.C...
compiling STM32F4_UsartDriver.c...
compiling STM32F4_UsartInit.C...
compiling STM32F4_UsartIrq.c...
compiling STM32F4_Config.c...
compiling STM32F4_GpioInit.c...
compiling STM32F4_LedDisp.c...
compiling STM32F4_SysTick.C...
compiling misc.c...
compiling stm32f4xx_adc.c...
compiling stm32f4xx_can.c...
compiling stm32f4xx_crc.c...
compiling stm32f4xx_cryp.c...
compiling stm32f4xx_cryp_aes.c...
compiling stm32f4xx_cryp_des.c...
compiling stm32f4xx_cryp_tdes.c...
compiling stm32f4xx_dac.c...
compiling stm32f4xx_dbgmcu.c...
compiling stm32f4xx_dcmi.c...
compiling stm32f4xx_dma.c...
compiling stm32f4xx_exti.c...
compiling stm32f4xx_flash.c...
compiling stm32f4xx_fsmc.c...
compiling stm32f4xx_gpio.c...
compiling stm32f4xx_hash.c...
compiling stm32f4xx_hash_md5.c...
compiling stm32f4xx_hash_sha1.c...
compiling stm32f4xx_i2c.c...
compiling stm32f4xx_iwdg.c...
compiling stm32f4xx_pwr.c...
compiling stm32f4xx_rcc.c...
compiling stm32f4xx_rng.c...
compiling stm32f4xx_rtc.c...
compiling stm32f4xx_sdio.c...
compiling stm32f4xx_spi.c...
compiling stm32f4xx_syscfg.c...
compiling stm32f4xx_tim.c...
compiling stm32f4xx_usart.c...
compiling stm32f4xx_wwdg.c...
assembling startup_stm32f4xx.s...
linking...
Program Size: Code=13400 RO-data=1064 RW-data=36 ZI-data=2084  
FromELF: creating hex file...
".\OBJ\xbot_main_ctrl.axf" - 0 Error(s), 6 Warning(s).
Build target 'Xbot510_MainCtrl'
linking...
Program Size: Code=13400 RO-data=1064 RW-data=36 ZI-data=2084  
FromELF: creating hex file...
".\OBJ\xbot_main_ctrl.axf" - 0 Error(s), 0 Warning(s).
