ARM Linker, 5.03 [Build 24] [MDK-ARM Standard]

==============================================================================

Section Cross References

    main.o(.text) refers to misc.o(.text) for NVIC_PriorityGroupConfig
    main.o(.text) refers to stm32_systick.o(.text) for SysTick_Init
    main.o(.text) refers to new.o(i._Znwj) for operator new(unsigned)
    main.o(.text) refers to ledlighter.o(.text) for LEDLighter::LEDLighter(GPIO_TypeDef*, unsigned)
    main.o(.text) refers to xbotdisplayapp.o(.text) for XbotDisplayApp::XbotDisplayApp()
    main.o(.text) refers to timer.o(.text) for Timer::getITStatus(TIM_TypeDef*)
    main.o(.text) refers to main.o(i._ZN10LEDLighter11setLightOffEv) for LEDLighter::setLightOff()
    main.o(.text) refers to main.o(.data) for LED_EXCEPTION
    main.o(.ARM.exidx) refers to main.o(.text) for .text
    xbotdisplayapp.o(.text) refers to array_new.o(i._Znaj) for operator new[] (unsigned)
    xbotdisplayapp.o(.text) refers to new.o(i._Znwj) for operator new(unsigned)
    xbotdisplayapp.o(.text) refers to ledlighter.o(.text) for LEDLighter::LEDLighter(GPIO_TypeDef*, unsigned)
    xbotdisplayapp.o(.text) refers to serialport.o(.text) for SerialPort::SerialPort(int, int)
    xbotdisplayapp.o(.text) refers to key.o(.text) for Key::Key(GPIO_TypeDef*, unsigned)
    xbotdisplayapp.o(.text) refers to lcddisplay.o(.text) for LCDdisplay::LCDdisplay(SerialPort*)
    xbotdisplayapp.o(.text) refers to terminalcontrol.o(.text) for TerminalControl::TerminalControl(SerialPort*)
    xbotdisplayapp.o(.text) refers to timer.o(.text) for Timer::Timer(TIM_TypeDef*)
    xbotdisplayapp.o(.text) refers to delete.o(i._ZdlPv) for operator delete (void*)
    xbotdisplayapp.o(.text) refers to xbotdisplayapp.o(.data) for backKaym
    xbotdisplayapp.o(.text) refers to stm32_systick.o(.text) for SysTick_DelayMs
    xbotdisplayapp.o(.ARM.exidx) refers to xbotdisplayapp.o(.text) for .text
    lcddisplay.o(.text) refers to new.o(i._Znwj) for operator new(unsigned)
    lcddisplay.o(.text) refers to memseta.o(.text) for __aeabi_memclr
    lcddisplay.o(.text) refers to array_new.o(i._Znaj) for operator new[] (unsigned)
    lcddisplay.o(.text) refers to delete.o(i._ZdlPv) for operator delete (void*)
    lcddisplay.o(.text) refers to array_del.o(i._ZdaPv) for operator delete[] (void*)
    lcddisplay.o(.text) refers to serialport.o(.text) for SerialPort::putChar(unsigned char)
    lcddisplay.o(.text) refers to lcddisplay.o(.data) for beckBattery_1
    lcddisplay.o(.text) refers to fmul.o(.text) for __aeabi_fmul
    lcddisplay.o(.text) refers to fadd.o(.text) for __aeabi_frsub
    lcddisplay.o(.text) refers to ffixui.o(.text) for __aeabi_f2uiz
    lcddisplay.o(.text) refers to lcddisplay.o(.constdata) for ReviseAngle
    lcddisplay.o(.text) refers to fflti.o(.text) for __aeabi_i2f
    lcddisplay.o(.text) refers to ffltui.o(.text) for __aeabi_ui2f
    lcddisplay.o(.text) refers to f2d.o(.text) for __aeabi_f2d
    lcddisplay.o(.text) refers to dmul.o(.text) for __aeabi_dmul
    lcddisplay.o(.text) refers to dfltui.o(.text) for __aeabi_ui2d
    lcddisplay.o(.text) refers to dadd.o(.text) for __aeabi_dadd
    lcddisplay.o(.text) refers to dfixui.o(.text) for __aeabi_d2uiz
    lcddisplay.o(.ARM.exidx) refers to lcddisplay.o(.text) for .text
    terminalcontrol.o(.text) refers to new.o(i._Znwj) for operator new(unsigned)
    terminalcontrol.o(.text) refers to datachain.o(.text) for RingChain::RingChain(int)
    terminalcontrol.o(.text) refers to array_new.o(i._Znaj) for operator new[] (unsigned)
    terminalcontrol.o(.text) refers to delete.o(i._ZdlPv) for operator delete (void*)
    terminalcontrol.o(.text) refers to array_del.o(i._ZdaPv) for operator delete[] (void*)
    terminalcontrol.o(.text) refers to serialport.o(.text) for SerialPort::write(unsigned char*, unsigned char)
    terminalcontrol.o(.text) refers to terminalcontrol.o(.constdata__ZTV15TerminalControl) for vtable for TerminalControl
    terminalcontrol.o(.ARM.exidx) refers to terminalcontrol.o(.text) for .text
    ledlighter.o(.text) refers to stm32_gpioinit.o(.text) for STM32_GpioOneInit
    ledlighter.o(.text) refers to stm32f10x_rcc.o(.text) for RCC_APB2PeriphClockCmd
    ledlighter.o(.text) refers to stm32f10x_gpio.o(.text) for GPIO_ReadOutputDataBit
    ledlighter.o(.ARM.exidx) refers to ledlighter.o(.text) for .text
    watchdog.o(.text) refers to stm32f10x_iwdg.o(.text) for IWDG_ReloadCounter
    watchdog.o(.text) refers to stm32f10x_rcc.o(.text) for RCC_GetFlagStatus
    watchdog.o(.ARM.exidx) refers to watchdog.o(.text) for .text
    datachain.o(.text) refers to new.o(i._Znwj) for operator new(unsigned)
    datachain.o(.text) refers to datachain.o(i._ZN9ChainNodeC1EhPS_S0_) for ChainNode::ChainNode(unsigned char, ChainNode*, ChainNode*)
    datachain.o(.text) refers to delete.o(i._ZdlPv) for operator delete (void*)
    datachain.o(.ARM.exidx) refers to datachain.o(.text) for .text
[...]
    lib_rtti_impl.o(.constdata__ZTIN10__cxxabiv129__pointer_to_member_type_infoE) refers to lib_rtti_impl.o(.constdata__ZTIN10__cxxabiv117__pbase_type_infoE) for typeinfo for __cxxabiv1::__pbase_type_info
    bad_alloc_dtor.o(.constdata__ZTVSt9bad_alloc) refers to bad_alloc_dtor.o(.constdata__ZTISt9bad_alloc) for typeinfo for std::bad_alloc
    bad_alloc_dtor.o(.constdata__ZTVSt9bad_alloc) refers to bad_alloc_dtor.o(i._ZNSt9bad_allocD1Ev) for std::bad_alloc::~bad_alloc()
    bad_alloc_dtor.o(.constdata__ZTVSt9bad_alloc) refers to bad_alloc_dtor.o(i._ZNSt9bad_allocD0Ev) for std::bad_alloc::~bad_alloc__deallocating()
    bad_alloc_dtor.o(.constdata__ZTVSt9bad_alloc) refers to bad_alloc_what.o(i._ZNKSt9bad_alloc4whatEv) for std::bad_alloc::what() const
    bad_alloc_dtor.o(.constdata__ZTISt9bad_alloc) refers to lib_rtti_impl.o(.constdata__ZTVN10__cxxabiv120__si_class_type_infoE) for vtable for __cxxabiv1::__si_class_type_info
    bad_alloc_dtor.o(.constdata__ZTISt9bad_alloc) refers to bad_alloc_dtor.o(.constdata__ZTSSt9bad_alloc) for typeinfo name for std::bad_alloc
    bad_alloc_dtor.o(.constdata__ZTISt9bad_alloc) refers to exception_dtor.o(.constdata__ZTISt9exception) for typeinfo for std::exception
    type_info_dtor.o(.constdata__ZTVSt9type_info) refers to type_info_dtor.o(.constdata__ZTISt9type_info) for typeinfo for std::type_info
    type_info_dtor.o(.constdata__ZTVSt9type_info) refers to type_info_dtor.o(i._ZNSt9type_infoD1Ev) for std::type_info::~type_info()
    type_info_dtor.o(.constdata__ZTVSt9type_info) refers to type_info_dtor.o(i._ZNSt9type_infoD0Ev) for std::type_info::~type_info__deallocating()
    type_info_dtor.o(.constdata__ZTISt9type_info) refers to lib_rtti_impl.o(.constdata__ZTVN10__cxxabiv117__class_type_infoE) for vtable for __cxxabiv1::__class_type_info
    type_info_dtor.o(.constdata__ZTISt9type_info) refers to type_info_dtor.o(.constdata__ZTSSt9type_info) for typeinfo name for std::type_info
    exception_dtor.o(.constdata__ZTVSt9exception) refers to exception_dtor.o(.constdata__ZTISt9exception) for typeinfo for std::exception
    exception_dtor.o(.constdata__ZTVSt9exception) refers to exception_dtor.o(i._ZNSt9exceptionD1Ev) for std::exception::~exception()
    exception_dtor.o(.constdata__ZTVSt9exception) refers to exception_dtor.o(i._ZNSt9exceptionD0Ev) for std::exception::~exception__deallocating()
    exception_dtor.o(.constdata__ZTVSt9exception) refers to exception_what.o(i._ZNKSt9exception4whatEv) for std::exception::what() const
    exception_dtor.o(.constdata__ZTISt9exception) refers to lib_rtti_impl.o(.constdata__ZTVN10__cxxabiv117__class_type_infoE) for vtable for __cxxabiv1::__class_type_info
    exception_dtor.o(.constdata__ZTISt9exception) refers to exception_dtor.o(.constdata__ZTSSt9exception) for typeinfo name for std::exception


==============================================================================

Removing Unused input sections from the image.

    Removing main.o(.rev16_text), (4 bytes).
    Removing main.o(.revsh_text), (4 bytes).
    Removing main.o(.ARM.exidx), (8 bytes).
    Removing xbotdisplayapp.o(.rev16_text), (4 bytes).
    Removing xbotdisplayapp.o(.revsh_text), (4 bytes).
    Removing xbotdisplayapp.o(.ARM.exidx), (8 bytes).
    Removing lcddisplay.o(.rev16_text), (4 bytes).
    Removing lcddisplay.o(.revsh_text), (4 bytes).
    Removing lcddisplay.o(.ARM.exidx), (8 bytes).
    Removing terminalcontrol.o(.rev16_text), (4 bytes).
    Removing terminalcontrol.o(.revsh_text), (4 bytes).
    Removing terminalcontrol.o(.ARM.exidx), (8 bytes).
    Removing ledlighter.o(.rev16_text), (4 bytes).
    Removing ledlighter.o(.revsh_text), (4 bytes).
    Removing ledlighter.o(.ARM.exidx), (8 bytes).
    Removing watchdog.o(.rev16_text), (4 bytes).
    Removing watchdog.o(.revsh_text), (4 bytes).
    Removing watchdog.o(.text), (64 bytes).
    Removing watchdog.o(.ARM.exidx), (8 bytes).
    Removing datachain.o(.rev16_text), (4 bytes).
    Removing datachain.o(.revsh_text), (4 bytes).
    Removing datachain.o(.ARM.exidx), (8 bytes).
    Removing serialport.o(.rev16_text), (4 bytes).
    Removing serialport.o(.revsh_text), (4 bytes).
    Removing serialport.o(.ARM.exidx), (8 bytes).
    Removing timer.o(.rev16_text), (4 bytes).
    Removing timer.o(.revsh_text), (4 bytes).
    Removing timer.o(.ARM.exidx), (8 bytes).
    Removing key.o(.rev16_text), (4 bytes).
    Removing key.o(.revsh_text), (4 bytes).
    Removing key.o(.ARM.exidx), (8 bytes).
    Removing stm32_gpioinit.o(.rev16_text), (4 bytes).
    Removing stm32_gpioinit.o(.revsh_text), (4 bytes).
    Removing stm32f10x_prioritycontrol.o(.rev16_text), (4 bytes).
    Removing stm32f10x_prioritycontrol.o(.revsh_text), (4 bytes).
    Removing stm32_systick.o(.rev16_text), (4 bytes).
    Removing stm32_systick.o(.revsh_text), (4 bytes).
    Removing misc.o(.rev16_text), (4 bytes).
    Removing misc.o(.revsh_text), (4 bytes).
    Removing stm32f10x_tim.o(.rev16_text), (4 bytes).
    Removing stm32f10x_tim.o(.revsh_text), (4 bytes).
    Removing stm32f10x_usart.o(.rev16_text), (4 bytes).
    Removing stm32f10x_usart.o(.revsh_text), (4 bytes).
    Removing stm32f10x_gpio.o(.rev16_text), (4 bytes).
    Removing stm32f10x_gpio.o(.revsh_text), (4 bytes).
    Removing stm32f10x_rcc.o(.rev16_text), (4 bytes).
    Removing stm32f10x_rcc.o(.revsh_text), (4 bytes).
    Removing stm32f10x_iwdg.o(.rev16_text), (4 bytes).
    Removing stm32f10x_iwdg.o(.revsh_text), (4 bytes).
    Removing stm32f10x_iwdg.o(.text), (64 bytes).
    Removing stm32f10x_conf.o(.rev16_text), (4 bytes).
    Removing stm32f10x_conf.o(.revsh_text), (4 bytes).
    Removing system_stm32f10x.o(.rev16_text), (4 bytes).
    Removing system_stm32f10x.o(.revsh_text), (4 bytes).
    Removing main.o(.ARM.exidx), (8 bytes).
    Removing terminalcontrol.o(.constdata__ZTI15TerminalControl), (8 bytes).
    Removing terminalcontrol.o(.constdata__ZTS15TerminalControl), (18 bytes).
    Removing datachain.o(.ARM.exidx), (8 bytes).

58 unused section(s) (total 418 bytes) removed from the image.

==============================================================================

Image Symbol Table

    Local Symbols

    Symbol Name                              Value     Ov Type        Size  Object(Section)

    ../../../edgfe/lib_src/arm_exceptions.c  0x00000000   Number         0  arm_exceptions_globs.o ABSOLUTE
    ../../../edgfe/lib_src/arm_exceptions.c  0x00000000   Number         0  arm_exceptions_terminate.o ABSOLUTE
    ../../../edgfe/lib_src/arm_exceptions.c  0x00000000   Number         0  arm_exceptions_mem.o ABSOLUTE
    ../../../edgfe/lib_src/arm_noexceptions.c 0x00000000   Number         0  arm_newhandler_noexceptions.o ABSOLUTE
    ../../../edgfe/lib_src/arm_noexceptions.c 0x00000000   Number         0  arm_callunex_noexceptions.o ABSOLUTE
    ../../../edgfe/lib_src/array_del.c       0x00000000   Number         0  array_del.o ABSOLUTE
    ../../../edgfe/lib_src/array_new.c       0x00000000   Number         0  array_new.o ABSOLUTE
    ../../../edgfe/lib_src/bad_alloc.c       0x00000000   Number         0  bad_alloc_dtor.o ABSOLUTE
    ../../../edgfe/lib_src/bad_alloc.c       0x00000000   Number         0  bad_alloc_what.o ABSOLUTE
    ../../../edgfe/lib_src/delete.c          0x00000000   Number         0  delete.o ABSOLUTE
    ../../../edgfe/lib_src/exception.c       0x00000000   Number         0  exception_what.o ABSOLUTE
    ../../../edgfe/lib_src/exception.c       0x00000000   Number         0  exception_dtor.o ABSOLUTE
    ../../../edgfe/lib_src/new.c             0x00000000   Number         0  new.o ABSOLUTE
    ../../../edgfe/lib_src/typeinfo.c        0x00000000   Number         0  lib_rtti_impl.o ABSOLUTE
    ../../../edgfe/lib_src/typeinfo.c        0x00000000   Number         0  type_info_dtor.o ABSOLUTE
    ../clib/microlib/cpp/cpp_init.c          0x00000000   Number         0  cpp_init.o ABSOLUTE
    ../clib/microlib/cpp/cpp_init.c          0x00000000   Number         0  cpp_init.o ABSOLUTE
    ../clib/microlib/cpp/cpp_memory.c        0x00000000   Number         0  cpp_memory.o ABSOLUTE
    ../clib/microlib/cpp/cpp_unwinder.c      0x00000000   Number         0  cpp_unwinder.o ABSOLUTE
    ../clib/microlib/init/entry.s            0x00000000   Number         0  entry.o ABSOLUTE
    ../clib/microlib/init/entry.s            0x00000000   Number         0  entry9a.o ABSOLUTE
    ../clib/microlib/init/entry.s            0x00000000   Number         0  entry9b.o ABSOLUTE
    ../clib/microlib/init/entry.s            0x00000000   Number         0  entry10a.o ABSOLUTE
    ../clib/microlib/init/entry.s            0x00000000   Number         0  entry5.o ABSOLUTE
    ../clib/microlib/init/entry.s            0x00000000   Number         0  entry8b.o ABSOLUTE
    ../clib/microlib/init/entry.s            0x00000000   Number         0  entry10b.o ABSOLUTE
    ../clib/microlib/init/entry.s            0x00000000   Number         0  entry7a.o ABSOLUTE
    ../clib/microlib/init/entry.s            0x00000000   Number         0  entry11a.o ABSOLUTE
    ../clib/microlib/init/entry.s            0x00000000   Number         0  entry7b.o ABSOLUTE
    ../clib/microlib/init/entry.s            0x00000000   Number         0  entry8a.o ABSOLUTE
    ../clib/microlib/init/entry.s            0x00000000   Number         0  entry11b.o ABSOLUTE
    ../clib/microlib/init/entry.s            0x00000000   Number         0  entry2.o ABSOLUTE
    ../clib/microlib/longlong.c              0x00000000   Number         0  llushr.o ABSOLUTE
    ../clib/microlib/longlong.c              0x00000000   Number         0  llsshr.o ABSOLUTE
    ../clib/microlib/longlong.c              0x00000000   Number         0  llshl.o ABSOLUTE
    ../clib/microlib/malloc/malloc.c         0x00000000   Number         0  malloca.o ABSOLUTE
    ../clib/microlib/malloc/malloc.c         0x00000000   Number         0  mallocr.o ABSOLUTE
    ../clib/microlib/malloc/malloc.c         0x00000000   Number         0  malloc.o ABSOLUTE
    ../clib/microlib/malloc/malloc.c         0x00000000   Number         0  mallocra.o ABSOLUTE
    ../clib/microlib/malloc/mvars.c          0x00000000   Number         0  mvars.o ABSOLUTE
    ../clib/microlib/stdlib/abort.c          0x00000000   Number         0  abort.o ABSOLUTE
    ../clib/microlib/string/memcpy.c         0x00000000   Number         0  memcpyb.o ABSOLUTE
    ../clib/microlib/string/memcpy.c         0x00000000   Number         0  memcpya.o ABSOLUTE
    ../clib/microlib/string/memset.c         0x00000000   Number         0  memseta.o ABSOLUTE
    ../clib/microlib/stubs.s                 0x00000000   Number         0  iusefp.o ABSOLUTE
    ../fplib/microlib/f2d.c                  0x00000000   Number         0  f2d.o ABSOLUTE
    ../fplib/microlib/fpadd.c                0x00000000   Number         0  dadd.o ABSOLUTE
    ../fplib/microlib/fpadd.c                0x00000000   Number         0  fadd.o ABSOLUTE
    ../fplib/microlib/fpepilogue.c           0x00000000   Number         0  fepilogue.o ABSOLUTE
    ../fplib/microlib/fpepilogue.c           0x00000000   Number         0  depilogue.o ABSOLUTE
    ../fplib/microlib/fpfix.c                0x00000000   Number         0  dfixui.o ABSOLUTE
    ../fplib/microlib/fpfix.c                0x00000000   Number         0  ffixui.o ABSOLUTE
    ../fplib/microlib/fpflt.c                0x00000000   Number         0  fflti.o ABSOLUTE
    ../fplib/microlib/fpflt.c                0x00000000   Number         0  ffltui.o ABSOLUTE
    ../fplib/microlib/fpflt.c                0x00000000   Number         0  dfltui.o ABSOLUTE
    ../fplib/microlib/fpmul.c                0x00000000   Number         0  fmul.o ABSOLUTE
    ../fplib/microlib/fpmul.c                0x00000000   Number         0  dmul.o ABSOLUTE
    dc.s                                     0x00000000   Number         0  dc.o ABSOLUTE
    handlers.s                               0x00000000   Number         0  handlers.o ABSOLUTE
    init.s                                   0x00000000   Number         0  init.o ABSOLUTE
    source\App\XbotDisplayApp.cpp            0x00000000   Number         0  xbotdisplayapp.o ABSOLUTE
    source\DataTypeRealize\DataChain.cpp     0x00000000   Number         0  datachain.o ABSOLUTE
    source\DataTypeRealize\Key.cpp           0x00000000   Number         0  key.o ABSOLUTE
    source\DataTypeRealize\LEDLighter.cpp    0x00000000   Number         0  ledlighter.o ABSOLUTE
    source\DataTypeRealize\SerialPort.cpp    0x00000000   Number         0  serialport.o ABSOLUTE
    source\DataTypeRealize\Timer.cpp         0x00000000   Number         0  timer.o ABSOLUTE
    source\DataTypeRealize\WatchDog.cpp      0x00000000   Number         0  watchdog.o ABSOLUTE
    source\Protocol\LCDdisplay.cpp           0x00000000   Number         0  lcddisplay.o ABSOLUTE
    source\Protocol\TerminalControl.cpp      0x00000000   Number         0  terminalcontrol.o ABSOLUTE
    source\STM32F3_StdPeriph\misc.c          0x00000000   Number         0  misc.o ABSOLUTE
    source\STM32F3_StdPeriph\stm32f10x_conf.c 0x00000000   Number         0  stm32f10x_conf.o ABSOLUTE
    source\STM32F3_StdPeriph\stm32f10x_gpio.c 0x00000000   Number         0  stm32f10x_gpio.o ABSOLUTE
    source\STM32F3_StdPeriph\stm32f10x_iwdg.c 0x00000000   Number         0  stm32f10x_iwdg.o ABSOLUTE
    source\STM32F3_StdPeriph\stm32f10x_rcc.c 0x00000000   Number         0  stm32f10x_rcc.o ABSOLUTE
    source\STM32F3_StdPeriph\stm32f10x_tim.c 0x00000000   Number         0  stm32f10x_tim.o ABSOLUTE
    source\STM32F3_StdPeriph\stm32f10x_usart.c 0x00000000   Number         0  stm32f10x_usart.o ABSOLUTE
    source\STM32_CMSIS\startup_stm32f10x_md.s 0x00000000   Number         0  startup_stm32f10x_md.o ABSOLUTE
    source\STM32_CMSIS\system_stm32f10x.c    0x00000000   Number         0  system_stm32f10x.o ABSOLUTE
    source\STM32_Driver\STM32F10x_PriorityControl.c 0x00000000   Number         0  stm32f10x_prioritycontrol.o ABSOLUTE
    source\STM32_Driver\STM32_GpioInit.c     0x00000000   Number         0  stm32_gpioinit.o ABSOLUTE
    source\STM32_Driver\STM32_SysTick.c      0x00000000   Number         0  stm32_systick.o ABSOLUTE
    source\User\main.cpp                     0x00000000   Number         0  main.o ABSOLUTE
    source\\App\\XbotDisplayApp.cpp          0x00000000   Number         0  xbotdisplayapp.o ABSOLUTE
    source\\DataTypeRealize\\DataChain.cpp   0x00000000   Number         0  datachain.o ABSOLUTE
    source\\DataTypeRealize\\Key.cpp         0x00000000   Number         0  key.o ABSOLUTE
    source\\DataTypeRealize\\LEDLighter.cpp  0x00000000   Number         0  ledlighter.o ABSOLUTE
    source\\DataTypeRealize\\SerialPort.cpp  0x00000000   Number         0  serialport.o ABSOLUTE
    source\\DataTypeRealize\\Timer.cpp       0x00000000   Number         0  timer.o ABSOLUTE
    source\\DataTypeRealize\\WatchDog.cpp    0x00000000   Number         0  watchdog.o ABSOLUTE
    source\\Protocol\\LCDdisplay.cpp         0x00000000   Number         0  lcddisplay.o ABSOLUTE
    source\\Protocol\\TerminalControl.cpp    0x00000000   Number         0  terminalcontrol.o ABSOLUTE
    source\\STM32F3_StdPeriph\\misc.c        0x00000000   Number         0  misc.o ABSOLUTE
    source\\STM32F3_StdPeriph\\stm32f10x_conf.c 0x00000000   Number         0  stm32f10x_conf.o ABSOLUTE
    source\\STM32F3_StdPeriph\\stm32f10x_gpio.c 0x00000000   Number         0  stm32f10x_gpio.o ABSOLUTE
    source\\STM32F3_StdPeriph\\stm32f10x_iwdg.c 0x00000000   Number         0  stm32f10x_iwdg.o ABSOLUTE
    source\\STM32F3_StdPeriph\\stm32f10x_rcc.c 0x00000000   Number         0  stm32f10x_rcc.o ABSOLUTE
    source\\STM32F3_StdPeriph\\stm32f10x_tim.c 0x00000000   Number         0  stm32f10x_tim.o ABSOLUTE
    source\\STM32F3_StdPeriph\\stm32f10x_usart.c 0x00000000   Number         0  stm32f10x_usart.o ABSOLUTE
    source\\STM32_CMSIS\\system_stm32f10x.c  0x00000000   Number         0  system_stm32f10x.o ABSOLUTE
    source\\STM32_Driver\\STM32F10x_PriorityControl.c 0x00000000   Number         0  stm32f10x_prioritycontrol.o ABSOLUTE
    source\\STM32_Driver\\STM32_GpioInit.c   0x00000000   Number         0  stm32_gpioinit.o ABSOLUTE
    source\\STM32_Driver\\STM32_SysTick.c    0x00000000   Number         0  stm32_systick.o ABSOLUTE
    source\\User\\main.cpp                   0x00000000   Number         0  main.o ABSOLUTE
    RESET                                    0x08000000   Section      236  startup_stm32f10x_md.o(RESET)
    .ARM.Collect$$$$00000000                 0x080000ec   Section        0  entry.o(.ARM.Collect$$$$00000000)
    .ARM.Collect$$$$00000001                 0x080000ec   Section        4  entry2.o(.ARM.Collect$$$$00000001)
    .ARM.Collect$$$$00000004                 0x080000f0   Section        4  entry5.o(.ARM.Collect$$$$00000004)
    .ARM.Collect$$$$00000008                 0x080000f4   Section        0  entry7b.o(.ARM.Collect$$$$00000008)
    .ARM.Collect$$$$00000009                 0x080000f4   Section        4  entry8a.o(.ARM.Collect$$$$00000009)
    .ARM.Collect$$$$0000000A                 0x080000f8   Section        0  entry8b.o(.ARM.Collect$$$$0000000A)
    .ARM.Collect$$$$0000000B                 0x080000f8   Section        8  entry9a.o(.ARM.Collect$$$$0000000B)
    .ARM.Collect$$$$0000000D                 0x08000100   Section        0  entry10a.o(.ARM.Collect$$$$0000000D)
    .ARM.Collect$$$$0000000F                 0x08000100   Section        0  entry11a.o(.ARM.Collect$$$$0000000F)
    .ARM.Collect$$$$00002712                 0x08000100   Section        4  entry2.o(.ARM.Collect$$$$00002712)
    __lit__00000000                          0x08000100   Data           4  entry2.o(.ARM.Collect$$$$00002712)
    .text                                    0x08000104   Section        0  main.o(.text)
    .text                                    0x08000288   Section        0  xbotdisplayapp.o(.text)
    .text                                    0x08002c68   Section        0  lcddisplay.o(.text)
    .text                                    0x0800760c   Section        0  terminalcontrol.o(.text)
    .text                                    0x080077a8   Section        0  ledlighter.o(.text)
    .text                                    0x080078a0   Section        0  datachain.o(.text)
    .text                                    0x0800796c   Section        0  serialport.o(.text)
    __sti___14_SerialPort_cpp                0x08007f15   Thumb Code    40  serialport.o(.text)
    .text                                    0x08007f70   Section        0  timer.o(.text)
    .text                                    0x080081a0   Section        0  key.o(.text)
    .text                                    0x08008274   Section        0  stm32_gpioinit.o(.text)
    .text                                    0x08008294   Section        0  stm32f10x_prioritycontrol.o(.text)
    .text                                    0x080082c4   Section        0  stm32_systick.o(.text)
    .text                                    0x08008388   Section        0  misc.o(.text)
    .text                                    0x08008464   Section        0  stm32f10x_tim.o(.text)
    TI4_Config                               0x0800890b   Thumb Code   130  stm32f10x_tim.o(.text)
    TI3_Config                               0x0800899f   Thumb Code   122  stm32f10x_tim.o(.text)
    TI2_Config                               0x08008a33   Thumb Code   130  stm32f10x_tim.o(.text)
    TI1_Config                               0x08008ac7   Thumb Code   108  stm32f10x_tim.o(.text)
    .text                                    0x08009280   Section        0  stm32f10x_usart.o(.text)
    .text                                    0x08009688   Section        0  stm32f10x_gpio.o(.text)
    .text                                    0x080099e0   Section        0  stm32f10x_rcc.o(.text)
    .text                                    0x08009d84   Section       36  startup_stm32f10x_md.o(.text)
    .text                                    0x08009da8   Section        0  system_stm32f10x.o(.text)
    SetSysClockTo72                          0x08009da9   Thumb Code   212  system_stm32f10x.o(.text)
    SetSysClock                              0x08009e7d   Thumb Code     8  system_stm32f10x.o(.text)
    .text                                    0x08009f84   Section        0  memseta.o(.text)
    .text                                    0x08009fa8   Section        0  cpp_init.o(.text)
    .text                                    0x08009fc8   Section        0  fadd.o(.text)
    .text                                    0x0800a078   Section        0  fmul.o(.text)
    .text                                    0x0800a0e4   Section        0  dadd.o(.text)
    .text                                    0x0800a232   Section        0  dmul.o(.text)
    .text                                    0x0800a316   Section        0  fflti.o(.text)
    .text                                    0x0800a328   Section        0  ffltui.o(.text)
    .text                                    0x0800a332   Section        0  dfltui.o(.text)
    .text                                    0x0800a34c   Section        0  ffixui.o(.text)
    .text                                    0x0800a374   Section        0  dfixui.o(.text)
    .text                                    0x0800a3a6   Section        0  f2d.o(.text)
    .text                                    0x0800a3cc   Section        0  arm_newhandler_noexceptions.o(.text)
    .text                                    0x0800a3d0   Section        0  llshl.o(.text)
    .text                                    0x0800a3ee   Section        0  llushr.o(.text)
    .text                                    0x0800a40e   Section        0  llsshr.o(.text)
    .text                                    0x0800a432   Section        0  iusefp.o(.text)
    .text                                    0x0800a434   Section        0  cpp_memory.o(.text)
    .text                                    0x0800a43c   Section        0  cpp_unwinder.o(.text)
    .text                                    0x0800a45c   Section        0  fepilogue.o(.text)
    .text                                    0x0800a4c8   Section        0  depilogue.o(.text)
    .text                                    0x0800a586   Section        0  arm_exceptions_terminate.o(.text)
    .text                                    0x0800a5a0   Section       36  init.o(.text)
    .text                                    0x0800a5c4   Section        0  arm_exceptions_globs.o(.text)
    __default_terminate_handler()            0x0800a5c5   Thumb Code     6  arm_exceptions_globs.o(.text)
    .text                                    0x0800a614   Section        0  arm_exceptions_mem.o(.text)
    i._ZN10LEDLighter11setLightOffEv         0x0800a650   Section        0  main.o(i._ZN10LEDLighter11setLightOffEv)
    i._ZN9ChainNodeC1EhPS_S0_                0x0800a65e   Section        0  datachain.o(i._ZN9ChainNodeC1EhPS_S0_)
    i._ZdaPv                                 0x0800a666   Section        0  array_del.o(i._ZdaPv)
    i._ZdlPv                                 0x0800a66e   Section        0  delete.o(i._ZdlPv)
    i._Znaj                                  0x0800a676   Section        0  array_new.o(i._Znaj)
    i._Znwj                                  0x0800a680   Section        0  new.o(i._Znwj)
    i.__scatterload_copy                     0x0800a6a8   Section       14  handlers.o(i.__scatterload_copy)
    i.__scatterload_null                     0x0800a6b6   Section        2  handlers.o(i.__scatterload_null)
    i.__scatterload_zeroinit                 0x0800a6b8   Section       14  handlers.o(i.__scatterload_zeroinit)
    i.free                                   0x0800a6c8   Section        0  malloc.o(i.free)
    i.malloc                                 0x0800a718   Section        0  malloc.o(i.malloc)
    .constdata                               0x0800a784   Section     2907  lcddisplay.o(.constdata)
    ReviseAngle                              0x0800a784   Data          20  lcddisplay.o(.constdata)
    sinf                                     0x0800a798   Data        1440  lcddisplay.o(.constdata)
    cosf                                     0x0800ad38   Data        1440  lcddisplay.o(.constdata)
    locktxt                                  0x0800b2d8   Data           7  lcddisplay.o(.constdata)
    .constdata__ZTV15TerminalControl         0x0800b2e0   Section       16  terminalcontrol.o(.constdata__ZTV15TerminalControl)
    .init_array                              0x0800b300   Section        4  serialport.o(.init_array)
    .data                                    0x20000000   Section        8  main.o(.data)
    .data                                    0x20000008   Section       38  xbotdisplayapp.o(.data)
    keyIndex                                 0x20000008   Data           2  xbotdisplayapp.o(.data)
    backKaym                                 0x2000000a   Data           1  xbotdisplayapp.o(.data)
    backKaya                                 0x2000000b   Data           1  xbotdisplayapp.o(.data)
    backKayb                                 0x2000000c   Data           1  xbotdisplayapp.o(.data)
    backKayc                                 0x2000000d   Data           1  xbotdisplayapp.o(.data)
    bacdKayd                                 0x2000000e   Data           1  xbotdisplayapp.o(.data)
    backKeysValue                            0x2000000f   Data           1  xbotdisplayapp.o(.data)
    backWireLength                           0x20000010   Data           1  xbotdisplayapp.o(.data)
    backErrorFlag                            0x20000011   Data           1  xbotdisplayapp.o(.data)
    backError                                0x20000012   Data           4  xbotdisplayapp.o(.data)
    Timer                                    0x20000016   Data           2  xbotdisplayapp.o(.data)
    backErrorStatus                          0x20000018   Data           1  xbotdisplayapp.o(.data)
    backWorkMode                             0x20000019   Data           1  xbotdisplayapp.o(.data)
    backWorkMode                             0x2000001a   Data           1  xbotdisplayapp.o(.data)
    backWorkMode                             0x2000001b   Data           1  xbotdisplayapp.o(.data)
    timer                                    0x2000001c   Data           2  xbotdisplayapp.o(.data)
    firstDis                                 0x2000001e   Data           1  xbotdisplayapp.o(.data)
    backWireLength                           0x2000001f   Data           1  xbotdisplayapp.o(.data)
    firstDis                                 0x20000020   Data           1  xbotdisplayapp.o(.data)
    haveError                                0x20000021   Data           1  xbotdisplayapp.o(.data)
    firstDis                                 0x20000022   Data           1  xbotdisplayapp.o(.data)
    haveError                                0x20000023   Data           1  xbotdisplayapp.o(.data)
    firstDis                                 0x20000024   Data           1  xbotdisplayapp.o(.data)
    haveError                                0x20000025   Data           1  xbotdisplayapp.o(.data)
    firstDis                                 0x20000026   Data           1  xbotdisplayapp.o(.data)
    haveError                                0x20000027   Data           1  xbotdisplayapp.o(.data)
    backWireLength                           0x20000028   Data           1  xbotdisplayapp.o(.data)
    firstDis                                 0x20000029   Data           1  xbotdisplayapp.o(.data)
    fireOpen                                 0x2000002a   Data           1  xbotdisplayapp.o(.data)
    lightFlag                                0x2000002b   Data           1  xbotdisplayapp.o(.data)
    shootSucceed                             0x2000002c   Data           1  xbotdisplayapp.o(.data)
    lightTimer                               0x2000002d   Data           1  xbotdisplayapp.o(.data)
    .data                                    0x20000030   Section       42  lcddisplay.o(.data)
    beckBattery_1                            0x20000030   Data           1  lcddisplay.o(.data)
    beckBattery_2                            0x20000031   Data           1  lcddisplay.o(.data)
    beckBattery_3                            0x20000032   Data           1  lcddisplay.o(.data)
    beckBattery_4                            0x20000033   Data           1  lcddisplay.o(.data)
    backSignal                               0x20000034   Data           1  lcddisplay.o(.data)
    backLeftCtrlSpeed                        0x20000038   Data           4  lcddisplay.o(.data)
    backRightCtrlSpeed                       0x2000003c   Data           4  lcddisplay.o(.data)
    backLeftCtrlSpeed                        0x20000040   Data           4  lcddisplay.o(.data)
    backRightCtrlSpeed                       0x20000044   Data           4  lcddisplay.o(.data)
    i                                        0x20000048   Data           1  lcddisplay.o(.data)
    headFlag                                 0x20000049   Data           1  lcddisplay.o(.data)
    head                                     0x2000004a   Data           8  lcddisplay.o(.data)
    tail                                     0x20000052   Data           4  lcddisplay.o(.data)
    index                                    0x20000056   Data           1  lcddisplay.o(.data)
    data                                     0x20000057   Data           3  lcddisplay.o(.data)
    .data                                    0x2000005c   Section        4  stm32_systick.o(.data)
    .data                                    0x20000060   Section       20  stm32f10x_rcc.o(.data)
    APBAHBPrescTable                         0x20000060   Data          16  stm32f10x_rcc.o(.data)
    ADCPrescTable                            0x20000070   Data           4  stm32f10x_rcc.o(.data)
    .data                                    0x20000074   Section       20  system_stm32f10x.o(.data)
    .data                                    0x20000088   Section        4  cpp_memory.o(.data)
    handler_pointer                          0x20000088   Data           4  cpp_memory.o(.data)
    .data                                    0x2000008c   Section        8  cpp_unwinder.o(.data)
    eh                                       0x2000008c   Data           4  cpp_unwinder.o(.data)
    eh_p                                     0x20000090   Data           4  cpp_unwinder.o(.data)
    .data                                    0x20000094   Section        4  mvars.o(.data)
    .data                                    0x20000098   Section        4  mvars.o(.data)
    .bss                                     0x2000009c   Section      504  serialport.o(.bss)
    HEAP                                     0x20000298   Section     2048  startup_stm32f10x_md.o(HEAP)
    STACK                                    0x20000a98   Section     1024  startup_stm32f10x_md.o(STACK)

    Global Symbols

    Symbol Name                              Value     Ov Type        Size  Object(Section)

    BuildAttributes$$THM_ISAv4$P$D$K$B$S$PE$A:L22UL41UL21$X:L11$S22US41US21$IEEE1$IW$USESV6$~STKCKD$USESV7$~SHL$OTIME$ROPI$EBA8$UX$MICROLIB$REQ8$PRES8$EABIv2 0x00000000   Number         0  anon$$obj.o ABSOLUTE
    __ARM_use_no_argv                        0x00000000   Number         0  main.o ABSOLUTE
    __ARM::default_unexpected_handler()       - Undefined Weak Reference
    __ARM_exceptions_buffer_required          - Undefined Weak Reference
    __cxa_finalize                            - Undefined Weak Reference
    __decompress                              - Undefined Weak Reference
    _clock_init                               - Undefined Weak Reference
    _microlib_exit                            - Undefined Weak Reference
    __Vectors_Size                           0x000000ec   Number         0  startup_stm32f10x_md.o ABSOLUTE
    __Vectors                                0x08000000   Data           4  startup_stm32f10x_md.o(RESET)
    __Vectors_End                            0x080000ec   Data           0  startup_stm32f10x_md.o(RESET)
    __main                                   0x080000ed   Thumb Code     0  entry.o(.ARM.Collect$$$$00000000)
    _main_stk                                0x080000ed   Thumb Code     0  entry2.o(.ARM.Collect$$$$00000001)
    _main_scatterload                        0x080000f1   Thumb Code     0  entry5.o(.ARM.Collect$$$$00000004)
    __main_after_scatterload                 0x080000f5   Thumb Code     0  entry5.o(.ARM.Collect$$$$00000004)
    _main_clock                              0x080000f5   Thumb Code     0  entry7b.o(.ARM.Collect$$$$00000008)
    _main_cpp_init$empty                     0x080000f5   Thumb Code     0  entry8a.o(.ARM.Collect$$$$00000009)
    _main_cpp_init                           0x080000f9   Thumb Code     0  entry8b.o(.ARM.Collect$$$$0000000A)
    _main_init                               0x080000f9   Thumb Code     0  entry9a.o(.ARM.Collect$$$$0000000B)
    __rt_final_cpp                           0x08000101   Thumb Code     0  entry10a.o(.ARM.Collect$$$$0000000D)
    __rt_final_exit                          0x08000101   Thumb Code     0  entry11a.o(.ARM.Collect$$$$0000000F)
    main                                     0x08000105   Thumb Code   102  main.o(.text)
    TIM2_IRQHandler                          0x0800016b   Thumb Code    46  main.o(.text)
    TIM3_IRQHandler                          0x08000199   Thumb Code    38  main.o(.text)
    TIM4_IRQHandler                          0x080001bf   Thumb Code    38  main.o(.text)
    NMI_Handler                              0x080001e5   Thumb Code    12  main.o(.text)
    HardFault_Handler                        0x080001f1   Thumb Code    18  main.o(.text)
    MemManage_Handler                        0x08000203   Thumb Code    28  main.o(.text)
    BusFault_Handler                         0x0800021f   Thumb Code    20  main.o(.text)
    UsageFault_Handler                       0x08000233   Thumb Code    20  main.o(.text)
    SVC_Handler                              0x08000247   Thumb Code    12  main.o(.text)
    DebugMon_Handler                         0x08000253   Thumb Code    12  main.o(.text)
    PendSV_Handler                           0x0800025f   Thumb Code    12  main.o(.text)
    SysTick_Handler                          0x0800026b   Thumb Code     8  main.o(.text)
    XbotDisplayApp::XbotDisplayApp()         0x08000289   Thumb Code   412  xbotdisplayapp.o(.text)
    XbotDisplayApp::XbotDisplayApp__sub_object() 0x08000289   Thumb Code     0  xbotdisplayapp.o(.text)
    XbotDisplayApp::~XbotDisplayApp()        0x08000425   Thumb Code   214  xbotdisplayapp.o(.text)
    XbotDisplayApp::~XbotDisplayApp__sub_object() 0x08000425   Thumb Code     0  xbotdisplayapp.o(.text)
    XbotDisplayApp::runOnTime2()             0x080004fb   Thumb Code   494  xbotdisplayapp.o(.text)
    XbotDisplayApp::setButtonPress(unsigned char) 0x080006e9   Thumb Code    52  xbotdisplayapp.o(.text)
    XbotDisplayApp::setButtonNormal(unsigned char) 0x0800071d   Thumb Code    54  xbotdisplayapp.o(.text)
    XbotDisplayApp::disPageDubugCtrl(signed char, signed char) 0x08000753   Thumb Code   532  xbotdisplayapp.o(.text)
    XbotDisplayApp::disOtherWorkMode(bool)   0x08000967   Thumb Code  1044  xbotdisplayapp.o(.text)
    XbotDisplayApp::disErrorIcon()           0x08000d7b   Thumb Code   178  xbotdisplayapp.o(.text)
    XbotDisplayApp::disOneError(unsigned char, unsigned char, unsigned char) 0x08000e2d   Thumb Code   246  xbotdisplayapp.o(.text)
    XbotDisplayApp::checkError()             0x08000f23   Thumb Code   466  xbotdisplayapp.o(.text)
    XbotDisplayApp::disError(bool)           0x080010f5   Thumb Code   834  xbotdisplayapp.o(.text)
    XbotDisplayApp::setButtonChecked(unsigned char) 0x08001437   Thumb Code    54  xbotdisplayapp.o(.text)
    XbotDisplayApp::setWorkMode(unsigned char) 0x0800146d   Thumb Code    22  xbotdisplayapp.o(.text)
    XbotDisplayApp::disPageOtherCtrl(signed char, signed char) 0x08001483   Thumb Code  1006  xbotdisplayapp.o(.text)
    XbotDisplayApp::disArmWorkMode(bool)     0x08001871   Thumb Code   564  xbotdisplayapp.o(.text)
    XbotDisplayApp::disPageArmCtrl(signed char, signed char) 0x08001aa5   Thumb Code   604  xbotdisplayapp.o(.text)
    XbotDisplayApp::disSwingArmWorkMode(bool) 0x08001d01   Thumb Code   564  xbotdisplayapp.o(.text)
    XbotDisplayApp::disPageSwingArmCtrl(signed char, signed char) 0x08001f35   Thumb Code   600  xbotdisplayapp.o(.text)
    XbotDisplayApp::disPageAngle(signed char, signed char, bool) 0x0800218d   Thumb Code   198  xbotdisplayapp.o(.text)
    XbotDisplayApp::setMainButtonPress(unsigned char) 0x08002253   Thumb Code    54  xbotdisplayapp.o(.text)
    XbotDisplayApp::setMainButtonNormal(unsigned char) 0x08002289   Thumb Code    54  xbotdisplayapp.o(.text)
    XbotDisplayApp::disPageMain(signed char, signed char, bool) 0x080022bf   Thumb Code   632  xbotdisplayapp.o(.text)
    XbotDisplayApp::disPageStart()           0x08002537   Thumb Code   190  xbotdisplayapp.o(.text)
    XbotDisplayApp::disPageWeaponCtrl()      0x080025f5   Thumb Code   766  xbotdisplayapp.o(.text)
    XbotDisplayApp::updateLCDdata()          0x080028f3   Thumb Code   438  xbotdisplayapp.o(.text)
    XbotDisplayApp::runOnTime3()             0x08002aa9   Thumb Code   288  xbotdisplayapp.o(.text)
    XbotDisplayApp::runOnTime4()             0x08002bc9   Thumb Code    64  xbotdisplayapp.o(.text)
    XbotDisplayApp::initLCD()                0x08002c09   Thumb Code    88  xbotdisplayapp.o(.text)
    LCDdisplay::LCDdisplay(SerialPort*)      0x08002c69   Thumb Code   340  lcddisplay.o(.text)
    LCDdisplay::LCDdisplay__sub_object(SerialPort*) 0x08002c69   Thumb Code     0  lcddisplay.o(.text)
    LCDdisplay::~LCDdisplay()                0x08002dbd   Thumb Code    62  lcddisplay.o(.text)
    LCDdisplay::~LCDdisplay__sub_object()    0x08002dbd   Thumb Code     0  lcddisplay.o(.text)
    LCDdisplay::setAnglePic(unsigned char)   0x08002dfb   Thumb Code     4  lcddisplay.o(.text)
    LCDdisplay::sendCommand()                0x08002dff   Thumb Code    66  lcddisplay.o(.text)
    LCDdisplay::ShowPic(unsigned char)       0x08002e41   Thumb Code    32  lcddisplay.o(.text)
    LCDdisplay::DisplayTxt_FixedMode(unsigned char, unsigned short, unsigned short, unsigned char*, unsigned char) 0x08002e61   Thumb Code   120  lcddisplay.o(.text)
    LCDdisplay::SetColor(unsigned short, unsigned short) 0x08002ed9   Thumb Code    50  lcddisplay.o(.text)
    LCDdisplay::showVoltageAndSpeed()        0x08002f0b   Thumb Code   792  lcddisplay.o(.text)
    LCDdisplay::showVoltageAndSpeed_1()      0x08003223   Thumb Code   932  lcddisplay.o(.text)
    LCDdisplay::DisRecentage(unsigned char, unsigned short, unsigned short, unsigned short, unsigned short) 0x080035c7   Thumb Code    84  lcddisplay.o(.text)
    LCDdisplay::ShowBattery(bool)            0x0800361b   Thumb Code   992  lcddisplay.o(.text)
    LCDdisplay::ShowSignal(bool)             0x080039fb   Thumb Code   370  lcddisplay.o(.text)
    LCDdisplay::ShowCtrlSpeed(bool)          0x08003b6d   Thumb Code  1668  lcddisplay.o(.text)
    LCDdisplay::ShowCtrlSpeed_1(bool)        0x080041f1   Thumb Code  1672  lcddisplay.o(.text)
    LCDdisplay::ConnectTwoPoint(unsigned char, unsigned short, unsigned short, unsigned short, unsigned short) 0x08004879   Thumb Code    84  lcddisplay.o(.text)
    LCDdisplay::DisRound(unsigned char, unsigned short, unsigned short, unsigned short, unsigned short) 0x080048cd   Thumb Code    72  lcddisplay.o(.text)
    LCDdisplay::CutPicAndShow_1(unsigned char, unsigned short, unsigned short, unsigned short, unsigned short, unsigned short, unsigned short) 0x08004915   Thumb Code   124  lcddisplay.o(.text)
    LCDdisplay::showAngle(unsigned short, unsigned short, bool) 0x08004991   Thumb Code  9824  lcddisplay.o(.text)
    LCDdisplay::ShowBar(unsigned short, unsigned short, unsigned char) 0x08006ff1   Thumb Code   154  lcddisplay.o(.text)
    LCDdisplay::CutPicAndShow(unsigned char, unsigned short, unsigned short, unsigned short, unsigned short, unsigned short, unsigned short) 0x0800708b   Thumb Code   136  lcddisplay.o(.text)
    LCDdisplay::movePic(unsigned char, unsigned short, unsigned short, unsigned short, unsigned short, unsigned short) 0x08007113   Thumb Code    96  lcddisplay.o(.text)
    LCDdisplay::setLanguageBuf(unsigned char) 0x08007173   Thumb Code    86  lcddisplay.o(.text)
    LCDdisplay::readLanguageBuf()            0x080071c9   Thumb Code    58  lcddisplay.o(.text)
    LCDdisplay::backlightOn()                0x08007203   Thumb Code    26  lcddisplay.o(.text)
    LCDdisplay::backlightOff()               0x0800721d   Thumb Code    26  lcddisplay.o(.text)
    LCDdisplay::ShakeHand()                  0x08007237   Thumb Code    24  lcddisplay.o(.text)
    LCDdisplay::riceveData()                 0x0800724f   Thumb Code   466  lcddisplay.o(.text)
    LCDdisplay::SetSpace(unsigned char, unsigned char) 0x08007421   Thumb Code    38  lcddisplay.o(.text)
    LCDdisplay::GetColor(unsigned char, unsigned short, unsigned short) 0x08007447   Thumb Code    66  lcddisplay.o(.text)
    LCDdisplay::PWMLight(unsigned char)      0x08007489   Thumb Code    32  lcddisplay.o(.text)
    LCDdisplay::ClearScreen()                0x080074a9   Thumb Code    26  lcddisplay.o(.text)
    LCDdisplay::DisplayTxt(unsigned short, unsigned short, unsigned char*, unsigned char) 0x080074c3   Thumb Code   120  lcddisplay.o(.text)
    LCDdisplay::ShowFrequency(unsigned short, unsigned short, unsigned char, unsigned char*, unsigned char) 0x0800753b   Thumb Code    88  lcddisplay.o(.text)
    LCDdisplay::ShowCurve(unsigned short, unsigned short, unsigned short, unsigned short, unsigned short, unsigned short) 0x08007593   Thumb Code   116  lcddisplay.o(.text)
    TerminalControl::TerminalControl(SerialPort*) 0x0800760d   Thumb Code    94  terminalcontrol.o(.text)
    TerminalControl::TerminalControl__sub_object(SerialPort*) 0x0800760d   Thumb Code     0  terminalcontrol.o(.text)
    TerminalControl::~TerminalControl()      0x0800766b   Thumb Code    40  terminalcontrol.o(.text)
    TerminalControl::~TerminalControl__sub_object() 0x0800766b   Thumb Code     0  terminalcontrol.o(.text)
    TerminalControl::~TerminalControl__deallocating() 0x08007693   Thumb Code    18  terminalcontrol.o(.text)
    TerminalControl::updateSendBuf(unsigned char, unsigned char, unsigned char) 0x080076a5   Thumb Code    48  terminalcontrol.o(.text)
    TerminalControl::sendcommand()           0x080076d5   Thumb Code    16  terminalcontrol.o(.text)
    TerminalControl::reciveData()            0x080076e5   Thumb Code   192  terminalcontrol.o(.text)
    LEDLighter::initLighter()                0x080077a9   Thumb Code    20  ledlighter.o(.text)
    LEDLighter::LEDLighter(GPIO_TypeDef*, unsigned) 0x080077bd   Thumb Code   132  ledlighter.o(.text)
    LEDLighter::LEDLighter__sub_object(GPIO_TypeDef*, unsigned) 0x080077bd   Thumb Code     0  ledlighter.o(.text)
    LEDLighter::~LEDLighter()                0x08007841   Thumb Code     2  ledlighter.o(.text)
    LEDLighter::~LEDLighter__sub_object()    0x08007841   Thumb Code     0  ledlighter.o(.text)
    LEDLighter::reverseLight()               0x08007843   Thumb Code    34  ledlighter.o(.text)
    LEDLighter::setLightStatus(bool)         0x08007865   Thumb Code    32  ledlighter.o(.text)
    RingChain::RingChain(int)                0x080078a1   Thumb Code   112  datachain.o(.text)
    RingChain::RingChain__sub_object(int)    0x080078a1   Thumb Code     0  datachain.o(.text)
    RingChain::~RingChain()                  0x08007911   Thumb Code    54  datachain.o(.text)
    RingChain::~RingChain__sub_object()      0x08007911   Thumb Code     0  datachain.o(.text)
    RingChain::getData()                     0x08007947   Thumb Code     8  datachain.o(.text)
    RingChain::next()                        0x0800794f   Thumb Code     8  datachain.o(.text)
    RingChain::previous()                    0x08007957   Thumb Code     8  datachain.o(.text)
    RingChain::getLen()                      0x0800795f   Thumb Code     6  datachain.o(.text)
    RingChain::setData(unsigned char)        0x08007965   Thumb Code     6  datachain.o(.text)
    USART_data_t::disabledTX()               0x0800796d   Thumb Code    26  serialport.o(.text)
    USART_data_t::enableTX()                 0x08007987   Thumb Code    26  serialport.o(.text)
    USART_data_t::USART_DataRegEmpty()       0x080079a1   Thumb Code    72  serialport.o(.text)
    USART_data_t::USART_RXComplete()         0x080079e9   Thumb Code    58  serialport.o(.text)
    USART1_IRQHandler                        0x08007a23   Thumb Code    78  serialport.o(.text)
    USART2_IRQHandler                        0x08007a71   Thumb Code    78  serialport.o(.text)
    USART3_IRQHandler                        0x08007abf   Thumb Code    78  serialport.o(.text)
    USART_data_t::USART_data_t()             0x08007b0d   Thumb Code    34  serialport.o(.text)
    USART_data_t::USART_data_t__sub_object() 0x08007b0d   Thumb Code     0  serialport.o(.text)
    USART_data_t::USART_TXBuffer_FreeSpace() 0x08007b2f   Thumb Code    28  serialport.o(.text)
    USART_data_t::USART_TXBuffer_SendAll()   0x08007b4b   Thumb Code    22  serialport.o(.text)
    USART_data_t::USART_TXBuffer_PutByte(unsigned char) 0x08007b61   Thumb Code    62  serialport.o(.text)
    USART_data_t::USART_RXBufferData_Available() 0x08007b9f   Thumb Code    22  serialport.o(.text)
    USART_data_t::USART_RXBuffer_GetByte()   0x08007bb5   Thumb Code    26  serialport.o(.text)
    SerialPort::usartConfig(USART_TypeDef*, unsigned, unsigned short) 0x08007bcf   Thumb Code    54  serialport.o(.text)
    SerialPort::close()                      0x08007c05   Thumb Code    26  serialport.o(.text)
    SerialPort::usartGpioInit()              0x08007c1f   Thumb Code   190  serialport.o(.text)
    SerialPort::initUsart()                  0x08007cdd   Thumb Code   132  serialport.o(.text)
    SerialPort::SerialPort(int, int)         0x08007d61   Thumb Code    22  serialport.o(.text)
    SerialPort::SerialPort__sub_object(int, int) 0x08007d61   Thumb Code     0  serialport.o(.text)
    SerialPort::~SerialPort()                0x08007d77   Thumb Code    18  serialport.o(.text)
    SerialPort::~SerialPort__sub_object()    0x08007d77   Thumb Code     0  serialport.o(.text)
    SerialPort::getPort()                    0x08007d89   Thumb Code     6  serialport.o(.text)
    SerialPort::readAllow()                  0x08007d8f   Thumb Code    12  serialport.o(.text)
    SerialPort::getChar()                    0x08007d9b   Thumb Code    12  serialport.o(.text)
    SerialPort::putChar(unsigned char)       0x08007da7   Thumb Code    24  serialport.o(.text)
    SerialPort::write(unsigned char*, unsigned char) 0x08007dbf   Thumb Code    38  serialport.o(.text)
    SerialPort::writeLine(const char*)       0x08007de5   Thumb Code    68  serialport.o(.text)
    SerialPort::open()                       0x08007e29   Thumb Code    26  serialport.o(.text)
    SerialPort::setRS485CtrTx(GPIO_TypeDef*, unsigned short) 0x08007e43   Thumb Code   182  serialport.o(.text)
    SerialPort::setPriority(unsigned char, unsigned char) 0x08007ef9   Thumb Code    28  serialport.o(.text)
    Timer::stop()                            0x08007f71   Thumb Code    14  timer.o(.text)
    Timer::setPriority(unsigned char, unsigned char) 0x08007f7f   Thumb Code    28  timer.o(.text)
    Timer::setTimeOut(int)                   0x08007f9b   Thumb Code   206  timer.o(.text)
    Timer::Timer(TIM_TypeDef*)               0x08008069   Thumb Code   178  timer.o(.text)
    Timer::Timer__sub_object(TIM_TypeDef*)   0x08008069   Thumb Code     0  timer.o(.text)
    Timer::~Timer()                          0x0800811b   Thumb Code    20  timer.o(.text)
    Timer::~Timer__sub_object()              0x0800811b   Thumb Code     0  timer.o(.text)
    Timer::start()                           0x0800812f   Thumb Code    14  timer.o(.text)
    Timer::start(TIM_TypeDef*)               0x0800813d   Thumb Code    16  timer.o(.text)
    Timer::stop(TIM_TypeDef*)                0x0800814d   Thumb Code    16  timer.o(.text)
    Timer::getITStatus(TIM_TypeDef*)         0x0800815d   Thumb Code    16  timer.o(.text)
    Timer::clearITPendingBit(TIM_TypeDef*)   0x0800816d   Thumb Code    16  timer.o(.text)
    Key::initKey()                           0x080081a1   Thumb Code    20  key.o(.text)
    Key::Key(GPIO_TypeDef*, unsigned)        0x080081b5   Thumb Code   132  key.o(.text)
    Key::Key__sub_object(GPIO_TypeDef*, unsigned) 0x080081b5   Thumb Code     0  key.o(.text)
    Key::~Key()                              0x08008239   Thumb Code     6  key.o(.text)
    Key::~Key__sub_object()                  0x08008239   Thumb Code     0  key.o(.text)
    Key::getValue()                          0x0800823f   Thumb Code    24  key.o(.text)
    STM32_GpioOneInit                        0x08008275   Thumb Code    32  stm32_gpioinit.o(.text)
    setSystemPriorityGroup                   0x08008295   Thumb Code    12  stm32f10x_prioritycontrol.o(.text)
    setIRQPriority                           0x080082a1   Thumb Code    34  stm32f10x_prioritycontrol.o(.text)
    SysTick_Init                             0x080082c5   Thumb Code    86  stm32_systick.o(.text)
    SysTick_Delay                            0x0800831b   Thumb Code    20  stm32_systick.o(.text)
    SysTick_TimingDelay_Decrement            0x0800832f   Thumb Code    18  stm32_systick.o(.text)
    SysTick_DelayUs                          0x08008341   Thumb Code    26  stm32_systick.o(.text)
    SysTick_DelayMs                          0x0800835b   Thumb Code    28  stm32_systick.o(.text)
    NVIC_PriorityGroupConfig                 0x08008389   Thumb Code    10  misc.o(.text)
    NVIC_Init                                0x08008393   Thumb Code   102  misc.o(.text)
    NVIC_SetVectorTable                      0x080083f9   Thumb Code    14  misc.o(.text)
    NVIC_SystemLPConfig                      0x08008407   Thumb Code    34  misc.o(.text)
    SysTick_CLKSourceConfig                  0x08008429   Thumb Code    40  misc.o(.text)
    TIM_DeInit                               0x08008465   Thumb Code   424  stm32f10x_tim.o(.text)
    TIM_TimeBaseInit                         0x0800860d   Thumb Code   122  stm32f10x_tim.o(.text)
    TIM_OC1Init                              0x08008687   Thumb Code   132  stm32f10x_tim.o(.text)
    TIM_OC2Init                              0x0800870b   Thumb Code   154  stm32f10x_tim.o(.text)
    TIM_OC3Init                              0x080087a5   Thumb Code   150  stm32f10x_tim.o(.text)
    TIM_OC4Init                              0x0800883b   Thumb Code   182  stm32f10x_tim.o(.text)
    TIM_SetIC4Prescaler                      0x080088f1   Thumb Code    26  stm32f10x_tim.o(.text)
    TIM_SetIC3Prescaler                      0x0800898d   Thumb Code    18  stm32f10x_tim.o(.text)
    TIM_SetIC2Prescaler                      0x08008a19   Thumb Code    26  stm32f10x_tim.o(.text)
    TIM_SetIC1Prescaler                      0x08008ab5   Thumb Code    18  stm32f10x_tim.o(.text)
    TIM_ICInit                               0x08008b33   Thumb Code   150  stm32f10x_tim.o(.text)
    TIM_PWMIConfig                           0x08008bc9   Thumb Code   124  stm32f10x_tim.o(.text)
    TIM_BDTRConfig                           0x08008c45   Thumb Code    32  stm32f10x_tim.o(.text)
    TIM_TimeBaseStructInit                   0x08008c65   Thumb Code    18  stm32f10x_tim.o(.text)
    TIM_OCStructInit                         0x08008c77   Thumb Code    20  stm32f10x_tim.o(.text)
    TIM_ICStructInit                         0x08008c8b   Thumb Code    18  stm32f10x_tim.o(.text)
    TIM_BDTRStructInit                       0x08008c9d   Thumb Code    40  stm32f10x_tim.o(.text)
    TIM_Cmd                                  0x08008cc5   Thumb Code    24  stm32f10x_tim.o(.text)
    TIM_CtrlPWMOutputs                       0x08008cdd   Thumb Code    30  stm32f10x_tim.o(.text)
    TIM_ITConfig                             0x08008cfb   Thumb Code    18  stm32f10x_tim.o(.text)
    TIM_GenerateEvent                        0x08008d0d   Thumb Code     4  stm32f10x_tim.o(.text)
    TIM_DMAConfig                            0x08008d11   Thumb Code    10  stm32f10x_tim.o(.text)
    TIM_DMACmd                               0x08008d1b   Thumb Code    18  stm32f10x_tim.o(.text)
    TIM_InternalClockConfig                  0x08008d2d   Thumb Code    12  stm32f10x_tim.o(.text)
    TIM_SelectInputTrigger                   0x08008d39   Thumb Code    18  stm32f10x_tim.o(.text)
    TIM_ITRxExternalClockConfig              0x08008d4b   Thumb Code    24  stm32f10x_tim.o(.text)
    TIM_TIxExternalClockConfig               0x08008d63   Thumb Code    62  stm32f10x_tim.o(.text)
    TIM_ETRConfig                            0x08008da1   Thumb Code    28  stm32f10x_tim.o(.text)
    TIM_ETRClockMode1Config                  0x08008dbd   Thumb Code    54  stm32f10x_tim.o(.text)
    TIM_ETRClockMode2Config                  0x08008df3   Thumb Code    32  stm32f10x_tim.o(.text)
    TIM_PrescalerConfig                      0x08008e13   Thumb Code     6  stm32f10x_tim.o(.text)
    TIM_CounterModeConfig                    0x08008e19   Thumb Code    18  stm32f10x_tim.o(.text)
    TIM_EncoderInterfaceConfig               0x08008e2b   Thumb Code    66  stm32f10x_tim.o(.text)
    TIM_ForcedOC1Config                      0x08008e6d   Thumb Code    18  stm32f10x_tim.o(.text)
    TIM_ForcedOC2Config                      0x08008e7f   Thumb Code    26  stm32f10x_tim.o(.text)
    TIM_ForcedOC3Config                      0x08008e99   Thumb Code    18  stm32f10x_tim.o(.text)
    TIM_ForcedOC4Config                      0x08008eab   Thumb Code    26  stm32f10x_tim.o(.text)
    TIM_ARRPreloadConfig                     0x08008ec5   Thumb Code    24  stm32f10x_tim.o(.text)
    TIM_SelectCOM                            0x08008edd   Thumb Code    24  stm32f10x_tim.o(.text)
    TIM_SelectCCDMA                          0x08008ef5   Thumb Code    24  stm32f10x_tim.o(.text)
    TIM_CCPreloadControl                     0x08008f0d   Thumb Code    24  stm32f10x_tim.o(.text)
    TIM_OC1PreloadConfig                     0x08008f25   Thumb Code    18  stm32f10x_tim.o(.text)
    TIM_OC2PreloadConfig                     0x08008f37   Thumb Code    26  stm32f10x_tim.o(.text)
    TIM_OC3PreloadConfig                     0x08008f51   Thumb Code    18  stm32f10x_tim.o(.text)
    TIM_OC4PreloadConfig                     0x08008f63   Thumb Code    26  stm32f10x_tim.o(.text)
    TIM_OC1FastConfig                        0x08008f7d   Thumb Code    18  stm32f10x_tim.o(.text)
    TIM_OC2FastConfig                        0x08008f8f   Thumb Code    26  stm32f10x_tim.o(.text)
    TIM_OC3FastConfig                        0x08008fa9   Thumb Code    18  stm32f10x_tim.o(.text)
    TIM_OC4FastConfig                        0x08008fbb   Thumb Code    26  stm32f10x_tim.o(.text)
    TIM_ClearOC1Ref                          0x08008fd5   Thumb Code    18  stm32f10x_tim.o(.text)
    TIM_ClearOC2Ref                          0x08008fe7   Thumb Code    24  stm32f10x_tim.o(.text)
    TIM_ClearOC3Ref                          0x08008fff   Thumb Code    18  stm32f10x_tim.o(.text)
    TIM_ClearOC4Ref                          0x08009011   Thumb Code    24  stm32f10x_tim.o(.text)
    TIM_OC1PolarityConfig                    0x08009029   Thumb Code    18  stm32f10x_tim.o(.text)
    TIM_OC1NPolarityConfig                   0x0800903b   Thumb Code    18  stm32f10x_tim.o(.text)
    TIM_OC2PolarityConfig                    0x0800904d   Thumb Code    26  stm32f10x_tim.o(.text)
    TIM_OC2NPolarityConfig                   0x08009067   Thumb Code    26  stm32f10x_tim.o(.text)
    TIM_OC3PolarityConfig                    0x08009081   Thumb Code    26  stm32f10x_tim.o(.text)
    TIM_OC3NPolarityConfig                   0x0800909b   Thumb Code    26  stm32f10x_tim.o(.text)
    TIM_OC4PolarityConfig                    0x080090b5   Thumb Code    26  stm32f10x_tim.o(.text)
    TIM_CCxCmd                               0x080090cf   Thumb Code    30  stm32f10x_tim.o(.text)
    TIM_CCxNCmd                              0x080090ed   Thumb Code    30  stm32f10x_tim.o(.text)
    TIM_SelectOCxM                           0x0800910b   Thumb Code    82  stm32f10x_tim.o(.text)
    TIM_UpdateDisableConfig                  0x0800915d   Thumb Code    24  stm32f10x_tim.o(.text)
    TIM_UpdateRequestConfig                  0x08009175   Thumb Code    24  stm32f10x_tim.o(.text)
    TIM_SelectHallSensor                     0x0800918d   Thumb Code    24  stm32f10x_tim.o(.text)
    TIM_SelectOnePulseMode                   0x080091a5   Thumb Code    18  stm32f10x_tim.o(.text)
    TIM_SelectOutputTrigger                  0x080091b7   Thumb Code    18  stm32f10x_tim.o(.text)
    TIM_SelectSlaveMode                      0x080091c9   Thumb Code    18  stm32f10x_tim.o(.text)
    TIM_SelectMasterSlaveMode                0x080091db   Thumb Code    18  stm32f10x_tim.o(.text)
    TIM_SetCounter                           0x080091ed   Thumb Code     4  stm32f10x_tim.o(.text)
    TIM_SetAutoreload                        0x080091f1   Thumb Code     4  stm32f10x_tim.o(.text)
    TIM_SetCompare1                          0x080091f5   Thumb Code     4  stm32f10x_tim.o(.text)
    TIM_SetCompare2                          0x080091f9   Thumb Code     4  stm32f10x_tim.o(.text)
    TIM_SetCompare3                          0x080091fd   Thumb Code     4  stm32f10x_tim.o(.text)
    TIM_SetCompare4                          0x08009201   Thumb Code     6  stm32f10x_tim.o(.text)
    TIM_SetClockDivision                     0x08009207   Thumb Code    18  stm32f10x_tim.o(.text)
    TIM_GetCapture1                          0x08009219   Thumb Code     6  stm32f10x_tim.o(.text)
    TIM_GetCapture2                          0x0800921f   Thumb Code     6  stm32f10x_tim.o(.text)
    TIM_GetCapture3                          0x08009225   Thumb Code     6  stm32f10x_tim.o(.text)
    TIM_GetCapture4                          0x0800922b   Thumb Code     8  stm32f10x_tim.o(.text)
    TIM_GetCounter                           0x08009233   Thumb Code     6  stm32f10x_tim.o(.text)
    TIM_GetPrescaler                         0x08009239   Thumb Code     6  stm32f10x_tim.o(.text)
    TIM_GetFlagStatus                        0x0800923f   Thumb Code    18  stm32f10x_tim.o(.text)
    TIM_ClearFlag                            0x08009251   Thumb Code     6  stm32f10x_tim.o(.text)
    TIM_GetITStatus                          0x08009257   Thumb Code    34  stm32f10x_tim.o(.text)
    TIM_ClearITPendingBit                    0x08009279   Thumb Code     6  stm32f10x_tim.o(.text)
    USART_DeInit                             0x08009281   Thumb Code   134  stm32f10x_usart.o(.text)
    USART_Init                               0x08009307   Thumb Code   210  stm32f10x_usart.o(.text)
    USART_StructInit                         0x080093d9   Thumb Code    24  stm32f10x_usart.o(.text)
    USART_ClockInit                          0x080093f1   Thumb Code    34  stm32f10x_usart.o(.text)
    USART_ClockStructInit                    0x08009413   Thumb Code    12  stm32f10x_usart.o(.text)
    USART_Cmd                                0x0800941f   Thumb Code    24  stm32f10x_usart.o(.text)
    USART_ITConfig                           0x08009437   Thumb Code    74  stm32f10x_usart.o(.text)
    USART_DMACmd                             0x08009481   Thumb Code    18  stm32f10x_usart.o(.text)
    USART_SetAddress                         0x08009493   Thumb Code    18  stm32f10x_usart.o(.text)
    USART_WakeUpConfig                       0x080094a5   Thumb Code    18  stm32f10x_usart.o(.text)
    USART_ReceiverWakeUpCmd                  0x080094b7   Thumb Code    24  stm32f10x_usart.o(.text)
    USART_LINBreakDetectLengthConfig         0x080094cf   Thumb Code    18  stm32f10x_usart.o(.text)
    USART_LINCmd                             0x080094e1   Thumb Code    24  stm32f10x_usart.o(.text)
    USART_SendData                           0x080094f9   Thumb Code     8  stm32f10x_usart.o(.text)
    USART_ReceiveData                        0x08009501   Thumb Code    10  stm32f10x_usart.o(.text)
    USART_SendBreak                          0x0800950b   Thumb Code    10  stm32f10x_usart.o(.text)
    USART_SetGuardTime                       0x08009515   Thumb Code    16  stm32f10x_usart.o(.text)
    USART_SetPrescaler                       0x08009525   Thumb Code    16  stm32f10x_usart.o(.text)
    USART_SmartCardCmd                       0x08009535   Thumb Code    24  stm32f10x_usart.o(.text)
    USART_SmartCardNACKCmd                   0x0800954d   Thumb Code    24  stm32f10x_usart.o(.text)
    USART_HalfDuplexCmd                      0x08009565   Thumb Code    24  stm32f10x_usart.o(.text)
    USART_OverSampling8Cmd                   0x0800957d   Thumb Code    22  stm32f10x_usart.o(.text)
    USART_OneBitMethodCmd                    0x08009593   Thumb Code    24  stm32f10x_usart.o(.text)
    USART_IrDAConfig                         0x080095ab   Thumb Code    18  stm32f10x_usart.o(.text)
    USART_IrDACmd                            0x080095bd   Thumb Code    24  stm32f10x_usart.o(.text)
    USART_GetFlagStatus                      0x080095d5   Thumb Code    26  stm32f10x_usart.o(.text)
    USART_ClearFlag                          0x080095ef   Thumb Code    18  stm32f10x_usart.o(.text)
    USART_GetITStatus                        0x08009601   Thumb Code    84  stm32f10x_usart.o(.text)
    USART_ClearITPendingBit                  0x08009655   Thumb Code    52  stm32f10x_usart.o(.text)
    GPIO_DeInit                              0x08009689   Thumb Code   172  stm32f10x_gpio.o(.text)
    GPIO_AFIODeInit                          0x08009735   Thumb Code    20  stm32f10x_gpio.o(.text)
    GPIO_Init                                0x08009749   Thumb Code   274  stm32f10x_gpio.o(.text)
    GPIO_StructInit                          0x0800985b   Thumb Code    16  stm32f10x_gpio.o(.text)
    GPIO_ReadInputDataBit                    0x0800986b   Thumb Code    18  stm32f10x_gpio.o(.text)
    GPIO_ReadInputData                       0x0800987d   Thumb Code     8  stm32f10x_gpio.o(.text)
    GPIO_ReadOutputDataBit                   0x08009885   Thumb Code    18  stm32f10x_gpio.o(.text)
    GPIO_ReadOutputData                      0x08009897   Thumb Code     8  stm32f10x_gpio.o(.text)
    GPIO_SetBits                             0x0800989f   Thumb Code     4  stm32f10x_gpio.o(.text)
    GPIO_ResetBits                           0x080098a3   Thumb Code     4  stm32f10x_gpio.o(.text)
    GPIO_WriteBit                            0x080098a7   Thumb Code    10  stm32f10x_gpio.o(.text)
    GPIO_Write                               0x080098b1   Thumb Code     4  stm32f10x_gpio.o(.text)
    GPIO_PinLockConfig                       0x080098b5   Thumb Code    18  stm32f10x_gpio.o(.text)
    GPIO_EventOutputConfig                   0x080098c7   Thumb Code    26  stm32f10x_gpio.o(.text)
    GPIO_EventOutputCmd                      0x080098e1   Thumb Code     6  stm32f10x_gpio.o(.text)
    GPIO_PinRemapConfig                      0x080098e7   Thumb Code   138  stm32f10x_gpio.o(.text)
    GPIO_EXTILineConfig                      0x08009971   Thumb Code    66  stm32f10x_gpio.o(.text)
    GPIO_ETH_MediaInterfaceConfig            0x080099b3   Thumb Code     6  stm32f10x_gpio.o(.text)
    RCC_DeInit                               0x080099e1   Thumb Code    64  stm32f10x_rcc.o(.text)
    RCC_HSEConfig                            0x08009a21   Thumb Code    70  stm32f10x_rcc.o(.text)
    RCC_GetFlagStatus                        0x08009a67   Thumb Code    56  stm32f10x_rcc.o(.text)
    RCC_WaitForHSEStartUp                    0x08009a9f   Thumb Code    56  stm32f10x_rcc.o(.text)
    RCC_AdjustHSICalibrationValue            0x08009ad7   Thumb Code    20  stm32f10x_rcc.o(.text)
    RCC_HSICmd                               0x08009aeb   Thumb Code     6  stm32f10x_rcc.o(.text)
    RCC_PLLConfig                            0x08009af1   Thumb Code    24  stm32f10x_rcc.o(.text)
    RCC_PLLCmd                               0x08009b09   Thumb Code     6  stm32f10x_rcc.o(.text)
    RCC_SYSCLKConfig                         0x08009b0f   Thumb Code    18  stm32f10x_rcc.o(.text)
    RCC_GetSYSCLKSource                      0x08009b21   Thumb Code    10  stm32f10x_rcc.o(.text)
    RCC_HCLKConfig                           0x08009b2b   Thumb Code    18  stm32f10x_rcc.o(.text)
    RCC_PCLK1Config                          0x08009b3d   Thumb Code    18  stm32f10x_rcc.o(.text)
    RCC_PCLK2Config                          0x08009b4f   Thumb Code    20  stm32f10x_rcc.o(.text)
    RCC_ITConfig                             0x08009b63   Thumb Code    26  stm32f10x_rcc.o(.text)
    RCC_USBCLKConfig                         0x08009b7d   Thumb Code     6  stm32f10x_rcc.o(.text)
    RCC_ADCCLKConfig                         0x08009b83   Thumb Code    18  stm32f10x_rcc.o(.text)
    RCC_LSEConfig                            0x08009b95   Thumb Code    44  stm32f10x_rcc.o(.text)
    RCC_LSICmd                               0x08009bc1   Thumb Code     6  stm32f10x_rcc.o(.text)
    RCC_RTCCLKConfig                         0x08009bc7   Thumb Code    12  stm32f10x_rcc.o(.text)
    RCC_RTCCLKCmd                            0x08009bd3   Thumb Code     8  stm32f10x_rcc.o(.text)
    RCC_GetClocksFreq                        0x08009bdb   Thumb Code   192  stm32f10x_rcc.o(.text)
    RCC_AHBPeriphClockCmd                    0x08009c9b   Thumb Code    26  stm32f10x_rcc.o(.text)
    RCC_APB2PeriphClockCmd                   0x08009cb5   Thumb Code    26  stm32f10x_rcc.o(.text)
    RCC_APB1PeriphClockCmd                   0x08009ccf   Thumb Code    26  stm32f10x_rcc.o(.text)
    RCC_APB2PeriphResetCmd                   0x08009ce9   Thumb Code    26  stm32f10x_rcc.o(.text)
    RCC_APB1PeriphResetCmd                   0x08009d03   Thumb Code    26  stm32f10x_rcc.o(.text)
    RCC_BackupResetCmd                       0x08009d1d   Thumb Code     8  stm32f10x_rcc.o(.text)
    RCC_ClockSecuritySystemCmd               0x08009d25   Thumb Code     6  stm32f10x_rcc.o(.text)
    RCC_MCOConfig                            0x08009d2b   Thumb Code     6  stm32f10x_rcc.o(.text)
    RCC_ClearFlag                            0x08009d31   Thumb Code    14  stm32f10x_rcc.o(.text)
    RCC_GetITStatus                          0x08009d3f   Thumb Code    20  stm32f10x_rcc.o(.text)
    RCC_ClearITPendingBit                    0x08009d53   Thumb Code     6  stm32f10x_rcc.o(.text)
    Reset_Handler                            0x08009d85   Thumb Code     8  startup_stm32f10x_md.o(.text)
    ADC1_2_IRQHandler                        0x08009d9f   Thumb Code     0  startup_stm32f10x_md.o(.text)
    CAN1_RX1_IRQHandler                      0x08009d9f   Thumb Code     0  startup_stm32f10x_md.o(.text)
    CAN1_SCE_IRQHandler                      0x08009d9f   Thumb Code     0  startup_stm32f10x_md.o(.text)
    DMA1_Channel1_IRQHandler                 0x08009d9f   Thumb Code     0  startup_stm32f10x_md.o(.text)
    DMA1_Channel2_IRQHandler                 0x08009d9f   Thumb Code     0  startup_stm32f10x_md.o(.text)
    DMA1_Channel3_IRQHandler                 0x08009d9f   Thumb Code     0  startup_stm32f10x_md.o(.text)
    DMA1_Channel4_IRQHandler                 0x08009d9f   Thumb Code     0  startup_stm32f10x_md.o(.text)
    DMA1_Channel5_IRQHandler                 0x08009d9f   Thumb Code     0  startup_stm32f10x_md.o(.text)
    DMA1_Channel6_IRQHandler                 0x08009d9f   Thumb Code     0  startup_stm32f10x_md.o(.text)
    DMA1_Channel7_IRQHandler                 0x08009d9f   Thumb Code     0  startup_stm32f10x_md.o(.text)
    EXTI0_IRQHandler                         0x08009d9f   Thumb Code     0  startup_stm32f10x_md.o(.text)
    EXTI15_10_IRQHandler                     0x08009d9f   Thumb Code     0  startup_stm32f10x_md.o(.text)
    EXTI1_IRQHandler                         0x08009d9f   Thumb Code     0  startup_stm32f10x_md.o(.text)
    EXTI2_IRQHandler                         0x08009d9f   Thumb Code     0  startup_stm32f10x_md.o(.text)
    EXTI3_IRQHandler                         0x08009d9f   Thumb Code     0  startup_stm32f10x_md.o(.text)
    EXTI4_IRQHandler                         0x08009d9f   Thumb Code     0  startup_stm32f10x_md.o(.text)
    EXTI9_5_IRQHandler                       0x08009d9f   Thumb Code     0  startup_stm32f10x_md.o(.text)
    FLASH_IRQHandler                         0x08009d9f   Thumb Code     0  startup_stm32f10x_md.o(.text)
    I2C1_ER_IRQHandler                       0x08009d9f   Thumb Code     0  startup_stm32f10x_md.o(.text)
    I2C1_EV_IRQHandler                       0x08009d9f   Thumb Code     0  startup_stm32f10x_md.o(.text)
    I2C2_ER_IRQHandler                       0x08009d9f   Thumb Code     0  startup_stm32f10x_md.o(.text)
    I2C2_EV_IRQHandler                       0x08009d9f   Thumb Code     0  startup_stm32f10x_md.o(.text)
    PVD_IRQHandler                           0x08009d9f   Thumb Code     0  startup_stm32f10x_md.o(.text)
    RCC_IRQHandler                           0x08009d9f   Thumb Code     0  startup_stm32f10x_md.o(.text)
    RTCAlarm_IRQHandler                      0x08009d9f   Thumb Code     0  startup_stm32f10x_md.o(.text)
    RTC_IRQHandler                           0x08009d9f   Thumb Code     0  startup_stm32f10x_md.o(.text)
    SPI1_IRQHandler                          0x08009d9f   Thumb Code     0  startup_stm32f10x_md.o(.text)
    SPI2_IRQHandler                          0x08009d9f   Thumb Code     0  startup_stm32f10x_md.o(.text)
    TAMPER_IRQHandler                        0x08009d9f   Thumb Code     0  startup_stm32f10x_md.o(.text)
    TIM1_BRK_IRQHandler                      0x08009d9f   Thumb Code     0  startup_stm32f10x_md.o(.text)
    TIM1_CC_IRQHandler                       0x08009d9f   Thumb Code     0  startup_stm32f10x_md.o(.text)
    TIM1_TRG_COM_IRQHandler                  0x08009d9f   Thumb Code     0  startup_stm32f10x_md.o(.text)
    TIM1_UP_IRQHandler                       0x08009d9f   Thumb Code     0  startup_stm32f10x_md.o(.text)
    USBWakeUp_IRQHandler                     0x08009d9f   Thumb Code     0  startup_stm32f10x_md.o(.text)
    USB_HP_CAN1_TX_IRQHandler                0x08009d9f   Thumb Code     0  startup_stm32f10x_md.o(.text)
    USB_LP_CAN1_RX0_IRQHandler               0x08009d9f   Thumb Code     0  startup_stm32f10x_md.o(.text)
    WWDG_IRQHandler                          0x08009d9f   Thumb Code     0  startup_stm32f10x_md.o(.text)
    SystemInit                               0x08009e85   Thumb Code    78  system_stm32f10x.o(.text)
    SystemCoreClockUpdate                    0x08009ed3   Thumb Code   142  system_stm32f10x.o(.text)
    __aeabi_memset                           0x08009f85   Thumb Code    14  memseta.o(.text)
    __aeabi_memset4                          0x08009f85   Thumb Code     0  memseta.o(.text)
    __aeabi_memset8                          0x08009f85   Thumb Code     0  memseta.o(.text)
    __aeabi_memclr                           0x08009f93   Thumb Code     4  memseta.o(.text)
    __aeabi_memclr4                          0x08009f93   Thumb Code     0  memseta.o(.text)
    __aeabi_memclr8                          0x08009f93   Thumb Code     0  memseta.o(.text)
    _memset$wrapper                          0x08009f97   Thumb Code    18  memseta.o(.text)
    __cpp_initialize__aeabi_                 0x08009fa9   Thumb Code    22  cpp_init.o(.text)
    __aeabi_fadd                             0x08009fc9   Thumb Code   164  fadd.o(.text)
    __aeabi_fsub                             0x0800a06d   Thumb Code     6  fadd.o(.text)
    __aeabi_frsub                            0x0800a073   Thumb Code     6  fadd.o(.text)
    __aeabi_fmul                             0x0800a079   Thumb Code   108  fmul.o(.text)
    __aeabi_dadd                             0x0800a0e5   Thumb Code   322  dadd.o(.text)
    __aeabi_dsub                             0x0800a227   Thumb Code     6  dadd.o(.text)
    __aeabi_drsub                            0x0800a22d   Thumb Code     6  dadd.o(.text)
    __aeabi_dmul                             0x0800a233   Thumb Code   228  dmul.o(.text)
    __aeabi_i2f                              0x0800a317   Thumb Code    18  fflti.o(.text)
    __aeabi_ui2f                             0x0800a329   Thumb Code    10  ffltui.o(.text)
    __aeabi_ui2d                             0x0800a333   Thumb Code    26  dfltui.o(.text)
    __aeabi_f2uiz                            0x0800a34d   Thumb Code    40  ffixui.o(.text)
    __aeabi_d2uiz                            0x0800a375   Thumb Code    50  dfixui.o(.text)
    __aeabi_f2d                              0x0800a3a7   Thumb Code    38  f2d.o(.text)
    __default_new_handler()                  0x0800a3cd   Thumb Code     4  arm_newhandler_noexceptions.o(.text)
    __aeabi_llsl                             0x0800a3d1   Thumb Code    30  llshl.o(.text)
    _ll_shift_l                              0x0800a3d1   Thumb Code     0  llshl.o(.text)
    __aeabi_llsr                             0x0800a3ef   Thumb Code    32  llushr.o(.text)
    _ll_ushift_r                             0x0800a3ef   Thumb Code     0  llushr.o(.text)
    __aeabi_lasr                             0x0800a40f   Thumb Code    36  llsshr.o(.text)
    _ll_sshift_r                             0x0800a40f   Thumb Code     0  llsshr.o(.text)
    __I$use$fp                               0x0800a433   Thumb Code     0  iusefp.o(.text)
    __rt_new_handler_addr                    0x0800a435   Thumb Code     4  cpp_memory.o(.text)
    __aeabi_unwind_cpp_pr0                   0x0800a43d   Thumb Code     4  cpp_unwinder.o(.text)
    __aeabi_unwind_cpp_pr1                   0x0800a441   Thumb Code     4  cpp_unwinder.o(.text)
    _Unwind_DeleteException                  0x0800a445   Thumb Code     2  cpp_unwinder.o(.text)
    _Unwind_Activity                         0x0800a447   Thumb Code     2  cpp_unwinder.o(.text)
    _Unwind_RaiseException                   0x0800a449   Thumb Code     4  cpp_unwinder.o(.text)
    __rt_eh_globals_addr                     0x0800a44d   Thumb Code    10  cpp_unwinder.o(.text)
    _float_round                             0x0800a45d   Thumb Code    18  fepilogue.o(.text)
    _float_epilogue                          0x0800a46f   Thumb Code    90  fepilogue.o(.text)
    _double_round                            0x0800a4c9   Thumb Code    26  depilogue.o(.text)
    _double_epilogue                         0x0800a4e3   Thumb Code   164  depilogue.o(.text)
    std::terminate()                         0x0800a587   Thumb Code    26  arm_exceptions_terminate.o(.text)
    __scatterload                            0x0800a5a1   Thumb Code    28  init.o(.text)
    __scatterload_rt2                        0x0800a5a1   Thumb Code     0  init.o(.text)
    __cxa_get_globals                        0x0800a5cb   Thumb Code    62  arm_exceptions_globs.o(.text)
    __ARM_exceptions_buffer_init             0x0800a615   Thumb Code    18  arm_exceptions_mem.o(.text)
    __ARM_exceptions_buffer_allocate         0x0800a627   Thumb Code    22  arm_exceptions_mem.o(.text)
    __ARM_exceptions_buffer_free             0x0800a63d   Thumb Code    20  arm_exceptions_mem.o(.text)
    LEDLighter::setLightOff()                0x0800a651   Thumb Code    14  main.o(i._ZN10LEDLighter11setLightOffEv)
    ChainNode::ChainNode(unsigned char, ChainNode*, ChainNode*) 0x0800a65f   Thumb Code     8  datachain.o(i._ZN9ChainNodeC1EhPS_S0_)
    ChainNode::ChainNode__sub_object(unsigned char, ChainNode*, ChainNode*) 0x0800a65f   Thumb Code     0  datachain.o(i._ZN9ChainNodeC1EhPS_S0_)
    operator delete[] (void*)                0x0800a667   Thumb Code     8  array_del.o(i._ZdaPv)
    operator delete (void*)                  0x0800a66f   Thumb Code     8  delete.o(i._ZdlPv)
    operator new[] (unsigned)                0x0800a677   Thumb Code     8  array_new.o(i._Znaj)
    operator new(unsigned)                   0x0800a681   Thumb Code    34  new.o(i._Znwj)
    __scatterload_copy                       0x0800a6a9   Thumb Code    14  handlers.o(i.__scatterload_copy)
    __scatterload_null                       0x0800a6b7   Thumb Code     2  handlers.o(i.__scatterload_null)
    __scatterload_zeroinit                   0x0800a6b9   Thumb Code    14  handlers.o(i.__scatterload_zeroinit)
    free                                     0x0800a6c9   Thumb Code    76  malloc.o(i.free)
    malloc                                   0x0800a719   Thumb Code    92  malloc.o(i.malloc)
    vtable for TerminalControl               0x0800b2e0   Data          16  terminalcontrol.o(.constdata__ZTV15TerminalControl)
    Region$$Table$$Base                      0x0800b2f0   Number         0  anon$$obj.o(Region$$Table)
    Region$$Table$$Limit                     0x0800b300   Number         0  anon$$obj.o(Region$$Table)
    SHT$$INIT_ARRAY$$Base                    0x0800b300   Number         0  serialport.o(.init_array)
    SHT$$INIT_ARRAY$$Limit                   0x0800b304   Number         0  serialport.o(.init_array)
    myApp                                    0x20000000   Data           4  main.o(.data)
    LED_EXCEPTION                            0x20000004   Data           4  main.o(.data)
    SysTick_TimingDelay                      0x2000005c   Data           4  stm32_systick.o(.data)
    SystemCoreClock                          0x20000074   Data           4  system_stm32f10x.o(.data)
    AHBPrescTable                            0x20000078   Data          16  system_stm32f10x.o(.data)
    __microlib_freelist                      0x20000094   Data           4  mvars.o(.data)
    __microlib_freelist_initialised          0x20000098   Data           4  mvars.o(.data)
    USART_data_1                             0x2000009c   Data          84  serialport.o(.bss)
    USART_data_2                             0x200000f0   Data          84  serialport.o(.bss)
    USART_data_3                             0x20000144   Data          84  serialport.o(.bss)
    USART_data_4                             0x20000198   Data          84  serialport.o(.bss)
    USART_data_5                             0x200001ec   Data          84  serialport.o(.bss)
    USART_data_6                             0x20000240   Data          84  serialport.o(.bss)
    __heap_base                              0x20000298   Data           0  startup_stm32f10x_md.o(HEAP)
    __heap_limit                             0x20000a98   Data           0  startup_stm32f10x_md.o(HEAP)
    __initial_sp                             0x20000e98   Data           0  startup_stm32f10x_md.o(STACK)



==============================================================================

Memory Map of the image

  Image Entry point : 0x080000ed

  Load Region LR_IROM1 (Base: 0x08000000, Size: 0x0000b3a0, Max: 0x00020000, ABSOLUTE)

    Execution Region ER_IROM1 (Base: 0x08000000, Size: 0x0000b304, Max: 0x00020000, ABSOLUTE)

    Base Addr    Size         Type   Attr      Idx    E Section Name        Object

    0x08000000   0x000000ec   Data   RO          809    RESET               startup_stm32f10x_md.o
    0x080000ec   0x00000000   Code   RO          954  * .ARM.Collect$$$$00000000  mc_w.l(entry.o)
    0x080000ec   0x00000004   Code   RO         1010    .ARM.Collect$$$$00000001  mc_w.l(entry2.o)
    0x080000f0   0x00000004   Code   RO         1013    .ARM.Collect$$$$00000004  mc_w.l(entry5.o)
    0x080000f4   0x00000000   Code   RO         1015    .ARM.Collect$$$$00000008  mc_w.l(entry7b.o)
    0x080000f4   0x00000004   Code   RO         1016    .ARM.Collect$$$$00000009  mc_w.l(entry8a.o)
    0x080000f8   0x00000000   Code   RO         1017    .ARM.Collect$$$$0000000A  mc_w.l(entry8b.o)
    0x080000f8   0x00000008   Code   RO         1018    .ARM.Collect$$$$0000000B  mc_w.l(entry9a.o)
    0x08000100   0x00000000   Code   RO         1020    .ARM.Collect$$$$0000000D  mc_w.l(entry10a.o)
    0x08000100   0x00000000   Code   RO         1022    .ARM.Collect$$$$0000000F  mc_w.l(entry11a.o)
    0x08000100   0x00000004   Code   RO         1011    .ARM.Collect$$$$00002712  mc_w.l(entry2.o)
    0x08000104   0x00000184   Code   RO            3    .text               main.o
    0x08000288   0x000029e0   Code   RO          169    .text               xbotdisplayapp.o
    0x08002c68   0x000049a4   Code   RO          206    .text               lcddisplay.o
    0x0800760c   0x0000019c   Code   RO          232    .text               terminalcontrol.o
    0x080077a8   0x000000f8   Code   RO          354    .text               ledlighter.o
    0x080078a0   0x000000ca   Code   RO          400    .text               datachain.o
    0x0800796a   0x00000002   PAD
    0x0800796c   0x00000604   Code   RO          433    .text               serialport.o
    0x08007f70   0x00000230   Code   RO          458    .text               timer.o
    0x080081a0   0x000000d4   Code   RO          481    .text               key.o
    0x08008274   0x00000020   Code   RO          504    .text               stm32_gpioinit.o
    0x08008294   0x0000002e   Code   RO          620    .text               stm32f10x_prioritycontrol.o
    0x080082c2   0x00000002   PAD
    0x080082c4   0x000000c4   Code   RO          643    .text               stm32_systick.o
    0x08008388   0x000000dc   Code   RO          673    .text               misc.o
    0x08008464   0x00000e1a   Code   RO          693    .text               stm32f10x_tim.o
    0x0800927e   0x00000002   PAD
    0x08009280   0x00000408   Code   RO          713    .text               stm32f10x_usart.o
    0x08009688   0x00000358   Code   RO          733    .text               stm32f10x_gpio.o
    0x080099e0   0x000003a4   Code   RO          753    .text               stm32f10x_rcc.o
    0x08009d84   0x00000024   Code   RO          810    .text               startup_stm32f10x_md.o
    0x08009da8   0x000001dc   Code   RO          816    .text               system_stm32f10x.o
    0x08009f84   0x00000024   Code   RO          957    .text               mc_w.l(memseta.o)
    0x08009fa8   0x00000020   Code   RO          962    .text               mc_w.l(cpp_init.o)
    0x08009fc8   0x000000b0   Code   RO          964    .text               mf_w.l(fadd.o)
    0x0800a078   0x0000006c   Code   RO          966    .text               mf_w.l(fmul.o)
    0x0800a0e4   0x0000014e   Code   RO          968    .text               mf_w.l(dadd.o)
    0x0800a232   0x000000e4   Code   RO          970    .text               mf_w.l(dmul.o)
    0x0800a316   0x00000012   Code   RO          972    .text               mf_w.l(fflti.o)
    0x0800a328   0x0000000a   Code   RO          974    .text               mf_w.l(ffltui.o)
    0x0800a332   0x0000001a   Code   RO          976    .text               mf_w.l(dfltui.o)
    0x0800a34c   0x00000028   Code   RO          978    .text               mf_w.l(ffixui.o)
    0x0800a374   0x00000032   Code   RO          980    .text               mf_w.l(dfixui.o)
    0x0800a3a6   0x00000026   Code   RO          982    .text               mf_w.l(f2d.o)
    0x0800a3cc   0x00000004   Code   RO          987    .text               cpprt_w.l(arm_newhandler_noexceptions.o)
    0x0800a3d0   0x0000001e   Code   RO         1024    .text               mc_w.l(llshl.o)
    0x0800a3ee   0x00000020   Code   RO         1026    .text               mc_w.l(llushr.o)
    0x0800a40e   0x00000024   Code   RO         1028    .text               mc_w.l(llsshr.o)
    0x0800a432   0x00000000   Code   RO         1058    .text               mc_w.l(iusefp.o)
    0x0800a432   0x00000002   PAD
    0x0800a434   0x00000008   Code   RO         1059    .text               mc_w.l(cpp_memory.o)
    0x0800a43c   0x00000020   Code   RO         1062    .text               mc_w.l(cpp_unwinder.o)
    0x0800a45c   0x0000006c   Code   RO         1065    .text               mf_w.l(fepilogue.o)
    0x0800a4c8   0x000000be   Code   RO         1067    .text               mf_w.l(depilogue.o)
    0x0800a586   0x0000001a   Code   RO         1069    .text               cpprt_w.l(arm_exceptions_terminate.o)
    0x0800a5a0   0x00000024   Code   RO         1085    .text               mc_w.l(init.o)
    0x0800a5c4   0x00000050   Code   RO         1093    .text               cpprt_w.l(arm_exceptions_globs.o)
    0x0800a614   0x0000003c   Code   RO         1101    .text               cpprt_w.l(arm_exceptions_mem.o)
    0x0800a650   0x0000000e   Code   RO           23    i._ZN10LEDLighter11setLightOffEv  main.o
    0x0800a65e   0x00000008   Code   RO          415    i._ZN9ChainNodeC1EhPS_S0_  datachain.o
    0x0800a666   0x00000008   Code   RO          840    i._ZdaPv            cpprt_w.l(array_del.o)
    0x0800a66e   0x00000008   Code   RO          847    i._ZdlPv            cpprt_w.l(delete.o)
    0x0800a676   0x00000008   Code   RO          843    i._Znaj             cpprt_w.l(array_new.o)
    0x0800a67e   0x00000002   PAD
    0x0800a680   0x00000028   Code   RO          850    i._Znwj             cpprt_w.l(new.o)
    0x0800a6a8   0x0000000e   Code   RO         1106    i.__scatterload_copy  mc_w.l(handlers.o)
    0x0800a6b6   0x00000002   Code   RO         1107    i.__scatterload_null  mc_w.l(handlers.o)
    0x0800a6b8   0x0000000e   Code   RO         1108    i.__scatterload_zeroinit  mc_w.l(handlers.o)
    0x0800a6c6   0x00000002   PAD
    0x0800a6c8   0x00000050   Code   RO         1030    i.free              mc_w.l(malloc.o)
    0x0800a718   0x0000006c   Code   RO         1031    i.malloc            mc_w.l(malloc.o)
    0x0800a784   0x00000b5b   Data   RO          208    .constdata          lcddisplay.o
    0x0800b2df   0x00000001   PAD
    0x0800b2e0   0x00000010   Data   RO          248    .constdata__ZTV15TerminalControl  terminalcontrol.o
    0x0800b2f0   0x00000010   Data   RO         1104    Region$$Table       anon$$obj.o
    0x0800b300   0x00000004   Data   RO          436    .init_array         serialport.o


    Execution Region RW_IRAM1 (Base: 0x20000000, Size: 0x00000e98, Max: 0x00005000, ABSOLUTE, UNINIT)

    Base Addr    Size         Type   Attr      Idx    E Section Name        Object

    0x20000000   0x00000008   Data   RW            5    .data               main.o
    0x20000008   0x00000026   Data   RW          171    .data               xbotdisplayapp.o
    0x2000002e   0x00000002   PAD
    0x20000030   0x0000002a   Data   RW          209    .data               lcddisplay.o
    0x2000005a   0x00000002   PAD
    0x2000005c   0x00000004   Data   RW          644    .data               stm32_systick.o
    0x20000060   0x00000014   Data   RW          754    .data               stm32f10x_rcc.o
    0x20000074   0x00000014   Data   RW          817    .data               system_stm32f10x.o
    0x20000088   0x00000004   Data   RW         1060    .data               mc_w.l(cpp_memory.o)
    0x2000008c   0x00000008   Data   RW         1063    .data               mc_w.l(cpp_unwinder.o)
    0x20000094   0x00000004   Data   RW         1091    .data               mc_w.l(mvars.o)
    0x20000098   0x00000004   Data   RW         1092    .data               mc_w.l(mvars.o)
    0x2000009c   0x000001f8   Zero   RW          435    .bss                serialport.o
    0x20000294   0x00000004   PAD
    0x20000298   0x00000800   Zero   RW          808    HEAP                startup_stm32f10x_md.o
    0x20000a98   0x00000400   Zero   RW          807    STACK               startup_stm32f10x_md.o


==============================================================================

Image component sizes


      Code (inc. data)   RO Data    RW Data    ZI Data      Debug   Object Name

       210          0          0          0          0       3140   datachain.o
       212         30          0          0          0       1960   key.o
     18852        294       2907         42          0      14964   lcddisplay.o
       248         28          0          0          0       2316   ledlighter.o
       402         22          0          8          0     221109   main.o
       220         20          0          0          0       1697   misc.o
      1540         88          4          0        504       8096   serialport.o
        36          8        236          0       3072        744   startup_stm32f10x_md.o
        32          0          0          0          0     251832   stm32_gpioinit.o
       196         18          0          4          0      23780   stm32_systick.o
       856         40          0          0          0       5545   stm32f10x_gpio.o
        46          0          0          0          0        796   stm32f10x_prioritycontrol.o
       932         44          0         20          0       8656   stm32f10x_rcc.o
      3610         88          0          0          0      22028   stm32f10x_tim.o
      1032         22          0          0          0       8264   stm32f10x_usart.o
       476         36          0         20          0       1683   system_stm32f10x.o
       412          4         16          0          0     233200   terminalcontrol.o
       560         36          0          0          0       3564   timer.o
     10720        210          0         38          0      19064   xbotdisplayapp.o

    ----------------------------------------------------------------------
     40598        988       3180        136       3580     832438   Object Totals
         0          0         16          0          0          0   (incl. Generated)
         6          0          1          4          4          0   (incl. Padding)

    ----------------------------------------------------------------------

      Code (inc. data)   RO Data    RW Data    ZI Data      Debug   Library Member Name

        80         12          0          0          0        104   arm_exceptions_globs.o
        60          0          0          0          0        108   arm_exceptions_mem.o
        26          0          0          0          0         76   arm_exceptions_terminate.o
         4          0          0          0          0         68   arm_newhandler_noexceptions.o
         8          0          0          0          0         76   array_del.o
         8          0          0          0          0         76   array_new.o
         8          0          0          0          0         76   delete.o
        40          6          0          0          0         76   new.o
        32         10          0          0          0         80   cpp_init.o
         8          4          0          4          0         68   cpp_memory.o
        32          6          0          8          0        252   cpp_unwinder.o
         0          0          0          0          0          0   entry.o
         0          0          0          0          0          0   entry10a.o
         0          0          0          0          0          0   entry11a.o
         8          4          0          0          0          0   entry2.o
         4          0          0          0          0          0   entry5.o
         0          0          0          0          0          0   entry7b.o
         4          0          0          0          0          0   entry8a.o
         0          0          0          0          0          0   entry8b.o
         8          4          0          0          0          0   entry9a.o
        30          0          0          0          0          0   handlers.o
        36          8          0          0          0         68   init.o
         0          0          0          0          0          0   iusefp.o
        30          0          0          0          0         68   llshl.o
        36          0          0          0          0         68   llsshr.o
        32          0          0          0          0         68   llushr.o
       188         20          0          0          0        160   malloc.o
        36          0          0          0          0        108   memseta.o
         0          0          0          8          0          0   mvars.o
       334          0          0          0          0        144   dadd.o
       190          0          0          0          0        176   depilogue.o
        50          0          0          0          0         76   dfixui.o
        26          0          0          0          0         76   dfltui.o
       228          0          0          0          0         92   dmul.o
        38          0          0          0          0         68   f2d.o
       176          0          0          0          0        140   fadd.o
       108          0          0          0          0        168   fepilogue.o
        40          0          0          0          0         68   ffixui.o
        18          0          0          0          0         68   fflti.o
        10          0          0          0          0         68   ffltui.o
       108          0          0          0          0         76   fmul.o

    ----------------------------------------------------------------------
      2050         74          0         20          0       2820   Library Totals
         6          0          0          0          0          0   (incl. Padding)

    ----------------------------------------------------------------------

      Code (inc. data)   RO Data    RW Data    ZI Data      Debug   Library Name

       234         18          0          0          0        660   cpprt_w.l
       484         56          0         20          0        940   mc_w.l
      1326          0          0          0          0       1220   mf_w.l

    ----------------------------------------------------------------------
      2050         74          0         20          0       2820   Library Totals

    ----------------------------------------------------------------------

==============================================================================


      Code (inc. data)   RO Data    RW Data    ZI Data      Debug   

     42648       1062       3180        156       3580     831878   Grand Totals
     42648       1062       3180        156       3580     831878   ELF Image Totals
     42648       1062       3180        156          0          0   ROM Totals

==============================================================================

    Total RO  Size (Code + RO Data)                45828 (  44.75kB)
    Total RW  Size (RW Data + ZI Data)              3736 (   3.65kB)
    Total ROM Size (Code + RO Data + RW Data)      45984 (  44.91kB)

==============================================================================

