ARM Linker, 5.03 [Build 24] [MDK-ARM Standard]

==============================================================================

Section Cross References

    main.o(.text) refers to system_stm32f10x.o(.text) for SystemInit
    main.o(.text) refers to stm32f10x_rcc.o(.text) for RCC_PCLK1Config
    main.o(.text) refers to misc.o(.text) for NVIC_PriorityGroupConfig
    main.o(.text) refers to stm32_leddisp.o(.text) for LedDisp_Init
    main.o(.text) refers to keyread.o(.text) for KeyRead_Init
    main.o(.text) refers to stm32_systick.o(.text) for SysTick_Init
    main.o(.text) refers to stm32_adc.o(.text) for Adc1Dma_Init
    main.o(.text) refers to joystickadcread.o(.text) for JoyStickAdcReadInit
    main.o(.text) refers to stm32_gpioinit.o(.text) for STM32_GpioInit
    main.o(.text) refers to stm32_timinit.o(.text) for STM32_Tim2Init
    main.o(.text) refers to stm32_usartinit.o(.text) for STM32_InitUsart1
    main.o(.text) refers to stm32f10x_gpio.o(.text) for GPIO_ResetBits
    main.o(.text) refers to stm32f10x_tim.o(.text) for TIM_Cmd
    stm32f10x_it.o(.text) refers to stm32_systick.o(.text) for SysTick_TimingDelay_Decrement
    stm32_irq_fun.o(.text) refers to stm32f10x_tim.o(.text) for TIM_GetITStatus
    stm32_irq_fun.o(.text) refers to cbctrl.o(.text) for CbDealRxdCtrl
    stm32_irq_fun.o(.text) refers to keyread.o(.text) for KeyAll_OpTask
    stm32_irq_fun.o(.text) refers to batteryadcread.o(.text) for BAT1_GetValue
    stm32_irq_fun.o(.text) refers to cbctrl.o(.bss) for OMAP_TXD_DATA
    stm32_irq_fun.o(.text) refers to stm32_usartinit.o(.bss) for USART_data_1
    batteryadcread.o(.text) refers to stm32_adc.o(.text) for GetAdcAverageValue
    batteryadcread.o(.text) refers to batteryadcread.o(.data) for BufIndex
    batteryadcread.o(.text) refers to stm32_adc.o(.bss) for ADC1ConvertedValue
    batteryadcread.o(.text) refers to batteryadcread.o(.bss) for BatAdcBuf
    joystickadcread.o(.text) refers to stm32_systick.o(.text) for SysTick_Delay
    joystickadcread.o(.text) refers to stm32_adc.o(.text) for GetAdcAverageValue
    joystickadcread.o(.text) refers to stm32_adc.o(.bss) for ADC1ConvertedValue
    joystickadcread.o(.text) refers to joystickadcread.o(.data) for JK_ADC_ZERO_LX
    keyread.o(.text) refers to stm32f10x_gpio.o(.text) for GPIO_Init
    keyread.o(.text) refers to stm32f10x_rcc.o(.text) for RCC_APB2PeriphClockCmd
    keyread.o(.text) refers to keyread.o(.bss) for KEY_DATA
    cbctrl.o(.text) refers to stm32_adc.o(.text) for GetAdcAverageValue
    cbctrl.o(.text) refers to joystickadcread.o(.text) for JK_GetValue
    cbctrl.o(.text) refers to batteryadcread.o(.text) for BAT1_GetValue
    cbctrl.o(.text) refers to stm32_adc.o(.bss) for ADC1ConvertedValue
    cbctrl.o(.text) refers to joystickadcread.o(.data) for JK_ADC_ZERO_LX
    cbctrl.o(.text) refers to cbctrl.o(.bss) for OMAP_TXD_DATA
    cbctrl.o(.text) refers to keyread.o(.bss) for KEY_DATA
    cbctrl.o(.text) refers to stm32_usartdriver.o(.text) for USART_TXBuffer_PutByte
    cbctrl.o(.text) refers to chain.o(.text) for creatChain
    cbctrl.o(.text) refers to stm32_usartinit.o(.bss) for USART_data_1
    cbctrl.o(.text) refers to cbctrl.o(.data) for DataIndex
    chain.o(.text) refers to h1_alloc.o(.text) for malloc
    chain.o(.text) refers to h1_free.o(.text) for free
    stm32_adc.o(.text) refers to stm32f10x_rcc.o(.text) for RCC_ADCCLKConfig
    stm32_adc.o(.text) refers to stm32_gpioinit.o(.text) for STM32_GpioOneInit
    stm32_adc.o(.text) refers to stm32f10x_dma.o(.text) for DMA_DeInit
    stm32_adc.o(.text) refers to stm32f10x_adc.o(.text) for ADC_Init
    stm32_adc.o(.text) refers to stm32_adc.o(.bss) for ADC1ConvertedValue
    stm32_leddisp.o(.text) refers to stm32f10x_rcc.o(.text) for RCC_APB2PeriphClockCmd
    stm32_leddisp.o(.text) refers to stm32_gpioinit.o(.text) for STM32_GpioOneInit
    stm32_systick.o(.text) refers to system_stm32f10x.o(.data) for SystemCoreClock
    stm32_systick.o(.text) refers to stm32_systick.o(.data) for SysTick_TimingDelay
    stm32_usartdriver.o(.text) refers to stm32f10x_gpio.o(.text) for GPIO_SetBits
    stm32_usartinit.o(.text) refers to misc.o(.text) for NVIC_Init
    stm32_usartinit.o(.text) refers to stm32f10x_usart.o(.text) for USART_StructInit
    stm32_usartinit.o(.text) refers to stm32_usartdriver.o(.text) for USART_InterruptDriver_Initialize
    stm32_usartinit.o(.text) refers to stm32f10x_rcc.o(.text) for RCC_APB2PeriphClockCmd
    stm32_usartinit.o(.text) refers to stm32f10x_gpio.o(.text) for GPIO_PinRemapConfig
    stm32_usartinit.o(.text) refers to stm32_gpioinit.o(.text) for STM32_GpioOneInit
    stm32_usartinit.o(.text) refers to stm32_usartinit.o(.bss) for USART_data_1
    stm32_timinit.o(.text) refers to stm32f10x_rcc.o(.text) for RCC_APB1PeriphClockCmd
    stm32_timinit.o(.text) refers to misc.o(.text) for NVIC_Init
    stm32_timinit.o(.text) refers to stm32f10x_tim.o(.text) for TIM_TimeBaseInit
[...]
    sys_exit.o(.text) refers (Special) to use_no_semi.o(.text) for __I$use$semihosting
    sys_exit.o(.text) refers (Special) to indicate_semi.o(.text) for __semihosting_library_function
    rtexit.o(.ARM.Collect$$rtexit$$00000000) refers (Special) to rtexit2.o(.ARM.Collect$$rtexit$$00000004) for __rt_exit_exit
    rtexit.o(.ARM.Collect$$rtexit$$00000000) refers (Special) to rtexit2.o(.ARM.Collect$$rtexit$$00000003) for __rt_exit_ls
    rtexit.o(.ARM.Collect$$rtexit$$00000000) refers (Special) to rtexit2.o(.ARM.Collect$$rtexit$$00000002) for __rt_exit_prels_1
    rtexit.o(.ARM.exidx) refers (Special) to rtexit2.o(.ARM.Collect$$rtexit$$00000004) for __rt_exit_exit
    rtexit.o(.ARM.exidx) refers (Special) to rtexit2.o(.ARM.Collect$$rtexit$$00000003) for __rt_exit_ls
    rtexit.o(.ARM.exidx) refers (Special) to rtexit2.o(.ARM.Collect$$rtexit$$00000002) for __rt_exit_prels_1
    rtexit.o(.ARM.exidx) refers to rtexit.o(.ARM.Collect$$rtexit$$00000000) for .ARM.Collect$$rtexit$$00000000
    __raise.o(.text) refers to defsig.o(CL$$defsig) for __default_signal_handler
    defsig_general.o(.text) refers to sys_wrch.o(.text) for _ttywrch
    libshutdown2.o(.ARM.Collect$$libshutdown$$0000000C) refers (Weak) to term_alloc.o(.text) for _terminate_alloc
    sys_wrch.o(.text) refers (Special) to use_no_semi.o(.text) for __I$use$semihosting
    sys_wrch.o(.text) refers (Special) to indicate_semi.o(.text) for __semihosting_library_function
    rtexit2.o(.ARM.Collect$$rtexit$$00000003) refers to libshutdown.o(.ARM.Collect$$libshutdown$$00000000) for __rt_lib_shutdown
    rtexit2.o(.ARM.Collect$$rtexit$$00000004) refers to sys_exit.o(.text) for _sys_exit
    rtexit2.o(.ARM.exidx) refers to rtexit2.o(.ARM.Collect$$rtexit$$00000001) for .ARM.Collect$$rtexit$$00000001
    rtexit2.o(.ARM.exidx) refers to rtexit2.o(.ARM.Collect$$rtexit$$00000003) for .ARM.Collect$$rtexit$$00000003
    rtexit2.o(.ARM.exidx) refers to rtexit2.o(.ARM.Collect$$rtexit$$00000004) for .ARM.Collect$$rtexit$$00000004
    defsig.o(CL$$defsig) refers to defsig_rtmem_inner.o(.text) for __rt_SIGRTMEM_inner
    defsig_abrt_inner.o(.text) refers to defsig_general.o(.text) for __default_signal_display
    defsig_fpe_inner.o(.text) refers to defsig_general.o(.text) for __default_signal_display
    defsig_rtred_inner.o(.text) refers to defsig_general.o(.text) for __default_signal_display
    defsig_stak_inner.o(.text) refers to defsig_general.o(.text) for __default_signal_display
    defsig_pvfn_inner.o(.text) refers to defsig_general.o(.text) for __default_signal_display
    defsig_cppl_inner.o(.text) refers to defsig_general.o(.text) for __default_signal_display
    defsig_segv_inner.o(.text) refers to defsig_general.o(.text) for __default_signal_display
    defsig_other.o(.text) refers to defsig_general.o(.text) for __default_signal_display
    libshutdown.o(.ARM.Collect$$libshutdown$$00000000) refers (Special) to libshutdown2.o(.ARM.Collect$$libshutdown$$00000006) for __rt_lib_shutdown_fp_trap_1
    libshutdown.o(.ARM.Collect$$libshutdown$$00000000) refers (Special) to libshutdown2.o(.ARM.Collect$$libshutdown$$0000000E) for __rt_lib_shutdown_heap_1
    libshutdown.o(.ARM.Collect$$libshutdown$$00000000) refers (Special) to libshutdown2.o(.ARM.Collect$$libshutdown$$0000000F) for __rt_lib_shutdown_return
    libshutdown.o(.ARM.Collect$$libshutdown$$00000000) refers (Special) to libshutdown2.o(.ARM.Collect$$libshutdown$$00000009) for __rt_lib_shutdown_signal_1
    libshutdown.o(.ARM.Collect$$libshutdown$$00000000) refers (Special) to libshutdown2.o(.ARM.Collect$$libshutdown$$00000003) for __rt_lib_shutdown_stdio_1
    libshutdown.o(.ARM.Collect$$libshutdown$$00000000) refers (Special) to libshutdown2.o(.ARM.Collect$$libshutdown$$0000000B) for __rt_lib_shutdown_user_alloc_1


==============================================================================

Removing Unused input sections from the image.

    Removing stm32_dac.o(.text), (120 bytes).
    Removing stm32f10x_dac.o(.text), (396 bytes).
    Removing core_cm3.o(.emb_text), (32 bytes).

3 unused section(s) (total 548 bytes) removed from the image.

==============================================================================

Image Symbol Table

    Local Symbols

    Symbol Name                              Value     Ov Type        Size  Object(Section)

    ../clib/angel/boardlib.s                 0x00000000   Number         0  boardinit3.o ABSOLUTE
    ../clib/angel/boardlib.s                 0x00000000   Number         0  boardinit2.o ABSOLUTE
    ../clib/angel/boardlib.s                 0x00000000   Number         0  boardinit1.o ABSOLUTE
    ../clib/angel/boardlib.s                 0x00000000   Number         0  boardshut.o ABSOLUTE
    ../clib/angel/handlers.s                 0x00000000   Number         0  __scatter_zi.o ABSOLUTE
    ../clib/angel/handlers.s                 0x00000000   Number         0  __scatter_copy.o ABSOLUTE
    ../clib/angel/kernel.s                   0x00000000   Number         0  rtentry.o ABSOLUTE
    ../clib/angel/kernel.s                   0x00000000   Number         0  rtentry2.o ABSOLUTE
    ../clib/angel/kernel.s                   0x00000000   Number         0  rtentry4.o ABSOLUTE
    ../clib/angel/kernel.s                   0x00000000   Number         0  rtexit.o ABSOLUTE
    ../clib/angel/kernel.s                   0x00000000   Number         0  rtexit2.o ABSOLUTE
    ../clib/angel/rt.s                       0x00000000   Number         0  rt_heap_descriptor_intlibspace.o ABSOLUTE
    ../clib/angel/rt.s                       0x00000000   Number         0  rt_heap_descriptor.o ABSOLUTE
    ../clib/angel/rt.s                       0x00000000   Number         0  rt_raise.o ABSOLUTE
    ../clib/angel/scatter.s                  0x00000000   Number         0  __scatter.o ABSOLUTE
    ../clib/angel/startup.s                  0x00000000   Number         0  __main.o ABSOLUTE
    ../clib/angel/sys.s                      0x00000000   Number         0  libspace.o ABSOLUTE
    ../clib/angel/sys.s                      0x00000000   Number         0  indicate_semi.o ABSOLUTE
    ../clib/angel/sys.s                      0x00000000   Number         0  use_no_semi.o ABSOLUTE
    ../clib/angel/sys.s                      0x00000000   Number         0  mutex_dummy.o ABSOLUTE
    ../clib/angel/sys.s                      0x00000000   Number         0  sys_stackheap_outer.o ABSOLUTE
    ../clib/angel/sysapp.c                   0x00000000   Number         0  sys_command.o ABSOLUTE
    ../clib/angel/sysapp.c                   0x00000000   Number         0  sys_exit.o ABSOLUTE
    ../clib/angel/sysapp.c                   0x00000000   Number         0  sys_wrch.o ABSOLUTE
    ../clib/armsys.c                         0x00000000   Number         0  argv_veneer.o ABSOLUTE
    ../clib/armsys.c                         0x00000000   Number         0  argv_veneer.o ABSOLUTE
    ../clib/armsys.c                         0x00000000   Number         0  no_argv.o ABSOLUTE
    ../clib/armsys.c                         0x00000000   Number         0  _get_argv_nomalloc.o ABSOLUTE
    ../clib/armsys.c                         0x00000000   Number         0  _get_argv.o ABSOLUTE
    ../clib/heap1.c                          0x00000000   Number         0  h1_extend.o ABSOLUTE
    ../clib/heap1.c                          0x00000000   Number         0  h1_alloc_mt.o ABSOLUTE
    ../clib/heap1.c                          0x00000000   Number         0  h1_extend_mt.o ABSOLUTE
    ../clib/heap1.c                          0x00000000   Number         0  h1_final_mt.o ABSOLUTE
    ../clib/heap1.c                          0x00000000   Number         0  h1_final.o ABSOLUTE
    ../clib/heap1.c                          0x00000000   Number         0  h1_alloc.o ABSOLUTE
    ../clib/heap1.c                          0x00000000   Number         0  h1_init_mt.o ABSOLUTE
    ../clib/heap1.c                          0x00000000   Number         0  h1_free.o ABSOLUTE
    ../clib/heap1.c                          0x00000000   Number         0  h1_free_mt.o ABSOLUTE
    ../clib/heap1.c                          0x00000000   Number         0  h1_init.o ABSOLUTE
    ../clib/heap2.c                          0x00000000   Number         0  heap2.o ABSOLUTE
    ../clib/heap2.c                          0x00000000   Number         0  heap2mt.o ABSOLUTE
    ../clib/heap2.c                          0x00000000   Number         0  fdtree.o ABSOLUTE
    ../clib/heapalloc.c                      0x00000000   Number         0  maybetermalloc1.o ABSOLUTE
    ../clib/heapalloc.c                      0x00000000   Number         0  maybetermalloc2.o ABSOLUTE
    ../clib/heapalloc.c                      0x00000000   Number         0  init_alloc.o ABSOLUTE
    ../clib/heapalloc.c                      0x00000000   Number         0  heapstubs.o ABSOLUTE
    ../clib/heapalloc.c                      0x00000000   Number         0  hguard.o ABSOLUTE
    ../clib/heapalloc.c                      0x00000000   Number         0  malloc.o ABSOLUTE
    ../clib/heapalloc.c                      0x00000000   Number         0  maybetermalloc1.o ABSOLUTE
    ../clib/heapalloc.c                      0x00000000   Number         0  term_alloc.o ABSOLUTE
    ../clib/heapalloc.c                      0x00000000   Number         0  hrguard.o ABSOLUTE
    ../clib/heapalloc.c                      0x00000000   Number         0  maybetermalloc2.o ABSOLUTE
    ../clib/heapalloc.c                      0x00000000   Number         0  free.o ABSOLUTE
    ../clib/heapaux.c                        0x00000000   Number         0  heapauxa.o ABSOLUTE
    ../clib/heapaux.c                        0x00000000   Number         0  heapauxi.o ABSOLUTE
    ../clib/libinit.s                        0x00000000   Number         0  libshutdown.o ABSOLUTE
    ../clib/libinit.s                        0x00000000   Number         0  libinit.o ABSOLUTE
    ../clib/libinit.s                        0x00000000   Number         0  libinit2.o ABSOLUTE
    ../clib/libinit.s                        0x00000000   Number         0  libshutdown2.o ABSOLUTE
    ../clib/memcpset.s                       0x00000000   Number         0  rt_memcpy_w.o ABSOLUTE
    ../clib/signal.c                         0x00000000   Number         0  defsig_other.o ABSOLUTE
    ../clib/signal.c                         0x00000000   Number         0  defsig_segv_inner.o ABSOLUTE
    ../clib/signal.c                         0x00000000   Number         0  defsig_cppl_inner.o ABSOLUTE
    ../clib/signal.c                         0x00000000   Number         0  defsig_pvfn_inner.o ABSOLUTE
    ../clib/signal.c                         0x00000000   Number         0  defsig_rtred_inner.o ABSOLUTE
    ../clib/signal.c                         0x00000000   Number         0  defsig_fpe_inner.o ABSOLUTE
    ../clib/signal.c                         0x00000000   Number         0  defsig_abrt_inner.o ABSOLUTE
    ../clib/signal.c                         0x00000000   Number         0  defsig_general.o ABSOLUTE
    ../clib/signal.c                         0x00000000   Number         0  __raise.o ABSOLUTE
    ../clib/signal.c                         0x00000000   Number         0  defsig_rtmem_inner.o ABSOLUTE
    ../clib/signal.c                         0x00000000   Number         0  defsig_exit.o ABSOLUTE
    ../clib/signal.c                         0x00000000   Number         0  defsig_rtmem_formal.o ABSOLUTE
    ../clib/signal.c                         0x00000000   Number         0  defsig_rtmem_outer.o ABSOLUTE
    ../clib/signal.c                         0x00000000   Number         0  defsig_stak_inner.o ABSOLUTE
    ../clib/signal.s                         0x00000000   Number         0  defsig.o ABSOLUTE
    ../clib/stdlib.c                         0x00000000   Number         0  exit.o ABSOLUTE
    ../fplib/fpinit.s                        0x00000000   Number         0  fpinit.o ABSOLUTE
    Source\App\BatteryAdcRead.c              0x00000000   Number         0  batteryadcread.o ABSOLUTE
    Source\App\CbCtrl.c                      0x00000000   Number         0  cbctrl.o ABSOLUTE
    Source\App\JoyStickAdcRead.c             0x00000000   Number         0  joystickadcread.o ABSOLUTE
    Source\App\KeyRead.c                     0x00000000   Number         0  keyread.o ABSOLUTE
    Source\App\chain.c                       0x00000000   Number         0  chain.o ABSOLUTE
    Source\STM32_CMSIS\core_cm3.c            0x00000000   Number         0  core_cm3.o ABSOLUTE
    Source\STM32_CMSIS\startup_stm32f10x_hd.s 0x00000000   Number         0  startup_stm32f10x_hd.o ABSOLUTE
    Source\STM32_CMSIS\system_stm32f10x.c    0x00000000   Number         0  system_stm32f10x.o ABSOLUTE
    Source\STM32_Driver\STM32_Adc.C          0x00000000   Number         0  stm32_adc.o ABSOLUTE
    Source\STM32_Driver\STM32_DAC.C          0x00000000   Number         0  stm32_dac.o ABSOLUTE
    Source\STM32_Driver\STM32_GpioInit.c     0x00000000   Number         0  stm32_gpioinit.o ABSOLUTE
    Source\STM32_Driver\STM32_LedDisp.c      0x00000000   Number         0  stm32_leddisp.o ABSOLUTE
    Source\STM32_Driver\STM32_SysTick.C      0x00000000   Number         0  stm32_systick.o ABSOLUTE
    Source\STM32_Driver\STM32_TimInit.C      0x00000000   Number         0  stm32_timinit.o ABSOLUTE
    Source\STM32_Driver\STM32_UsartDriver.c  0x00000000   Number         0  stm32_usartdriver.o ABSOLUTE
    Source\STM32_Driver\STM32_UsartInit.C    0x00000000   Number         0  stm32_usartinit.o ABSOLUTE
    Source\STM32_LIB\misc.c                  0x00000000   Number         0  misc.o ABSOLUTE
    Source\STM32_LIB\stm32f10x_adc.c         0x00000000   Number         0  stm32f10x_adc.o ABSOLUTE
    Source\STM32_LIB\stm32f10x_dac.c         0x00000000   Number         0  stm32f10x_dac.o ABSOLUTE
    Source\STM32_LIB\stm32f10x_dma.c         0x00000000   Number         0  stm32f10x_dma.o ABSOLUTE
    Source\STM32_LIB\stm32f10x_gpio.c        0x00000000   Number         0  stm32f10x_gpio.o ABSOLUTE
    Source\STM32_LIB\stm32f10x_rcc.c         0x00000000   Number         0  stm32f10x_rcc.o ABSOLUTE
    Source\STM32_LIB\stm32f10x_tim.c         0x00000000   Number         0  stm32f10x_tim.o ABSOLUTE
    Source\STM32_LIB\stm32f10x_usart.c       0x00000000   Number         0  stm32f10x_usart.o ABSOLUTE
    Source\User\STM32_IRQ_FUN.c              0x00000000   Number         0  stm32_irq_fun.o ABSOLUTE
    Source\User\main.c                       0x00000000   Number         0  main.o ABSOLUTE
    Source\User\stm32f10x_it.c               0x00000000   Number         0  stm32f10x_it.o ABSOLUTE
    Source\\STM32_CMSIS\\core_cm3.c          0x00000000   Number         0  core_cm3.o ABSOLUTE
    dc.s                                     0x00000000   Number         0  dc.o ABSOLUTE
    RESET                                    0x08000000   Section      304  startup_stm32f10x_hd.o(RESET)
    !!!main                                  0x08000130   Section        8  __main.o(!!!main)
    !!!scatter                               0x08000138   Section       52  __scatter.o(!!!scatter)
    !!handler_copy                           0x0800016c   Section       26  __scatter_copy.o(!!handler_copy)
    !!handler_zi                             0x08000188   Section       28  __scatter_zi.o(!!handler_zi)
    .ARM.Collect$$libinit$$00000000          0x080001a4   Section        2  libinit.o(.ARM.Collect$$libinit$$00000000)
    .ARM.Collect$$libinit$$00000002          0x080001a6   Section        0  libinit2.o(.ARM.Collect$$libinit$$00000002)
    .ARM.Collect$$libinit$$00000003          0x080001a6   Section        8  libinit2.o(.ARM.Collect$$libinit$$00000003)
    .ARM.Collect$$libinit$$00000008          0x080001ae   Section        0  libinit2.o(.ARM.Collect$$libinit$$00000008)
    .ARM.Collect$$libinit$$0000000A          0x080001ae   Section        0  libinit2.o(.ARM.Collect$$libinit$$0000000A)
    .ARM.Collect$$libinit$$0000000C          0x080001ae   Section        0  libinit2.o(.ARM.Collect$$libinit$$0000000C)
    .ARM.Collect$$libinit$$0000000F          0x080001ae   Section        0  libinit2.o(.ARM.Collect$$libinit$$0000000F)
    .ARM.Collect$$libinit$$00000011          0x080001ae   Section        0  libinit2.o(.ARM.Collect$$libinit$$00000011)
    .ARM.Collect$$libinit$$00000013          0x080001ae   Section        0  libinit2.o(.ARM.Collect$$libinit$$00000013)
    .ARM.Collect$$libinit$$00000015          0x080001ae   Section        0  libinit2.o(.ARM.Collect$$libinit$$00000015)
    .ARM.Collect$$libinit$$00000017          0x080001ae   Section        0  libinit2.o(.ARM.Collect$$libinit$$00000017)
    .ARM.Collect$$libinit$$00000019          0x080001ae   Section        0  libinit2.o(.ARM.Collect$$libinit$$00000019)
    .ARM.Collect$$libinit$$0000001B          0x080001ae   Section        0  libinit2.o(.ARM.Collect$$libinit$$0000001B)
    .ARM.Collect$$libinit$$0000001D          0x080001ae   Section        0  libinit2.o(.ARM.Collect$$libinit$$0000001D)
    .ARM.Collect$$libinit$$0000001F          0x080001ae   Section        0  libinit2.o(.ARM.Collect$$libinit$$0000001F)
    .ARM.Collect$$libinit$$00000021          0x080001ae   Section        0  libinit2.o(.ARM.Collect$$libinit$$00000021)
    .ARM.Collect$$libinit$$00000023          0x080001ae   Section        0  libinit2.o(.ARM.Collect$$libinit$$00000023)
    .ARM.Collect$$libinit$$0000002A          0x080001ae   Section        0  libinit2.o(.ARM.Collect$$libinit$$0000002A)
    .ARM.Collect$$libinit$$0000002C          0x080001ae   Section        0  libinit2.o(.ARM.Collect$$libinit$$0000002C)
    .ARM.Collect$$libinit$$0000002E          0x080001ae   Section        0  libinit2.o(.ARM.Collect$$libinit$$0000002E)
    .ARM.Collect$$libinit$$00000030          0x080001ae   Section        0  libinit2.o(.ARM.Collect$$libinit$$00000030)
    .ARM.Collect$$libinit$$00000031          0x080001ae   Section        2  libinit2.o(.ARM.Collect$$libinit$$00000031)
    .ARM.Collect$$libshutdown$$00000000      0x080001b0   Section        2  libshutdown.o(.ARM.Collect$$libshutdown$$00000000)
    .ARM.Collect$$libshutdown$$00000003      0x080001b2   Section        0  libshutdown2.o(.ARM.Collect$$libshutdown$$00000003)
    .ARM.Collect$$libshutdown$$00000006      0x080001b2   Section        0  libshutdown2.o(.ARM.Collect$$libshutdown$$00000006)
    .ARM.Collect$$libshutdown$$00000009      0x080001b2   Section        0  libshutdown2.o(.ARM.Collect$$libshutdown$$00000009)
    .ARM.Collect$$libshutdown$$0000000B      0x080001b2   Section        0  libshutdown2.o(.ARM.Collect$$libshutdown$$0000000B)
    .ARM.Collect$$libshutdown$$0000000E      0x080001b2   Section        0  libshutdown2.o(.ARM.Collect$$libshutdown$$0000000E)
    .ARM.Collect$$libshutdown$$0000000F      0x080001b2   Section        2  libshutdown2.o(.ARM.Collect$$libshutdown$$0000000F)
    .ARM.Collect$$rtentry$$00000000          0x080001b4   Section        0  rtentry.o(.ARM.Collect$$rtentry$$00000000)
    .ARM.Collect$$rtentry$$00000002          0x080001b4   Section        0  rtentry2.o(.ARM.Collect$$rtentry$$00000002)
    .ARM.Collect$$rtentry$$00000004          0x080001b4   Section        6  rtentry4.o(.ARM.Collect$$rtentry$$00000004)
    .ARM.Collect$$rtentry$$00000009          0x080001ba   Section        0  rtentry2.o(.ARM.Collect$$rtentry$$00000009)
    .ARM.Collect$$rtentry$$0000000A          0x080001ba   Section        4  rtentry2.o(.ARM.Collect$$rtentry$$0000000A)
    .ARM.Collect$$rtentry$$0000000C          0x080001be   Section        0  rtentry2.o(.ARM.Collect$$rtentry$$0000000C)
    .ARM.Collect$$rtentry$$0000000D          0x080001be   Section        8  rtentry2.o(.ARM.Collect$$rtentry$$0000000D)
    .ARM.Collect$$rtexit$$00000000           0x080001c6   Section        2  rtexit.o(.ARM.Collect$$rtexit$$00000000)
    .ARM.Collect$$rtexit$$00000002           0x080001c8   Section        0  rtexit2.o(.ARM.Collect$$rtexit$$00000002)
    .ARM.Collect$$rtexit$$00000003           0x080001c8   Section        4  rtexit2.o(.ARM.Collect$$rtexit$$00000003)
    .ARM.Collect$$rtexit$$00000004           0x080001cc   Section        6  rtexit2.o(.ARM.Collect$$rtexit$$00000004)
    .emb_text                                0x080001d4   Section        0  maybetermalloc1.o(.emb_text)
    .text                                    0x080001d4   Section        0  main.o(.text)
    .text                                    0x0800027c   Section        0  stm32f10x_it.o(.text)
    .text                                    0x0800029c   Section        0  stm32_irq_fun.o(.text)
    .text                                    0x08000334   Section        0  batteryadcread.o(.text)
    .text                                    0x0800040c   Section        0  joystickadcread.o(.text)
    .text                                    0x08000584   Section        0  keyread.o(.text)
    .text                                    0x08000ab8   Section        0  cbctrl.o(.text)
    AdcToOmapData                            0x08000abb   Thumb Code   130  cbctrl.o(.text)
    KeyIJGToOmapData                         0x08000b3d   Thumb Code   138  cbctrl.o(.text)
    KeyHMToOmapData                          0x08000bc7   Thumb Code   182  cbctrl.o(.text)
    KeyFToOmapData                           0x08000c7d   Thumb Code   116  cbctrl.o(.text)
    KeyEToOmapData                           0x08000cf1   Thumb Code   116  cbctrl.o(.text)
    KeyBToOmapData                           0x08000d65   Thumb Code   182  cbctrl.o(.text)
    KeyAToOmapData                           0x08000e1b   Thumb Code   208  cbctrl.o(.text)
    KeyToOmapData                            0x08000eeb   Thumb Code    28  cbctrl.o(.text)
    .text                                    0x08001310   Section        0  chain.o(.text)
    .text                                    0x0800143c   Section        0  stm32_adc.o(.text)
    .text                                    0x080015f0   Section        0  stm32_leddisp.o(.text)
    .text                                    0x08001618   Section        0  stm32_systick.o(.text)
    .text                                    0x080016dc   Section        0  stm32_usartdriver.o(.text)
    .text                                    0x08001974   Section        0  stm32_usartinit.o(.text)
    .text                                    0x08001e7c   Section        0  stm32_timinit.o(.text)
    .text                                    0x08001fb4   Section        0  stm32_gpioinit.o(.text)
    .text                                    0x0800202c   Section        0  misc.o(.text)
    .text                                    0x08002108   Section        0  stm32f10x_adc.o(.text)
    .text                                    0x08002558   Section        0  stm32f10x_dma.o(.text)
    .text                                    0x080027a8   Section        0  stm32f10x_gpio.o(.text)
    .text                                    0x08002b00   Section        0  stm32f10x_rcc.o(.text)
    .text                                    0x08002ea4   Section        0  stm32f10x_tim.o(.text)
    TI4_Config                               0x0800334b   Thumb Code   130  stm32f10x_tim.o(.text)
    TI3_Config                               0x080033df   Thumb Code   122  stm32f10x_tim.o(.text)
    TI2_Config                               0x08003473   Thumb Code   130  stm32f10x_tim.o(.text)
    TI1_Config                               0x08003507   Thumb Code   108  stm32f10x_tim.o(.text)
    .text                                    0x08003cc0   Section        0  stm32f10x_usart.o(.text)
    .text                                    0x080040c8   Section        0  system_stm32f10x.o(.text)
    SetSysClockTo72                          0x080040c9   Thumb Code   212  system_stm32f10x.o(.text)
    SetSysClock                              0x0800419d   Thumb Code     8  system_stm32f10x.o(.text)
    .text                                    0x080042a4   Section       64  startup_stm32f10x_hd.o(.text)
    .text                                    0x080042e4   Section        0  h1_alloc.o(.text)
    .text                                    0x08004342   Section        0  h1_free.o(.text)
    .text                                    0x08004390   Section        0  heapauxi.o(.text)
    .text                                    0x08004398   Section        8  rt_heap_descriptor_intlibspace.o(.text)
    .text                                    0x080043a0   Section        0  hguard.o(.text)
    .text                                    0x080043a4   Section        0  init_alloc.o(.text)
    .text                                    0x0800442e   Section        0  h1_init.o(.text)
    .text                                    0x0800443c   Section        8  libspace.o(.text)
    .text                                    0x08004444   Section        0  h1_extend.o(.text)
    .text                                    0x08004478   Section        0  defsig_rtmem_outer.o(.text)
    .text                                    0x08004486   Section        2  use_no_semi.o(.text)
    .text                                    0x08004488   Section       74  sys_stackheap_outer.o(.text)
    .text                                    0x08004488   Section        0  indicate_semi.o(.text)
    .text                                    0x080044d2   Section        0  exit.o(.text)
    .text                                    0x080044de   Section        0  defsig_exit.o(.text)
    .text                                    0x080044e8   Section        0  defsig_rtmem_inner.o(.text)
    .text                                    0x08004538   Section        0  sys_exit.o(.text)
    .text                                    0x08004544   Section        0  defsig_general.o(.text)
    .text                                    0x08004576   Section        0  sys_wrch.o(.text)
    .data                                    0x20000000   Section        2  batteryadcread.o(.data)
    BufIndex                                 0x20000000   Data           1  batteryadcread.o(.data)
    BufIndex                                 0x20000001   Data           1  batteryadcread.o(.data)
    .data                                    0x20000002   Section        8  joystickadcread.o(.data)
    .data                                    0x2000000c   Section        8  cbctrl.o(.data)
    CtrlModeFlag                             0x2000000c   Data           1  cbctrl.o(.data)
    DataIndex                                0x2000000d   Data           1  cbctrl.o(.data)
    DataIndex                                0x2000000e   Data           1  cbctrl.o(.data)
    flag                                     0x2000000f   Data           1  cbctrl.o(.data)
    readData                                 0x20000010   Data           4  cbctrl.o(.data)
    .data                                    0x20000014   Section        4  stm32_systick.o(.data)
    .data                                    0x20000018   Section       20  stm32f10x_rcc.o(.data)
    APBAHBPrescTable                         0x20000018   Data          16  stm32f10x_rcc.o(.data)
    ADCPrescTable                            0x20000028   Data           4  stm32f10x_rcc.o(.data)
    .data                                    0x2000002c   Section       20  system_stm32f10x.o(.data)
    .bss                                     0x20000040   Section      120  batteryadcread.o(.bss)
    BatAdcBuf                                0x20000040   Data          60  batteryadcread.o(.bss)
    BatAdcBuf                                0x2000007c   Data          60  batteryadcread.o(.bss)
    .bss                                     0x200000b8   Section      480  keyread.o(.bss)
    .bss                                     0x20000298   Section       56  cbctrl.o(.bss)
    .bss                                     0x200002d0   Section      600  stm32_adc.o(.bss)
    .bss                                     0x20000528   Section      360  stm32_usartinit.o(.bss)
    .bss                                     0x20000690   Section       96  libspace.o(.bss)
    HEAP                                     0x200006f0   Section      512  startup_stm32f10x_hd.o(HEAP)
    Heap_Mem                                 0x200006f0   Data         512  startup_stm32f10x_hd.o(HEAP)
    STACK                                    0x200008f0   Section     1024  startup_stm32f10x_hd.o(STACK)
    Stack_Mem                                0x200008f0   Data        1024  startup_stm32f10x_hd.o(STACK)
    __initial_sp                             0x20000cf0   Data           0  startup_stm32f10x_hd.o(STACK)

    Global Symbols

    Symbol Name                              Value     Ov Type        Size  Object(Section)

    BuildAttributes$$THM_ISAv4$P$D$K$B$S$PE$A:L22UL41UL21$X:L11$S22US41US21$IEEE1$IW$USESV6$~STKCKD$USESV7$~SHL$OTIME$ROPI$EBA8$UX$STANDARDLIB$REQ8$PRES8$EABIv2 0x00000000   Number         0  anon$$obj.o ABSOLUTE
    __ARM_use_no_argv                        0x00000000   Number         0  main.o ABSOLUTE
    __ARM_exceptions_init                     - Undefined Weak Reference
    __alloca_initialize                       - Undefined Weak Reference
    __cpp_initialize__aeabi_                  - Undefined Weak Reference
    __cxa_finalize                            - Undefined Weak Reference
    __rt_locale                               - Undefined Weak Reference
    __sigvec_lookup                           - Undefined Weak Reference
    __user_heap_extent                        - Undefined Weak Reference
    _atexit_init                              - Undefined Weak Reference
    _call_atexit_fns                          - Undefined Weak Reference
    _clock_init                               - Undefined Weak Reference
    _fp_trap_init                             - Undefined Weak Reference
    _fp_trap_shutdown                         - Undefined Weak Reference
    _get_lc_collate                           - Undefined Weak Reference
    _get_lc_ctype                             - Undefined Weak Reference
    _get_lc_monetary                          - Undefined Weak Reference
    _get_lc_numeric                           - Undefined Weak Reference
    _get_lc_time                              - Undefined Weak Reference
    _getenv_init                              - Undefined Weak Reference
    _handle_redirection                       - Undefined Weak Reference
    _initio                                   - Undefined Weak Reference
    _mutex_acquire                            - Undefined Weak Reference
    _mutex_free                               - Undefined Weak Reference
    _mutex_release                            - Undefined Weak Reference
    _rand_init                                - Undefined Weak Reference
    _signal_finish                            - Undefined Weak Reference
    _signal_init                              - Undefined Weak Reference
    _terminateio                              - Undefined Weak Reference
    __Vectors_Size                           0x00000130   Number         0  startup_stm32f10x_hd.o ABSOLUTE
    __Vectors                                0x08000000   Data           4  startup_stm32f10x_hd.o(RESET)
    __Vectors_End                            0x08000130   Data           0  startup_stm32f10x_hd.o(RESET)
    __main                                   0x08000131   Thumb Code     8  __main.o(!!!main)
    __scatterload                            0x08000139   Thumb Code     0  __scatter.o(!!!scatter)
    __scatterload_rt2                        0x08000139   Thumb Code    44  __scatter.o(!!!scatter)
    __scatterload_rt2_thumb_only             0x08000139   Thumb Code     0  __scatter.o(!!!scatter)
    __scatterload_null                       0x08000147   Thumb Code     0  __scatter.o(!!!scatter)
    __scatterload_copy                       0x0800016d   Thumb Code    26  __scatter_copy.o(!!handler_copy)
    __scatterload_zeroinit                   0x08000189   Thumb Code    28  __scatter_zi.o(!!handler_zi)
    __rt_lib_init                            0x080001a5   Thumb Code     0  libinit.o(.ARM.Collect$$libinit$$00000000)
    __rt_lib_init_fp_1                       0x080001a7   Thumb Code     0  libinit2.o(.ARM.Collect$$libinit$$00000002)
    __rt_lib_init_heap_2                     0x080001a7   Thumb Code     0  libinit2.o(.ARM.Collect$$libinit$$00000003)
    __rt_lib_init_alloca_1                   0x080001af   Thumb Code     0  libinit2.o(.ARM.Collect$$libinit$$0000002C)
    __rt_lib_init_argv_1                     0x080001af   Thumb Code     0  libinit2.o(.ARM.Collect$$libinit$$0000002A)
    __rt_lib_init_atexit_1                   0x080001af   Thumb Code     0  libinit2.o(.ARM.Collect$$libinit$$00000019)
    __rt_lib_init_clock_1                    0x080001af   Thumb Code     0  libinit2.o(.ARM.Collect$$libinit$$0000001F)
    __rt_lib_init_cpp_1                      0x080001af   Thumb Code     0  libinit2.o(.ARM.Collect$$libinit$$00000030)
    __rt_lib_init_exceptions_1               0x080001af   Thumb Code     0  libinit2.o(.ARM.Collect$$libinit$$0000002E)
    __rt_lib_init_fp_trap_1                  0x080001af   Thumb Code     0  libinit2.o(.ARM.Collect$$libinit$$0000001D)
    __rt_lib_init_getenv_1                   0x080001af   Thumb Code     0  libinit2.o(.ARM.Collect$$libinit$$00000021)
    __rt_lib_init_heap_1                     0x080001af   Thumb Code     0  libinit2.o(.ARM.Collect$$libinit$$00000008)
    __rt_lib_init_lc_collate_1               0x080001af   Thumb Code     0  libinit2.o(.ARM.Collect$$libinit$$0000000F)
    __rt_lib_init_lc_ctype_1                 0x080001af   Thumb Code     0  libinit2.o(.ARM.Collect$$libinit$$00000011)
    __rt_lib_init_lc_monetary_1              0x080001af   Thumb Code     0  libinit2.o(.ARM.Collect$$libinit$$00000013)
    __rt_lib_init_lc_numeric_1               0x080001af   Thumb Code     0  libinit2.o(.ARM.Collect$$libinit$$00000015)
    __rt_lib_init_lc_time_1                  0x080001af   Thumb Code     0  libinit2.o(.ARM.Collect$$libinit$$00000017)
    __rt_lib_init_rand_1                     0x080001af   Thumb Code     0  libinit2.o(.ARM.Collect$$libinit$$0000000C)
    __rt_lib_init_return                     0x080001af   Thumb Code     0  libinit2.o(.ARM.Collect$$libinit$$00000031)
    __rt_lib_init_signal_1                   0x080001af   Thumb Code     0  libinit2.o(.ARM.Collect$$libinit$$0000001B)
    __rt_lib_init_stdio_1                    0x080001af   Thumb Code     0  libinit2.o(.ARM.Collect$$libinit$$00000023)
    __rt_lib_init_user_alloc_1               0x080001af   Thumb Code     0  libinit2.o(.ARM.Collect$$libinit$$0000000A)
    __rt_lib_shutdown                        0x080001b1   Thumb Code     0  libshutdown.o(.ARM.Collect$$libshutdown$$00000000)
    __rt_lib_shutdown_fp_trap_1              0x080001b3   Thumb Code     0  libshutdown2.o(.ARM.Collect$$libshutdown$$00000006)
    __rt_lib_shutdown_heap_1                 0x080001b3   Thumb Code     0  libshutdown2.o(.ARM.Collect$$libshutdown$$0000000E)
    __rt_lib_shutdown_return                 0x080001b3   Thumb Code     0  libshutdown2.o(.ARM.Collect$$libshutdown$$0000000F)
    __rt_lib_shutdown_signal_1               0x080001b3   Thumb Code     0  libshutdown2.o(.ARM.Collect$$libshutdown$$00000009)
    __rt_lib_shutdown_stdio_1                0x080001b3   Thumb Code     0  libshutdown2.o(.ARM.Collect$$libshutdown$$00000003)
    __rt_lib_shutdown_user_alloc_1           0x080001b3   Thumb Code     0  libshutdown2.o(.ARM.Collect$$libshutdown$$0000000B)
    __rt_entry                               0x080001b5   Thumb Code     0  rtentry.o(.ARM.Collect$$rtentry$$00000000)
    __rt_entry_presh_1                       0x080001b5   Thumb Code     0  rtentry2.o(.ARM.Collect$$rtentry$$00000002)
    __rt_entry_sh                            0x080001b5   Thumb Code     0  rtentry4.o(.ARM.Collect$$rtentry$$00000004)
    __rt_entry_li                            0x080001bb   Thumb Code     0  rtentry2.o(.ARM.Collect$$rtentry$$0000000A)
    __rt_entry_postsh_1                      0x080001bb   Thumb Code     0  rtentry2.o(.ARM.Collect$$rtentry$$00000009)
    __rt_entry_main                          0x080001bf   Thumb Code     0  rtentry2.o(.ARM.Collect$$rtentry$$0000000D)
    __rt_entry_postli_1                      0x080001bf   Thumb Code     0  rtentry2.o(.ARM.Collect$$rtentry$$0000000C)
    __rt_exit                                0x080001c7   Thumb Code     0  rtexit.o(.ARM.Collect$$rtexit$$00000000)
    __rt_exit_ls                             0x080001c9   Thumb Code     0  rtexit2.o(.ARM.Collect$$rtexit$$00000003)
    __rt_exit_prels_1                        0x080001c9   Thumb Code     0  rtexit2.o(.ARM.Collect$$rtexit$$00000002)
    __rt_exit_exit                           0x080001cd   Thumb Code     0  rtexit2.o(.ARM.Collect$$rtexit$$00000004)
    _maybe_terminate_alloc                   0x080001d5   Thumb Code     0  maybetermalloc1.o(.emb_text)
    main                                     0x080001d5   Thumb Code   156  main.o(.text)
    NMI_Handler                              0x0800027d   Thumb Code     2  stm32f10x_it.o(.text)
    HardFault_Handler                        0x0800027f   Thumb Code     4  stm32f10x_it.o(.text)
    MemManage_Handler                        0x08000283   Thumb Code     4  stm32f10x_it.o(.text)
    BusFault_Handler                         0x08000287   Thumb Code     4  stm32f10x_it.o(.text)
    UsageFault_Handler                       0x0800028b   Thumb Code     4  stm32f10x_it.o(.text)
    SVC_Handler                              0x0800028f   Thumb Code     2  stm32f10x_it.o(.text)
    DebugMon_Handler                         0x08000291   Thumb Code     2  stm32f10x_it.o(.text)
    PendSV_Handler                           0x08000293   Thumb Code     2  stm32f10x_it.o(.text)
    SysTick_Handler                          0x08000295   Thumb Code     8  stm32f10x_it.o(.text)
    TIM2_IRQHandler                          0x0800029d   Thumb Code    44  stm32_irq_fun.o(.text)
    TIM3_IRQHandler                          0x080002c9   Thumb Code    42  stm32_irq_fun.o(.text)
    TIM4_IRQHandler                          0x080002f3   Thumb Code    50  stm32_irq_fun.o(.text)
    BAT1_GetValue                            0x08000335   Thumb Code    98  batteryadcread.o(.text)
    BAT2_GetValue                            0x08000397   Thumb Code    96  batteryadcread.o(.text)
    JoyStickAdcReadInit                      0x0800040d   Thumb Code   288  joystickadcread.o(.text)
    JK_GetValue                              0x0800052d   Thumb Code    68  joystickadcread.o(.text)
    KeyOneInit                               0x08000585   Thumb Code    32  keyread.o(.text)
    KeyRead_Init                             0x080005a5   Thumb Code  1188  keyread.o(.text)
    KeyOnePress_OpTask                       0x08000a49   Thumb Code    64  keyread.o(.text)
    KeyAll_OpTask                            0x08000a89   Thumb Code    32  keyread.o(.text)
    CbCtrlInit                               0x08000ab9   Thumb Code     2  cbctrl.o(.text)
    CbDealTxdCtrl                            0x08000f07   Thumb Code    76  cbctrl.o(.text)
    XbotRxdDataSetOmapTxdData                0x08000f53   Thumb Code    58  cbctrl.o(.text)
    CbCtrlDealRcXbotData                     0x08000f8d   Thumb Code   168  cbctrl.o(.text)
    OmapRxdDataSetXbotTxdData                0x08001035   Thumb Code    52  cbctrl.o(.text)
    CbCtrlDealRcOmapData                     0x08001069   Thumb Code   168  cbctrl.o(.text)
    CbDealRxdCtrl                            0x08001111   Thumb Code   220  cbctrl.o(.text)
    OmapRxdDataSetCbOtherCtrl                0x080011ed   Thumb Code     2  cbctrl.o(.text)
    receiveData                              0x080011ef   Thumb Code   286  cbctrl.o(.text)
    insertAfter                              0x08001311   Thumb Code    32  chain.o(.text)
    insertBefore                             0x08001331   Thumb Code    32  chain.o(.text)
    deleteAfter                              0x08001351   Thumb Code    36  chain.o(.text)
    deleteBefore                             0x08001375   Thumb Code    36  chain.o(.text)
    deletSelf                                0x08001399   Thumb Code    48  chain.o(.text)
    creatChain                               0x080013c9   Thumb Code    84  chain.o(.text)
    deleteChain                              0x0800141d   Thumb Code    32  chain.o(.text)
    Adc1Dma_Init                             0x0800143d   Thumb Code   372  stm32_adc.o(.text)
    GetAdcAverageValue                       0x080015b1   Thumb Code    42  stm32_adc.o(.text)
    LedDisp_Init                             0x080015f1   Thumb Code    36  stm32_leddisp.o(.text)
    SysTick_Init                             0x08001619   Thumb Code    88  stm32_systick.o(.text)
    SysTick_Delay                            0x08001671   Thumb Code    20  stm32_systick.o(.text)
    SysTick_TimingDelay_Decrement            0x08001685   Thumb Code    18  stm32_systick.o(.text)
    SysTick_DelayUs                          0x08001697   Thumb Code    26  stm32_systick.o(.text)
    SysTick_DelayMs                          0x080016b1   Thumb Code    28  stm32_systick.o(.text)
    USART_InterruptDriver_Initialize         0x080016dd   Thumb Code    22  stm32_usartdriver.o(.text)
    USART_TXBuffer_FreeSpace                 0x080016f3   Thumb Code    28  stm32_usartdriver.o(.text)
    USART_TXBuffer_SendAll                   0x0800170f   Thumb Code    28  stm32_usartdriver.o(.text)
    USART_TXBuffer_PutByte                   0x0800172b   Thumb Code    66  stm32_usartdriver.o(.text)
    USART_RXBufferData_Available             0x0800176d   Thumb Code    22  stm32_usartdriver.o(.text)
    USART_RXBuffer_GetByte                   0x08001783   Thumb Code    26  stm32_usartdriver.o(.text)
    USART_RXComplete                         0x0800179d   Thumb Code    50  stm32_usartdriver.o(.text)
    USART_DataRegEmpty                       0x080017cf   Thumb Code    62  stm32_usartdriver.o(.text)
    USART1_DataRegEmpty                      0x0800180d   Thumb Code    60  stm32_usartdriver.o(.text)
    USART2_DataRegEmpty                      0x08001849   Thumb Code    76  stm32_usartdriver.o(.text)
    USART3_DataRegEmpty                      0x08001895   Thumb Code    76  stm32_usartdriver.o(.text)
    USART4_DataRegEmpty                      0x080018e1   Thumb Code    76  stm32_usartdriver.o(.text)
    USART5_DataRegEmpty                      0x0800192d   Thumb Code    60  stm32_usartdriver.o(.text)
    STM32_Usart_InitNVIC                     0x08001975   Thumb Code    34  stm32_usartinit.o(.text)
    STM32_Usart_InitConfig                   0x08001997   Thumb Code    48  stm32_usartinit.o(.text)
    STM32_InitUsart1                         0x080019c7   Thumb Code   152  stm32_usartinit.o(.text)
    STM32_InitUsart2                         0x08001a5f   Thumb Code   142  stm32_usartinit.o(.text)
    STM32_InitUsart3                         0x08001aed   Thumb Code   134  stm32_usartinit.o(.text)
    STM32_InitUsart4                         0x08001b73   Thumb Code   134  stm32_usartinit.o(.text)
    STM32_InitUsart5                         0x08001bf9   Thumb Code   130  stm32_usartinit.o(.text)
    USART1_IRQHandler                        0x08001c7b   Thumb Code    82  stm32_usartinit.o(.text)
    USART2_IRQHandler                        0x08001ccd   Thumb Code    92  stm32_usartinit.o(.text)
    USART3_IRQHandler                        0x08001d29   Thumb Code    92  stm32_usartinit.o(.text)
    UART4_IRQHandler                         0x08001d85   Thumb Code   150  stm32_usartinit.o(.text)
    UART5_IRQHandler                         0x08001e1b   Thumb Code    82  stm32_usartinit.o(.text)
    STM32_Tim2Init                           0x08001e7d   Thumb Code   102  stm32_timinit.o(.text)
    STM32_Tim3Init                           0x08001ee3   Thumb Code   100  stm32_timinit.o(.text)
    STM32_Tim4Init                           0x08001f47   Thumb Code   100  stm32_timinit.o(.text)
    STM32_GpioOneInit                        0x08001fb5   Thumb Code    32  stm32_gpioinit.o(.text)
    STM32_GpioInit                           0x08001fd5   Thumb Code    76  stm32_gpioinit.o(.text)
    NVIC_PriorityGroupConfig                 0x0800202d   Thumb Code    10  misc.o(.text)
    NVIC_Init                                0x08002037   Thumb Code   102  misc.o(.text)
    NVIC_SetVectorTable                      0x0800209d   Thumb Code    14  misc.o(.text)
    NVIC_SystemLPConfig                      0x080020ab   Thumb Code    34  misc.o(.text)
    SysTick_CLKSourceConfig                  0x080020cd   Thumb Code    40  misc.o(.text)
    ADC_DeInit                               0x08002109   Thumb Code    78  stm32f10x_adc.o(.text)
    ADC_Init                                 0x08002157   Thumb Code    70  stm32f10x_adc.o(.text)
    ADC_StructInit                           0x0800219d   Thumb Code    18  stm32f10x_adc.o(.text)
    ADC_Cmd                                  0x080021af   Thumb Code    22  stm32f10x_adc.o(.text)
    ADC_DMACmd                               0x080021c5   Thumb Code    22  stm32f10x_adc.o(.text)
    ADC_ITConfig                             0x080021db   Thumb Code    24  stm32f10x_adc.o(.text)
    ADC_ResetCalibration                     0x080021f3   Thumb Code    10  stm32f10x_adc.o(.text)
    ADC_GetResetCalibrationStatus            0x080021fd   Thumb Code    20  stm32f10x_adc.o(.text)
    ADC_StartCalibration                     0x08002211   Thumb Code    10  stm32f10x_adc.o(.text)
    ADC_GetCalibrationStatus                 0x0800221b   Thumb Code    20  stm32f10x_adc.o(.text)
    ADC_SoftwareStartConvCmd                 0x0800222f   Thumb Code    22  stm32f10x_adc.o(.text)
    ADC_GetSoftwareStartConvStatus           0x08002245   Thumb Code    20  stm32f10x_adc.o(.text)
    ADC_DiscModeChannelCountConfig           0x08002259   Thumb Code    24  stm32f10x_adc.o(.text)
    ADC_DiscModeCmd                          0x08002271   Thumb Code    22  stm32f10x_adc.o(.text)
    ADC_RegularChannelConfig                 0x08002287   Thumb Code   184  stm32f10x_adc.o(.text)
    ADC_ExternalTrigConvCmd                  0x0800233f   Thumb Code    22  stm32f10x_adc.o(.text)
    ADC_GetConversionValue                   0x08002355   Thumb Code     8  stm32f10x_adc.o(.text)
    ADC_GetDualModeConversionValue           0x0800235d   Thumb Code     8  stm32f10x_adc.o(.text)
    ADC_AutoInjectedConvCmd                  0x08002365   Thumb Code    22  stm32f10x_adc.o(.text)
    ADC_InjectedDiscModeCmd                  0x0800237b   Thumb Code    22  stm32f10x_adc.o(.text)
    ADC_ExternalTrigInjectedConvConfig       0x08002391   Thumb Code    16  stm32f10x_adc.o(.text)
    ADC_ExternalTrigInjectedConvCmd          0x080023a1   Thumb Code    22  stm32f10x_adc.o(.text)
    ADC_SoftwareStartInjectedConvCmd         0x080023b7   Thumb Code    22  stm32f10x_adc.o(.text)
    ADC_GetSoftwareStartInjectedConvCmdStatus 0x080023cd   Thumb Code    20  stm32f10x_adc.o(.text)
    ADC_InjectedChannelConfig                0x080023e1   Thumb Code   130  stm32f10x_adc.o(.text)
    ADC_InjectedSequencerLengthConfig        0x08002463   Thumb Code    24  stm32f10x_adc.o(.text)
    ADC_SetInjectedOffset                    0x0800247b   Thumb Code    20  stm32f10x_adc.o(.text)
    ADC_GetInjectedConversionValue           0x0800248f   Thumb Code    28  stm32f10x_adc.o(.text)
    ADC_AnalogWatchdogCmd                    0x080024ab   Thumb Code    16  stm32f10x_adc.o(.text)
    ADC_AnalogWatchdogThresholdsConfig       0x080024bb   Thumb Code     6  stm32f10x_adc.o(.text)
    ADC_AnalogWatchdogSingleChannelConfig    0x080024c1   Thumb Code    16  stm32f10x_adc.o(.text)
    ADC_TempSensorVrefintCmd                 0x080024d1   Thumb Code    64  stm32f10x_adc.o(.text)
    ADC_GetFlagStatus                        0x08002511   Thumb Code    18  stm32f10x_adc.o(.text)
    ADC_ClearFlag                            0x08002523   Thumb Code     6  stm32f10x_adc.o(.text)
    ADC_GetITStatus                          0x08002529   Thumb Code    36  stm32f10x_adc.o(.text)
    ADC_ClearITPendingBit                    0x0800254d   Thumb Code    10  stm32f10x_adc.o(.text)
    DMA_DeInit                               0x08002559   Thumb Code   324  stm32f10x_dma.o(.text)
    DMA_Init                                 0x0800269d   Thumb Code    60  stm32f10x_dma.o(.text)
    DMA_StructInit                           0x080026d9   Thumb Code    26  stm32f10x_dma.o(.text)
    DMA_Cmd                                  0x080026f3   Thumb Code    24  stm32f10x_dma.o(.text)
    DMA_ITConfig                             0x0800270b   Thumb Code    18  stm32f10x_dma.o(.text)
    DMA_SetCurrDataCounter                   0x0800271d   Thumb Code     4  stm32f10x_dma.o(.text)
    DMA_GetCurrDataCounter                   0x08002721   Thumb Code     8  stm32f10x_dma.o(.text)
    DMA_GetFlagStatus                        0x08002729   Thumb Code    38  stm32f10x_dma.o(.text)
    DMA_ClearFlag                            0x0800274f   Thumb Code    22  stm32f10x_dma.o(.text)
    DMA_GetITStatus                          0x08002765   Thumb Code    38  stm32f10x_dma.o(.text)
    DMA_ClearITPendingBit                    0x0800278b   Thumb Code    22  stm32f10x_dma.o(.text)
    GPIO_DeInit                              0x080027a9   Thumb Code   172  stm32f10x_gpio.o(.text)
    GPIO_AFIODeInit                          0x08002855   Thumb Code    20  stm32f10x_gpio.o(.text)
    GPIO_Init                                0x08002869   Thumb Code   274  stm32f10x_gpio.o(.text)
    GPIO_StructInit                          0x0800297b   Thumb Code    16  stm32f10x_gpio.o(.text)
    GPIO_ReadInputDataBit                    0x0800298b   Thumb Code    18  stm32f10x_gpio.o(.text)
    GPIO_ReadInputData                       0x0800299d   Thumb Code     8  stm32f10x_gpio.o(.text)
    GPIO_ReadOutputDataBit                   0x080029a5   Thumb Code    18  stm32f10x_gpio.o(.text)
    GPIO_ReadOutputData                      0x080029b7   Thumb Code     8  stm32f10x_gpio.o(.text)
    GPIO_SetBits                             0x080029bf   Thumb Code     4  stm32f10x_gpio.o(.text)
    GPIO_ResetBits                           0x080029c3   Thumb Code     4  stm32f10x_gpio.o(.text)
    GPIO_WriteBit                            0x080029c7   Thumb Code    10  stm32f10x_gpio.o(.text)
    GPIO_Write                               0x080029d1   Thumb Code     4  stm32f10x_gpio.o(.text)
    GPIO_PinLockConfig                       0x080029d5   Thumb Code    18  stm32f10x_gpio.o(.text)
    GPIO_EventOutputConfig                   0x080029e7   Thumb Code    26  stm32f10x_gpio.o(.text)
    GPIO_EventOutputCmd                      0x08002a01   Thumb Code     6  stm32f10x_gpio.o(.text)
    GPIO_PinRemapConfig                      0x08002a07   Thumb Code   138  stm32f10x_gpio.o(.text)
    GPIO_EXTILineConfig                      0x08002a91   Thumb Code    66  stm32f10x_gpio.o(.text)
    GPIO_ETH_MediaInterfaceConfig            0x08002ad3   Thumb Code     6  stm32f10x_gpio.o(.text)
    RCC_DeInit                               0x08002b01   Thumb Code    64  stm32f10x_rcc.o(.text)
    RCC_HSEConfig                            0x08002b41   Thumb Code    70  stm32f10x_rcc.o(.text)
    RCC_GetFlagStatus                        0x08002b87   Thumb Code    56  stm32f10x_rcc.o(.text)
    RCC_WaitForHSEStartUp                    0x08002bbf   Thumb Code    56  stm32f10x_rcc.o(.text)
    RCC_AdjustHSICalibrationValue            0x08002bf7   Thumb Code    20  stm32f10x_rcc.o(.text)
    RCC_HSICmd                               0x08002c0b   Thumb Code     6  stm32f10x_rcc.o(.text)
    RCC_PLLConfig                            0x08002c11   Thumb Code    24  stm32f10x_rcc.o(.text)
    RCC_PLLCmd                               0x08002c29   Thumb Code     6  stm32f10x_rcc.o(.text)
    RCC_SYSCLKConfig                         0x08002c2f   Thumb Code    18  stm32f10x_rcc.o(.text)
    RCC_GetSYSCLKSource                      0x08002c41   Thumb Code    10  stm32f10x_rcc.o(.text)
    RCC_HCLKConfig                           0x08002c4b   Thumb Code    18  stm32f10x_rcc.o(.text)
    RCC_PCLK1Config                          0x08002c5d   Thumb Code    18  stm32f10x_rcc.o(.text)
    RCC_PCLK2Config                          0x08002c6f   Thumb Code    20  stm32f10x_rcc.o(.text)
    RCC_ITConfig                             0x08002c83   Thumb Code    26  stm32f10x_rcc.o(.text)
    RCC_USBCLKConfig                         0x08002c9d   Thumb Code     6  stm32f10x_rcc.o(.text)
    RCC_ADCCLKConfig                         0x08002ca3   Thumb Code    18  stm32f10x_rcc.o(.text)
    RCC_LSEConfig                            0x08002cb5   Thumb Code    44  stm32f10x_rcc.o(.text)
    RCC_LSICmd                               0x08002ce1   Thumb Code     6  stm32f10x_rcc.o(.text)
    RCC_RTCCLKConfig                         0x08002ce7   Thumb Code    12  stm32f10x_rcc.o(.text)
    RCC_RTCCLKCmd                            0x08002cf3   Thumb Code     8  stm32f10x_rcc.o(.text)
    RCC_GetClocksFreq                        0x08002cfb   Thumb Code   192  stm32f10x_rcc.o(.text)
    RCC_AHBPeriphClockCmd                    0x08002dbb   Thumb Code    26  stm32f10x_rcc.o(.text)
    RCC_APB2PeriphClockCmd                   0x08002dd5   Thumb Code    26  stm32f10x_rcc.o(.text)
    RCC_APB1PeriphClockCmd                   0x08002def   Thumb Code    26  stm32f10x_rcc.o(.text)
    RCC_APB2PeriphResetCmd                   0x08002e09   Thumb Code    26  stm32f10x_rcc.o(.text)
    RCC_APB1PeriphResetCmd                   0x08002e23   Thumb Code    26  stm32f10x_rcc.o(.text)
    RCC_BackupResetCmd                       0x08002e3d   Thumb Code     8  stm32f10x_rcc.o(.text)
    RCC_ClockSecuritySystemCmd               0x08002e45   Thumb Code     6  stm32f10x_rcc.o(.text)
    RCC_MCOConfig                            0x08002e4b   Thumb Code     6  stm32f10x_rcc.o(.text)
    RCC_ClearFlag                            0x08002e51   Thumb Code    14  stm32f10x_rcc.o(.text)
    RCC_GetITStatus                          0x08002e5f   Thumb Code    20  stm32f10x_rcc.o(.text)
    RCC_ClearITPendingBit                    0x08002e73   Thumb Code     6  stm32f10x_rcc.o(.text)
    TIM_DeInit                               0x08002ea5   Thumb Code   424  stm32f10x_tim.o(.text)
    TIM_TimeBaseInit                         0x0800304d   Thumb Code   122  stm32f10x_tim.o(.text)
    TIM_OC1Init                              0x080030c7   Thumb Code   132  stm32f10x_tim.o(.text)
    TIM_OC2Init                              0x0800314b   Thumb Code   154  stm32f10x_tim.o(.text)
    TIM_OC3Init                              0x080031e5   Thumb Code   150  stm32f10x_tim.o(.text)
    TIM_OC4Init                              0x0800327b   Thumb Code   182  stm32f10x_tim.o(.text)
    TIM_SetIC4Prescaler                      0x08003331   Thumb Code    26  stm32f10x_tim.o(.text)
    TIM_SetIC3Prescaler                      0x080033cd   Thumb Code    18  stm32f10x_tim.o(.text)
    TIM_SetIC2Prescaler                      0x08003459   Thumb Code    26  stm32f10x_tim.o(.text)
    TIM_SetIC1Prescaler                      0x080034f5   Thumb Code    18  stm32f10x_tim.o(.text)
    TIM_ICInit                               0x08003573   Thumb Code   150  stm32f10x_tim.o(.text)
    TIM_PWMIConfig                           0x08003609   Thumb Code   124  stm32f10x_tim.o(.text)
    TIM_BDTRConfig                           0x08003685   Thumb Code    32  stm32f10x_tim.o(.text)
    TIM_TimeBaseStructInit                   0x080036a5   Thumb Code    18  stm32f10x_tim.o(.text)
    TIM_OCStructInit                         0x080036b7   Thumb Code    20  stm32f10x_tim.o(.text)
    TIM_ICStructInit                         0x080036cb   Thumb Code    18  stm32f10x_tim.o(.text)
    TIM_BDTRStructInit                       0x080036dd   Thumb Code    40  stm32f10x_tim.o(.text)
    TIM_Cmd                                  0x08003705   Thumb Code    24  stm32f10x_tim.o(.text)
    TIM_CtrlPWMOutputs                       0x0800371d   Thumb Code    30  stm32f10x_tim.o(.text)
    TIM_ITConfig                             0x0800373b   Thumb Code    18  stm32f10x_tim.o(.text)
    TIM_GenerateEvent                        0x0800374d   Thumb Code     4  stm32f10x_tim.o(.text)
    TIM_DMAConfig                            0x08003751   Thumb Code    10  stm32f10x_tim.o(.text)
    TIM_DMACmd                               0x0800375b   Thumb Code    18  stm32f10x_tim.o(.text)
    TIM_InternalClockConfig                  0x0800376d   Thumb Code    12  stm32f10x_tim.o(.text)
    TIM_SelectInputTrigger                   0x08003779   Thumb Code    18  stm32f10x_tim.o(.text)
    TIM_ITRxExternalClockConfig              0x0800378b   Thumb Code    24  stm32f10x_tim.o(.text)
    TIM_TIxExternalClockConfig               0x080037a3   Thumb Code    62  stm32f10x_tim.o(.text)
    TIM_ETRConfig                            0x080037e1   Thumb Code    28  stm32f10x_tim.o(.text)
    TIM_ETRClockMode1Config                  0x080037fd   Thumb Code    54  stm32f10x_tim.o(.text)
    TIM_ETRClockMode2Config                  0x08003833   Thumb Code    32  stm32f10x_tim.o(.text)
    TIM_PrescalerConfig                      0x08003853   Thumb Code     6  stm32f10x_tim.o(.text)
    TIM_CounterModeConfig                    0x08003859   Thumb Code    18  stm32f10x_tim.o(.text)
    TIM_EncoderInterfaceConfig               0x0800386b   Thumb Code    66  stm32f10x_tim.o(.text)
    TIM_ForcedOC1Config                      0x080038ad   Thumb Code    18  stm32f10x_tim.o(.text)
    TIM_ForcedOC2Config                      0x080038bf   Thumb Code    26  stm32f10x_tim.o(.text)
    TIM_ForcedOC3Config                      0x080038d9   Thumb Code    18  stm32f10x_tim.o(.text)
    TIM_ForcedOC4Config                      0x080038eb   Thumb Code    26  stm32f10x_tim.o(.text)
    TIM_ARRPreloadConfig                     0x08003905   Thumb Code    24  stm32f10x_tim.o(.text)
    TIM_SelectCOM                            0x0800391d   Thumb Code    24  stm32f10x_tim.o(.text)
    TIM_SelectCCDMA                          0x08003935   Thumb Code    24  stm32f10x_tim.o(.text)
    TIM_CCPreloadControl                     0x0800394d   Thumb Code    24  stm32f10x_tim.o(.text)
    TIM_OC1PreloadConfig                     0x08003965   Thumb Code    18  stm32f10x_tim.o(.text)
    TIM_OC2PreloadConfig                     0x08003977   Thumb Code    26  stm32f10x_tim.o(.text)
    TIM_OC3PreloadConfig                     0x08003991   Thumb Code    18  stm32f10x_tim.o(.text)
    TIM_OC4PreloadConfig                     0x080039a3   Thumb Code    26  stm32f10x_tim.o(.text)
    TIM_OC1FastConfig                        0x080039bd   Thumb Code    18  stm32f10x_tim.o(.text)
    TIM_OC2FastConfig                        0x080039cf   Thumb Code    26  stm32f10x_tim.o(.text)
    TIM_OC3FastConfig                        0x080039e9   Thumb Code    18  stm32f10x_tim.o(.text)
    TIM_OC4FastConfig                        0x080039fb   Thumb Code    26  stm32f10x_tim.o(.text)
    TIM_ClearOC1Ref                          0x08003a15   Thumb Code    18  stm32f10x_tim.o(.text)
    TIM_ClearOC2Ref                          0x08003a27   Thumb Code    24  stm32f10x_tim.o(.text)
    TIM_ClearOC3Ref                          0x08003a3f   Thumb Code    18  stm32f10x_tim.o(.text)
    TIM_ClearOC4Ref                          0x08003a51   Thumb Code    24  stm32f10x_tim.o(.text)
    TIM_OC1PolarityConfig                    0x08003a69   Thumb Code    18  stm32f10x_tim.o(.text)
    TIM_OC1NPolarityConfig                   0x08003a7b   Thumb Code    18  stm32f10x_tim.o(.text)
    TIM_OC2PolarityConfig                    0x08003a8d   Thumb Code    26  stm32f10x_tim.o(.text)
    TIM_OC2NPolarityConfig                   0x08003aa7   Thumb Code    26  stm32f10x_tim.o(.text)
    TIM_OC3PolarityConfig                    0x08003ac1   Thumb Code    26  stm32f10x_tim.o(.text)
    TIM_OC3NPolarityConfig                   0x08003adb   Thumb Code    26  stm32f10x_tim.o(.text)
    TIM_OC4PolarityConfig                    0x08003af5   Thumb Code    26  stm32f10x_tim.o(.text)
    TIM_CCxCmd                               0x08003b0f   Thumb Code    30  stm32f10x_tim.o(.text)
    TIM_CCxNCmd                              0x08003b2d   Thumb Code    30  stm32f10x_tim.o(.text)
    TIM_SelectOCxM                           0x08003b4b   Thumb Code    82  stm32f10x_tim.o(.text)
    TIM_UpdateDisableConfig                  0x08003b9d   Thumb Code    24  stm32f10x_tim.o(.text)
    TIM_UpdateRequestConfig                  0x08003bb5   Thumb Code    24  stm32f10x_tim.o(.text)
    TIM_SelectHallSensor                     0x08003bcd   Thumb Code    24  stm32f10x_tim.o(.text)
    TIM_SelectOnePulseMode                   0x08003be5   Thumb Code    18  stm32f10x_tim.o(.text)
    TIM_SelectOutputTrigger                  0x08003bf7   Thumb Code    18  stm32f10x_tim.o(.text)
    TIM_SelectSlaveMode                      0x08003c09   Thumb Code    18  stm32f10x_tim.o(.text)
    TIM_SelectMasterSlaveMode                0x08003c1b   Thumb Code    18  stm32f10x_tim.o(.text)
    TIM_SetCounter                           0x08003c2d   Thumb Code     4  stm32f10x_tim.o(.text)
    TIM_SetAutoreload                        0x08003c31   Thumb Code     4  stm32f10x_tim.o(.text)
    TIM_SetCompare1                          0x08003c35   Thumb Code     4  stm32f10x_tim.o(.text)
    TIM_SetCompare2                          0x08003c39   Thumb Code     4  stm32f10x_tim.o(.text)
    TIM_SetCompare3                          0x08003c3d   Thumb Code     4  stm32f10x_tim.o(.text)
    TIM_SetCompare4                          0x08003c41   Thumb Code     6  stm32f10x_tim.o(.text)
    TIM_SetClockDivision                     0x08003c47   Thumb Code    18  stm32f10x_tim.o(.text)
    TIM_GetCapture1                          0x08003c59   Thumb Code     6  stm32f10x_tim.o(.text)
    TIM_GetCapture2                          0x08003c5f   Thumb Code     6  stm32f10x_tim.o(.text)
    TIM_GetCapture3                          0x08003c65   Thumb Code     6  stm32f10x_tim.o(.text)
    TIM_GetCapture4                          0x08003c6b   Thumb Code     8  stm32f10x_tim.o(.text)
    TIM_GetCounter                           0x08003c73   Thumb Code     6  stm32f10x_tim.o(.text)
    TIM_GetPrescaler                         0x08003c79   Thumb Code     6  stm32f10x_tim.o(.text)
    TIM_GetFlagStatus                        0x08003c7f   Thumb Code    18  stm32f10x_tim.o(.text)
    TIM_ClearFlag                            0x08003c91   Thumb Code     6  stm32f10x_tim.o(.text)
    TIM_GetITStatus                          0x08003c97   Thumb Code    34  stm32f10x_tim.o(.text)
    TIM_ClearITPendingBit                    0x08003cb9   Thumb Code     6  stm32f10x_tim.o(.text)
    USART_DeInit                             0x08003cc1   Thumb Code   134  stm32f10x_usart.o(.text)
    USART_Init                               0x08003d47   Thumb Code   210  stm32f10x_usart.o(.text)
    USART_StructInit                         0x08003e19   Thumb Code    24  stm32f10x_usart.o(.text)
    USART_ClockInit                          0x08003e31   Thumb Code    34  stm32f10x_usart.o(.text)
    USART_ClockStructInit                    0x08003e53   Thumb Code    12  stm32f10x_usart.o(.text)
    USART_Cmd                                0x08003e5f   Thumb Code    24  stm32f10x_usart.o(.text)
    USART_ITConfig                           0x08003e77   Thumb Code    74  stm32f10x_usart.o(.text)
    USART_DMACmd                             0x08003ec1   Thumb Code    18  stm32f10x_usart.o(.text)
    USART_SetAddress                         0x08003ed3   Thumb Code    18  stm32f10x_usart.o(.text)
    USART_WakeUpConfig                       0x08003ee5   Thumb Code    18  stm32f10x_usart.o(.text)
    USART_ReceiverWakeUpCmd                  0x08003ef7   Thumb Code    24  stm32f10x_usart.o(.text)
    USART_LINBreakDetectLengthConfig         0x08003f0f   Thumb Code    18  stm32f10x_usart.o(.text)
    USART_LINCmd                             0x08003f21   Thumb Code    24  stm32f10x_usart.o(.text)
    USART_SendData                           0x08003f39   Thumb Code     8  stm32f10x_usart.o(.text)
    USART_ReceiveData                        0x08003f41   Thumb Code    10  stm32f10x_usart.o(.text)
    USART_SendBreak                          0x08003f4b   Thumb Code    10  stm32f10x_usart.o(.text)
    USART_SetGuardTime                       0x08003f55   Thumb Code    16  stm32f10x_usart.o(.text)
    USART_SetPrescaler                       0x08003f65   Thumb Code    16  stm32f10x_usart.o(.text)
    USART_SmartCardCmd                       0x08003f75   Thumb Code    24  stm32f10x_usart.o(.text)
    USART_SmartCardNACKCmd                   0x08003f8d   Thumb Code    24  stm32f10x_usart.o(.text)
    USART_HalfDuplexCmd                      0x08003fa5   Thumb Code    24  stm32f10x_usart.o(.text)
    USART_OverSampling8Cmd                   0x08003fbd   Thumb Code    22  stm32f10x_usart.o(.text)
    USART_OneBitMethodCmd                    0x08003fd3   Thumb Code    24  stm32f10x_usart.o(.text)
    USART_IrDAConfig                         0x08003feb   Thumb Code    18  stm32f10x_usart.o(.text)
    USART_IrDACmd                            0x08003ffd   Thumb Code    24  stm32f10x_usart.o(.text)
    USART_GetFlagStatus                      0x08004015   Thumb Code    26  stm32f10x_usart.o(.text)
    USART_ClearFlag                          0x0800402f   Thumb Code    18  stm32f10x_usart.o(.text)
    USART_GetITStatus                        0x08004041   Thumb Code    84  stm32f10x_usart.o(.text)
    USART_ClearITPendingBit                  0x08004095   Thumb Code    52  stm32f10x_usart.o(.text)
    SystemInit                               0x080041a5   Thumb Code    78  system_stm32f10x.o(.text)
    SystemCoreClockUpdate                    0x080041f3   Thumb Code   142  system_stm32f10x.o(.text)
    Reset_Handler                            0x080042a5   Thumb Code     8  startup_stm32f10x_hd.o(.text)
    ADC1_2_IRQHandler                        0x080042bf   Thumb Code     0  startup_stm32f10x_hd.o(.text)
    ADC3_IRQHandler                          0x080042bf   Thumb Code     0  startup_stm32f10x_hd.o(.text)
    CAN1_RX1_IRQHandler                      0x080042bf   Thumb Code     0  startup_stm32f10x_hd.o(.text)
    CAN1_SCE_IRQHandler                      0x080042bf   Thumb Code     0  startup_stm32f10x_hd.o(.text)
    DMA1_Channel1_IRQHandler                 0x080042bf   Thumb Code     0  startup_stm32f10x_hd.o(.text)
    DMA1_Channel2_IRQHandler                 0x080042bf   Thumb Code     0  startup_stm32f10x_hd.o(.text)
    DMA1_Channel3_IRQHandler                 0x080042bf   Thumb Code     0  startup_stm32f10x_hd.o(.text)
    DMA1_Channel4_IRQHandler                 0x080042bf   Thumb Code     0  startup_stm32f10x_hd.o(.text)
    DMA1_Channel5_IRQHandler                 0x080042bf   Thumb Code     0  startup_stm32f10x_hd.o(.text)
    DMA1_Channel6_IRQHandler                 0x080042bf   Thumb Code     0  startup_stm32f10x_hd.o(.text)
    DMA1_Channel7_IRQHandler                 0x080042bf   Thumb Code     0  startup_stm32f10x_hd.o(.text)
    DMA2_Channel1_IRQHandler                 0x080042bf   Thumb Code     0  startup_stm32f10x_hd.o(.text)
    DMA2_Channel2_IRQHandler                 0x080042bf   Thumb Code     0  startup_stm32f10x_hd.o(.text)
    DMA2_Channel3_IRQHandler                 0x080042bf   Thumb Code     0  startup_stm32f10x_hd.o(.text)
    DMA2_Channel4_5_IRQHandler               0x080042bf   Thumb Code     0  startup_stm32f10x_hd.o(.text)
    EXTI0_IRQHandler                         0x080042bf   Thumb Code     0  startup_stm32f10x_hd.o(.text)
    EXTI15_10_IRQHandler                     0x080042bf   Thumb Code     0  startup_stm32f10x_hd.o(.text)
    EXTI1_IRQHandler                         0x080042bf   Thumb Code     0  startup_stm32f10x_hd.o(.text)
    EXTI2_IRQHandler                         0x080042bf   Thumb Code     0  startup_stm32f10x_hd.o(.text)
    EXTI3_IRQHandler                         0x080042bf   Thumb Code     0  startup_stm32f10x_hd.o(.text)
    EXTI4_IRQHandler                         0x080042bf   Thumb Code     0  startup_stm32f10x_hd.o(.text)
    EXTI9_5_IRQHandler                       0x080042bf   Thumb Code     0  startup_stm32f10x_hd.o(.text)
    FLASH_IRQHandler                         0x080042bf   Thumb Code     0  startup_stm32f10x_hd.o(.text)
    FSMC_IRQHandler                          0x080042bf   Thumb Code     0  startup_stm32f10x_hd.o(.text)
    I2C1_ER_IRQHandler                       0x080042bf   Thumb Code     0  startup_stm32f10x_hd.o(.text)
    I2C1_EV_IRQHandler                       0x080042bf   Thumb Code     0  startup_stm32f10x_hd.o(.text)
    I2C2_ER_IRQHandler                       0x080042bf   Thumb Code     0  startup_stm32f10x_hd.o(.text)
    I2C2_EV_IRQHandler                       0x080042bf   Thumb Code     0  startup_stm32f10x_hd.o(.text)
    PVD_IRQHandler                           0x080042bf   Thumb Code     0  startup_stm32f10x_hd.o(.text)
    RCC_IRQHandler                           0x080042bf   Thumb Code     0  startup_stm32f10x_hd.o(.text)
    RTCAlarm_IRQHandler                      0x080042bf   Thumb Code     0  startup_stm32f10x_hd.o(.text)
    RTC_IRQHandler                           0x080042bf   Thumb Code     0  startup_stm32f10x_hd.o(.text)
    SDIO_IRQHandler                          0x080042bf   Thumb Code     0  startup_stm32f10x_hd.o(.text)
    SPI1_IRQHandler                          0x080042bf   Thumb Code     0  startup_stm32f10x_hd.o(.text)
    SPI2_IRQHandler                          0x080042bf   Thumb Code     0  startup_stm32f10x_hd.o(.text)
    SPI3_IRQHandler                          0x080042bf   Thumb Code     0  startup_stm32f10x_hd.o(.text)
    TAMPER_IRQHandler                        0x080042bf   Thumb Code     0  startup_stm32f10x_hd.o(.text)
    TIM1_BRK_IRQHandler                      0x080042bf   Thumb Code     0  startup_stm32f10x_hd.o(.text)
    TIM1_CC_IRQHandler                       0x080042bf   Thumb Code     0  startup_stm32f10x_hd.o(.text)
    TIM1_TRG_COM_IRQHandler                  0x080042bf   Thumb Code     0  startup_stm32f10x_hd.o(.text)
    TIM1_UP_IRQHandler                       0x080042bf   Thumb Code     0  startup_stm32f10x_hd.o(.text)
    TIM5_IRQHandler                          0x080042bf   Thumb Code     0  startup_stm32f10x_hd.o(.text)
    TIM6_IRQHandler                          0x080042bf   Thumb Code     0  startup_stm32f10x_hd.o(.text)
    TIM7_IRQHandler                          0x080042bf   Thumb Code     0  startup_stm32f10x_hd.o(.text)
    TIM8_BRK_IRQHandler                      0x080042bf   Thumb Code     0  startup_stm32f10x_hd.o(.text)
    TIM8_CC_IRQHandler                       0x080042bf   Thumb Code     0  startup_stm32f10x_hd.o(.text)
    TIM8_TRG_COM_IRQHandler                  0x080042bf   Thumb Code     0  startup_stm32f10x_hd.o(.text)
    TIM8_UP_IRQHandler                       0x080042bf   Thumb Code     0  startup_stm32f10x_hd.o(.text)
    USBWakeUp_IRQHandler                     0x080042bf   Thumb Code     0  startup_stm32f10x_hd.o(.text)
    USB_HP_CAN1_TX_IRQHandler                0x080042bf   Thumb Code     0  startup_stm32f10x_hd.o(.text)
    USB_LP_CAN1_RX0_IRQHandler               0x080042bf   Thumb Code     0  startup_stm32f10x_hd.o(.text)
    WWDG_IRQHandler                          0x080042bf   Thumb Code     0  startup_stm32f10x_hd.o(.text)
    __user_initial_stackheap                 0x080042c1   Thumb Code     0  startup_stm32f10x_hd.o(.text)
    malloc                                   0x080042e5   Thumb Code    94  h1_alloc.o(.text)
    free                                     0x08004343   Thumb Code    78  h1_free.o(.text)
    __use_two_region_memory                  0x08004391   Thumb Code     2  heapauxi.o(.text)
    __rt_heap_escrow                         0x08004393   Thumb Code     2  heapauxi.o(.text)
    __rt_heap_expand                         0x08004395   Thumb Code     2  heapauxi.o(.text)
    __rt_heap_descriptor                     0x08004399   Thumb Code     8  rt_heap_descriptor_intlibspace.o(.text)
    __use_no_heap                            0x080043a1   Thumb Code     2  hguard.o(.text)
    __heap$guard                             0x080043a3   Thumb Code     2  hguard.o(.text)
    _terminate_user_alloc                    0x080043a5   Thumb Code     2  init_alloc.o(.text)
    _init_user_alloc                         0x080043a7   Thumb Code     2  init_alloc.o(.text)
    __Heap_Full                              0x080043a9   Thumb Code    34  init_alloc.o(.text)
    __Heap_Broken                            0x080043cb   Thumb Code     6  init_alloc.o(.text)
    _init_alloc                              0x080043d1   Thumb Code    94  init_alloc.o(.text)
    __Heap_Initialize                        0x0800442f   Thumb Code    10  h1_init.o(.text)
    __Heap_DescSize                          0x08004439   Thumb Code     4  h1_init.o(.text)
    __user_libspace                          0x0800443d   Thumb Code     8  libspace.o(.text)
    __user_perproc_libspace                  0x0800443d   Thumb Code     0  libspace.o(.text)
    __user_perthread_libspace                0x0800443d   Thumb Code     0  libspace.o(.text)
    __Heap_ProvideMemory                     0x08004445   Thumb Code    52  h1_extend.o(.text)
    __rt_SIGRTMEM                            0x08004479   Thumb Code    14  defsig_rtmem_outer.o(.text)
    __I$use$semihosting                      0x08004487   Thumb Code     0  use_no_semi.o(.text)
    __use_no_semihosting_swi                 0x08004487   Thumb Code     2  use_no_semi.o(.text)
    __semihosting_library_function           0x08004489   Thumb Code     0  indicate_semi.o(.text)
    __user_setup_stackheap                   0x08004489   Thumb Code    74  sys_stackheap_outer.o(.text)
    exit                                     0x080044d3   Thumb Code    12  exit.o(.text)
    __sig_exit                               0x080044df   Thumb Code    10  defsig_exit.o(.text)
    __rt_SIGRTMEM_inner                      0x080044e9   Thumb Code    22  defsig_rtmem_inner.o(.text)
    _sys_exit                                0x08004539   Thumb Code     8  sys_exit.o(.text)
    __default_signal_display                 0x08004545   Thumb Code    50  defsig_general.o(.text)
    _ttywrch                                 0x08004577   Thumb Code    14  sys_wrch.o(.text)
    Region$$Table$$Base                      0x08004584   Number         0  anon$$obj.o(Region$$Table)
    Region$$Table$$Limit                     0x080045a4   Number         0  anon$$obj.o(Region$$Table)
    JK_ADC_ZERO_LX                           0x20000002   Data           2  joystickadcread.o(.data)
    JK_ADC_ZERO_LY                           0x20000004   Data           2  joystickadcread.o(.data)
    JK_ADC_ZERO_RX                           0x20000006   Data           2  joystickadcread.o(.data)
    JK_ADC_ZERO_RY                           0x20000008   Data           2  joystickadcread.o(.data)
    SysTick_TimingDelay                      0x20000014   Data           4  stm32_systick.o(.data)
    SystemCoreClock                          0x2000002c   Data           4  system_stm32f10x.o(.data)
    AHBPrescTable                            0x20000030   Data          16  system_stm32f10x.o(.data)
    KEY_DATA                                 0x200000b8   Data         480  keyread.o(.bss)
    OMAP_TXD_DATA                            0x20000298   Data          15  cbctrl.o(.bss)
    OMAP_RXD_DATA                            0x200002a7   Data          15  cbctrl.o(.bss)
    XBOT_TXD_DATA                            0x200002b6   Data          13  cbctrl.o(.bss)
    XBOT_RXD_DATA                            0x200002c3   Data          13  cbctrl.o(.bss)
    ADC1ConvertedValue                       0x200002d0   Data         600  stm32_adc.o(.bss)
    USART_data_1                             0x20000528   Data          72  stm32_usartinit.o(.bss)
    USART_data_2                             0x20000570   Data          72  stm32_usartinit.o(.bss)
    USART_data_3                             0x200005b8   Data          72  stm32_usartinit.o(.bss)
    USART_data_4                             0x20000600   Data          72  stm32_usartinit.o(.bss)
    USART_data_5                             0x20000648   Data          72  stm32_usartinit.o(.bss)
    __libspace_start                         0x20000690   Data          96  libspace.o(.bss)
    __temporary_stack_top$libspace           0x200006f0   Data           0  libspace.o(.bss)



==============================================================================

Memory Map of the image

  Image Entry point : 0x08000131

  Load Region LR_IROM1 (Base: 0x08000000, Size: 0x000045e4, Max: 0x00040000, ABSOLUTE)

    Execution Region ER_IROM1 (Base: 0x08000000, Size: 0x000045a4, Max: 0x00040000, ABSOLUTE)

    Base Addr    Size         Type   Attr      Idx    E Section Name        Object

    0x08000000   0x00000130   Data   RO          591    RESET               startup_stm32f10x_hd.o
    0x08000130   0x00000008   Code   RO          662  * !!!main             c_w.l(__main.o)
    0x08000138   0x00000034   Code   RO          862    !!!scatter          c_w.l(__scatter.o)
    0x0800016c   0x0000001a   Code   RO          864    !!handler_copy      c_w.l(__scatter_copy.o)
    0x08000186   0x00000002   PAD
    0x08000188   0x0000001c   Code   RO          866    !!handler_zi        c_w.l(__scatter_zi.o)
    0x080001a4   0x00000002   Code   RO          802    .ARM.Collect$$libinit$$00000000  c_w.l(libinit.o)
    0x080001a6   0x00000000   Code   RO          697    .ARM.Collect$$libinit$$00000002  c_w.l(libinit2.o)
    0x080001a6   0x00000008   Code   RO          698    .ARM.Collect$$libinit$$00000003  c_w.l(libinit2.o)
    0x080001ae   0x00000000   Code   RO          700    .ARM.Collect$$libinit$$00000008  c_w.l(libinit2.o)
    0x080001ae   0x00000000   Code   RO          702    .ARM.Collect$$libinit$$0000000A  c_w.l(libinit2.o)
    0x080001ae   0x00000000   Code   RO          704    .ARM.Collect$$libinit$$0000000C  c_w.l(libinit2.o)
    0x080001ae   0x00000000   Code   RO          707    .ARM.Collect$$libinit$$0000000F  c_w.l(libinit2.o)
    0x080001ae   0x00000000   Code   RO          709    .ARM.Collect$$libinit$$00000011  c_w.l(libinit2.o)
    0x080001ae   0x00000000   Code   RO          711    .ARM.Collect$$libinit$$00000013  c_w.l(libinit2.o)
    0x080001ae   0x00000000   Code   RO          713    .ARM.Collect$$libinit$$00000015  c_w.l(libinit2.o)
    0x080001ae   0x00000000   Code   RO          715    .ARM.Collect$$libinit$$00000017  c_w.l(libinit2.o)
    0x080001ae   0x00000000   Code   RO          717    .ARM.Collect$$libinit$$00000019  c_w.l(libinit2.o)
    0x080001ae   0x00000000   Code   RO          719    .ARM.Collect$$libinit$$0000001B  c_w.l(libinit2.o)
    0x080001ae   0x00000000   Code   RO          721    .ARM.Collect$$libinit$$0000001D  c_w.l(libinit2.o)
    0x080001ae   0x00000000   Code   RO          723    .ARM.Collect$$libinit$$0000001F  c_w.l(libinit2.o)
    0x080001ae   0x00000000   Code   RO          725    .ARM.Collect$$libinit$$00000021  c_w.l(libinit2.o)
    0x080001ae   0x00000000   Code   RO          727    .ARM.Collect$$libinit$$00000023  c_w.l(libinit2.o)
    0x080001ae   0x00000000   Code   RO          731    .ARM.Collect$$libinit$$0000002A  c_w.l(libinit2.o)
    0x080001ae   0x00000000   Code   RO          733    .ARM.Collect$$libinit$$0000002C  c_w.l(libinit2.o)
    0x080001ae   0x00000000   Code   RO          735    .ARM.Collect$$libinit$$0000002E  c_w.l(libinit2.o)
    0x080001ae   0x00000000   Code   RO          737    .ARM.Collect$$libinit$$00000030  c_w.l(libinit2.o)
    0x080001ae   0x00000002   Code   RO          738    .ARM.Collect$$libinit$$00000031  c_w.l(libinit2.o)
    0x080001b0   0x00000002   Code   RO          859    .ARM.Collect$$libshutdown$$00000000  c_w.l(libshutdown.o)
    0x080001b2   0x00000000   Code   RO          817    .ARM.Collect$$libshutdown$$00000003  c_w.l(libshutdown2.o)
    0x080001b2   0x00000000   Code   RO          820    .ARM.Collect$$libshutdown$$00000006  c_w.l(libshutdown2.o)
    0x080001b2   0x00000000   Code   RO          823    .ARM.Collect$$libshutdown$$00000009  c_w.l(libshutdown2.o)
    0x080001b2   0x00000000   Code   RO          825    .ARM.Collect$$libshutdown$$0000000B  c_w.l(libshutdown2.o)
    0x080001b2   0x00000000   Code   RO          828    .ARM.Collect$$libshutdown$$0000000E  c_w.l(libshutdown2.o)
    0x080001b2   0x00000002   Code   RO          829    .ARM.Collect$$libshutdown$$0000000F  c_w.l(libshutdown2.o)
    0x080001b4   0x00000000   Code   RO          666    .ARM.Collect$$rtentry$$00000000  c_w.l(rtentry.o)
    0x080001b4   0x00000000   Code   RO          745    .ARM.Collect$$rtentry$$00000002  c_w.l(rtentry2.o)
    0x080001b4   0x00000006   Code   RO          757    .ARM.Collect$$rtentry$$00000004  c_w.l(rtentry4.o)
    0x080001ba   0x00000000   Code   RO          747    .ARM.Collect$$rtentry$$00000009  c_w.l(rtentry2.o)
    0x080001ba   0x00000004   Code   RO          748    .ARM.Collect$$rtentry$$0000000A  c_w.l(rtentry2.o)
    0x080001be   0x00000000   Code   RO          750    .ARM.Collect$$rtentry$$0000000C  c_w.l(rtentry2.o)
    0x080001be   0x00000008   Code   RO          751    .ARM.Collect$$rtentry$$0000000D  c_w.l(rtentry2.o)
    0x080001c6   0x00000002   Code   RO          805    .ARM.Collect$$rtexit$$00000000  c_w.l(rtexit.o)
    0x080001c8   0x00000000   Code   RO          833    .ARM.Collect$$rtexit$$00000002  c_w.l(rtexit2.o)
    0x080001c8   0x00000004   Code   RO          834    .ARM.Collect$$rtexit$$00000003  c_w.l(rtexit2.o)
    0x080001cc   0x00000006   Code   RO          835    .ARM.Collect$$rtexit$$00000004  c_w.l(rtexit2.o)
    0x080001d2   0x00000002   PAD
    0x080001d4   0x00000000   Code   RO          761    .emb_text           c_w.l(maybetermalloc1.o)
    0x080001d4   0x000000a8   Code   RO            1    .text               main.o
    0x0800027c   0x00000020   Code   RO          138    .text               stm32f10x_it.o
    0x0800029c   0x00000098   Code   RO          208    .text               stm32_irq_fun.o
    0x08000334   0x000000d8   Code   RO          231    .text               batteryadcread.o
    0x0800040c   0x00000178   Code   RO          245    .text               joystickadcread.o
    0x08000584   0x00000534   Code   RO          269    .text               keyread.o
    0x08000ab8   0x00000858   Code   RO          287    .text               cbctrl.o
    0x08001310   0x0000012c   Code   RO          323    .text               chain.o
    0x0800143c   0x000001b4   Code   RO          344    .text               stm32_adc.o
    0x080015f0   0x00000028   Code   RO          362    .text               stm32_leddisp.o
    0x08001618   0x000000c4   Code   RO          374    .text               stm32_systick.o
    0x080016dc   0x00000298   Code   RO          393    .text               stm32_usartdriver.o
    0x08001974   0x00000508   Code   RO          405    .text               stm32_usartinit.o
    0x08001e7c   0x00000138   Code   RO          423    .text               stm32_timinit.o
    0x08001fb4   0x00000078   Code   RO          435    .text               stm32_gpioinit.o
    0x0800202c   0x000000dc   Code   RO          474    .text               misc.o
    0x08002108   0x0000044e   Code   RO          486    .text               stm32f10x_adc.o
    0x08002556   0x00000002   PAD
    0x08002558   0x00000250   Code   RO          498    .text               stm32f10x_dma.o
    0x080027a8   0x00000358   Code   RO          510    .text               stm32f10x_gpio.o
    0x08002b00   0x000003a4   Code   RO          522    .text               stm32f10x_rcc.o
    0x08002ea4   0x00000e1a   Code   RO          536    .text               stm32f10x_tim.o
    0x08003cbe   0x00000002   PAD
    0x08003cc0   0x00000408   Code   RO          548    .text               stm32f10x_usart.o
    0x080040c8   0x000001dc   Code   RO          571    .text               system_stm32f10x.o
    0x080042a4   0x00000040   Code   RO          592    .text               startup_stm32f10x_hd.o
    0x080042e4   0x0000005e   Code   RO          602    .text               c_w.l(h1_alloc.o)
    0x08004342   0x0000004e   Code   RO          604    .text               c_w.l(h1_free.o)
    0x08004390   0x00000006   Code   RO          660    .text               c_w.l(heapauxi.o)
    0x08004396   0x00000002   PAD
    0x08004398   0x00000008   Code   RO          670    .text               c_w.l(rt_heap_descriptor_intlibspace.o)
    0x080043a0   0x00000004   Code   RO          672    .text               c_w.l(hguard.o)
    0x080043a4   0x0000008a   Code   RO          674    .text               c_w.l(init_alloc.o)
    0x0800442e   0x0000000e   Code   RO          678    .text               c_w.l(h1_init.o)
    0x0800443c   0x00000008   Code   RO          741    .text               c_w.l(libspace.o)
    0x08004444   0x00000034   Code   RO          763    .text               c_w.l(h1_extend.o)
    0x08004478   0x0000000e   Code   RO          767    .text               c_w.l(defsig_rtmem_outer.o)
    0x08004486   0x00000002   Code   RO          778    .text               c_w.l(use_no_semi.o)
    0x08004488   0x00000000   Code   RO          780    .text               c_w.l(indicate_semi.o)
    0x08004488   0x0000004a   Code   RO          781    .text               c_w.l(sys_stackheap_outer.o)
    0x080044d2   0x0000000c   Code   RO          787    .text               c_w.l(exit.o)
    0x080044de   0x0000000a   Code   RO          789    .text               c_w.l(defsig_exit.o)
    0x080044e8   0x00000050   Code   RO          791    .text               c_w.l(defsig_rtmem_inner.o)
    0x08004538   0x0000000c   Code   RO          803    .text               c_w.l(sys_exit.o)
    0x08004544   0x00000032   Code   RO          813    .text               c_w.l(defsig_general.o)
    0x08004576   0x0000000e   Code   RO          830    .text               c_w.l(sys_wrch.o)
    0x08004584   0x00000020   Data   RO          860    Region$$Table       anon$$obj.o


    Execution Region RW_IRAM1 (Base: 0x20000000, Size: 0x00000cf0, Max: 0x0000c000, ABSOLUTE)

    Base Addr    Size         Type   Attr      Idx    E Section Name        Object

    0x20000000   0x00000002   Data   RW          233    .data               batteryadcread.o
    0x20000002   0x00000008   Data   RW          246    .data               joystickadcread.o
    0x2000000a   0x00000002   PAD
    0x2000000c   0x00000008   Data   RW          289    .data               cbctrl.o
    0x20000014   0x00000004   Data   RW          375    .data               stm32_systick.o
    0x20000018   0x00000014   Data   RW          523    .data               stm32f10x_rcc.o
    0x2000002c   0x00000014   Data   RW          572    .data               system_stm32f10x.o
    0x20000040   0x00000078   Zero   RW          232    .bss                batteryadcread.o
    0x200000b8   0x000001e0   Zero   RW          270    .bss                keyread.o
    0x20000298   0x00000038   Zero   RW          288    .bss                cbctrl.o
    0x200002d0   0x00000258   Zero   RW          345    .bss                stm32_adc.o
    0x20000528   0x00000168   Zero   RW          406    .bss                stm32_usartinit.o
    0x20000690   0x00000060   Zero   RW          742    .bss                c_w.l(libspace.o)
    0x200006f0   0x00000200   Zero   RW          590    HEAP                startup_stm32f10x_hd.o
    0x200008f0   0x00000400   Zero   RW          589    STACK               startup_stm32f10x_hd.o


==============================================================================

Image component sizes


      Code (inc. data)   RO Data    RW Data    ZI Data      Debug   Object Name

       216         22          0          2        120        938   batteryadcread.o
      2136         82          0          8         56       6455   cbctrl.o
       300          0          0          0          0       4953   chain.o
         0          0          0          0          0         32   core_cm3.o
       376         20          0          8          0       2116   joystickadcread.o
      1332         40          0          0        480       5302   keyread.o
       168         12          0          0          0     238475   main.o
       220         20          0          0          0       1737   misc.o
        64         26        304          0       1536        776   startup_stm32f10x_hd.o
       436         22          0          0        600       1699   stm32_adc.o
       120         12          0          0          0       1135   stm32_gpioinit.o
       152         16          0          0          0        750   stm32_irq_fun.o
        40          4          0          0          0        467   stm32_leddisp.o
       196         16          0          4          0      17068   stm32_systick.o
       312         10          0          0          0       1063   stm32_timinit.o
       664         12          0          0          0       4894   stm32_usartdriver.o
      1288         72          0          0        360       3818   stm32_usartinit.o
      1102         26          0          0          0      10773   stm32f10x_adc.o
       592          8          0          0          0       4270   stm32f10x_dma.o
       856         40          0          0          0       5589   stm32f10x_gpio.o
        32          0          0          0          0     268418   stm32f10x_it.o
       932         44          0         20          0       8740   stm32f10x_rcc.o
      3610         88          0          0          0      22072   stm32f10x_tim.o
      1032         22          0          0          0       8308   stm32f10x_usart.o
       476         36          0         20          0       1803   system_stm32f10x.o

    ----------------------------------------------------------------------
     16656        650        336         64       3152     621651   Object Totals
         0          0         32          0          0          0   (incl. Generated)
         4          0          0          2          0          0   (incl. Padding)

    ----------------------------------------------------------------------

      Code (inc. data)   RO Data    RW Data    ZI Data      Debug   Library Member Name

         8          0          0          0          0         68   __main.o
        52          8          0          0          0          0   __scatter.o
        26          0          0          0          0          0   __scatter_copy.o
        28          0          0          0          0          0   __scatter_zi.o
        10          0          0          0          0         68   defsig_exit.o
        50          0          0          0          0         88   defsig_general.o
        80         58          0          0          0         76   defsig_rtmem_inner.o
        14          0          0          0          0         80   defsig_rtmem_outer.o
        12          0          0          0          0         72   exit.o
        94          0          0          0          0         80   h1_alloc.o
        52          0          0          0          0         68   h1_extend.o
        78          0          0          0          0         80   h1_free.o
        14          0          0          0          0         84   h1_init.o
         6          0          0          0          0        152   heapauxi.o
         4          0          0          0          0        136   hguard.o
         0          0          0          0          0          0   indicate_semi.o
       138          0          0          0          0        168   init_alloc.o
         2          0          0          0          0          0   libinit.o
        10          0          0          0          0          0   libinit2.o
         2          0          0          0          0          0   libshutdown.o
         2          0          0          0          0          0   libshutdown2.o
         8          4          0          0         96         68   libspace.o
         0          0          0          0          0          0   maybetermalloc1.o
         8          4          0          0          0         68   rt_heap_descriptor_intlibspace.o
         0          0          0          0          0          0   rtentry.o
        12          0          0          0          0          0   rtentry2.o
         6          0          0          0          0          0   rtentry4.o
         2          0          0          0          0          0   rtexit.o
        10          0          0          0          0          0   rtexit2.o
        12          4          0          0          0         68   sys_exit.o
        74          0          0          0          0         80   sys_stackheap_outer.o
        14          0          0          0          0         76   sys_wrch.o
         2          0          0          0          0         68   use_no_semi.o

    ----------------------------------------------------------------------
       836         78          0          0         96       1648   Library Totals
         6          0          0          0          0          0   (incl. Padding)

    ----------------------------------------------------------------------

      Code (inc. data)   RO Data    RW Data    ZI Data      Debug   Library Name

       830         78          0          0         96       1648   c_w.l

    ----------------------------------------------------------------------
       836         78          0          0         96       1648   Library Totals

    ----------------------------------------------------------------------

==============================================================================


      Code (inc. data)   RO Data    RW Data    ZI Data      Debug   

     17492        728        336         64       3248     620335   Grand Totals
     17492        728        336         64       3248     620335   ELF Image Totals
     17492        728        336         64          0          0   ROM Totals

==============================================================================

    Total RO  Size (Code + RO Data)                17828 (  17.41kB)
    Total RW  Size (RW Data + ZI Data)              3312 (   3.23kB)
    Total ROM Size (Code + RO Data + RW Data)      17892 (  17.47kB)

==============================================================================

